Archive member included because of file (symbol)

d:/program files (x86)/dialog semiconductor/smartsnippets/cdt/other/arm-none-eabi/bin/../lib/gcc/arm-none-eabi/4.9.3/armv6-m\libgcc.a(_udivsi3.o)
                              ./sdk/sys_man/sys_clock_mgr.o (__aeabi_uidiv)
d:/program files (x86)/dialog semiconductor/smartsnippets/cdt/other/arm-none-eabi/bin/../lib/gcc/arm-none-eabi/4.9.3/armv6-m\libgcc.a(_dvmd_tls.o)
                              d:/program files (x86)/dialog semiconductor/smartsnippets/cdt/other/arm-none-eabi/bin/../lib/gcc/arm-none-eabi/4.9.3/armv6-m\libgcc.a(_udivsi3.o) (__aeabi_idiv0)
d:/program files (x86)/dialog semiconductor/smartsnippets/cdt/other/arm-none-eabi/bin/../lib/gcc/arm-none-eabi/4.9.3/../../../../arm-none-eabi/lib/armv6-m\libg_nano.a(lib_a-exit.o)
                              d:/program files (x86)/dialog semiconductor/smartsnippets/cdt/other/arm-none-eabi/bin/../lib/gcc/arm-none-eabi/4.9.3/../../../../arm-none-eabi/lib/armv6-m/crt0.o (exit)
d:/program files (x86)/dialog semiconductor/smartsnippets/cdt/other/arm-none-eabi/bin/../lib/gcc/arm-none-eabi/4.9.3/../../../../arm-none-eabi/lib/armv6-m\libg_nano.a(lib_a-fflush.o)
                              ./main.o (fflush)
d:/program files (x86)/dialog semiconductor/smartsnippets/cdt/other/arm-none-eabi/bin/../lib/gcc/arm-none-eabi/4.9.3/../../../../arm-none-eabi/lib/armv6-m\libg_nano.a(lib_a-findfp.o)
                              d:/program files (x86)/dialog semiconductor/smartsnippets/cdt/other/arm-none-eabi/bin/../lib/gcc/arm-none-eabi/4.9.3/../../../../arm-none-eabi/lib/armv6-m\libg_nano.a(lib_a-fflush.o) (__sinit)
d:/program files (x86)/dialog semiconductor/smartsnippets/cdt/other/arm-none-eabi/bin/../lib/gcc/arm-none-eabi/4.9.3/../../../../arm-none-eabi/lib/armv6-m\libg_nano.a(lib_a-fwalk.o)
                              d:/program files (x86)/dialog semiconductor/smartsnippets/cdt/other/arm-none-eabi/bin/../lib/gcc/arm-none-eabi/4.9.3/../../../../arm-none-eabi/lib/armv6-m\libg_nano.a(lib_a-findfp.o) (_fwalk)
d:/program files (x86)/dialog semiconductor/smartsnippets/cdt/other/arm-none-eabi/bin/../lib/gcc/arm-none-eabi/4.9.3/../../../../arm-none-eabi/lib/armv6-m\libg_nano.a(lib_a-impure.o)
                              d:/program files (x86)/dialog semiconductor/smartsnippets/cdt/other/arm-none-eabi/bin/../lib/gcc/arm-none-eabi/4.9.3/../../../../arm-none-eabi/lib/armv6-m\libg_nano.a(lib_a-exit.o) (_global_impure_ptr)
d:/program files (x86)/dialog semiconductor/smartsnippets/cdt/other/arm-none-eabi/bin/../lib/gcc/arm-none-eabi/4.9.3/../../../../arm-none-eabi/lib/armv6-m\libg_nano.a(lib_a-init.o)
                              d:/program files (x86)/dialog semiconductor/smartsnippets/cdt/other/arm-none-eabi/bin/../lib/gcc/arm-none-eabi/4.9.3/../../../../arm-none-eabi/lib/armv6-m/crt0.o (__libc_init_array)
d:/program files (x86)/dialog semiconductor/smartsnippets/cdt/other/arm-none-eabi/bin/../lib/gcc/arm-none-eabi/4.9.3/../../../../arm-none-eabi/lib/armv6-m\libg_nano.a(lib_a-memcmp.o)
                              ./sdk/free_rtos/tasks.o (memcmp)
d:/program files (x86)/dialog semiconductor/smartsnippets/cdt/other/arm-none-eabi/bin/../lib/gcc/arm-none-eabi/4.9.3/../../../../arm-none-eabi/lib/armv6-m\libg_nano.a(lib_a-memcpy.o)
                              ./sdk/osal/msg_queues.o (memcpy)
d:/program files (x86)/dialog semiconductor/smartsnippets/cdt/other/arm-none-eabi/bin/../lib/gcc/arm-none-eabi/4.9.3/../../../../arm-none-eabi/lib/armv6-m\libg_nano.a(lib_a-memset.o)
                              d:/program files (x86)/dialog semiconductor/smartsnippets/cdt/other/arm-none-eabi/bin/../lib/gcc/arm-none-eabi/4.9.3/../../../../arm-none-eabi/lib/armv6-m/crt0.o (memset)
d:/program files (x86)/dialog semiconductor/smartsnippets/cdt/other/arm-none-eabi/bin/../lib/gcc/arm-none-eabi/4.9.3/../../../../arm-none-eabi/lib/armv6-m\libg_nano.a(lib_a-nano-freer.o)
                              d:/program files (x86)/dialog semiconductor/smartsnippets/cdt/other/arm-none-eabi/bin/../lib/gcc/arm-none-eabi/4.9.3/../../../../arm-none-eabi/lib/armv6-m\libg_nano.a(lib_a-fflush.o) (_free_r)
d:/program files (x86)/dialog semiconductor/smartsnippets/cdt/other/arm-none-eabi/bin/../lib/gcc/arm-none-eabi/4.9.3/../../../../arm-none-eabi/lib/armv6-m\libg_nano.a(lib_a-nano-mallocr.o)
                              d:/program files (x86)/dialog semiconductor/smartsnippets/cdt/other/arm-none-eabi/bin/../lib/gcc/arm-none-eabi/4.9.3/../../../../arm-none-eabi/lib/armv6-m\libg_nano.a(lib_a-findfp.o) (_malloc_r)
d:/program files (x86)/dialog semiconductor/smartsnippets/cdt/other/arm-none-eabi/bin/../lib/gcc/arm-none-eabi/4.9.3/../../../../arm-none-eabi/lib/armv6-m\libg_nano.a(lib_a-putchar.o)
                              ./main.o (putchar)
d:/program files (x86)/dialog semiconductor/smartsnippets/cdt/other/arm-none-eabi/bin/../lib/gcc/arm-none-eabi/4.9.3/../../../../arm-none-eabi/lib/armv6-m\libg_nano.a(lib_a-puts.o)
                              ./main.o (puts)
[...]
Memory Configuration

Name             Origin             Length             Attributes
ROM              0x08000000         0x00010000         xr
RetRAM0          0x07fc7800         0x00006000         xrw
RetRAM1          0x00000000         0x00000000         xrw
RAM              0x07fc0100         0x00007700         rw
*default*        0x00000000         0xffffffff

Linker script and memory map

LOAD d:/program files (x86)/dialog semiconductor/smartsnippets/cdt/other/arm-none-eabi/bin/../lib/gcc/arm-none-eabi/4.9.3/armv6-m/crti.o
LOAD d:/program files (x86)/dialog semiconductor/smartsnippets/cdt/other/arm-none-eabi/bin/../lib/gcc/arm-none-eabi/4.9.3/armv6-m/crtbegin.o
LOAD d:/program files (x86)/dialog semiconductor/smartsnippets/cdt/other/arm-none-eabi/bin/../lib/gcc/arm-none-eabi/4.9.3/../../../../arm-none-eabi/lib/armv6-m/crt0.o
LOAD ./startup/config.o
LOAD ./startup/startup_ARMCM0.o
LOAD ./startup/system_ARMCM0.o
LOAD ./startup/vector_table.o
LOAD ./sdk/sys_man/sys_charger.o
LOAD ./sdk/sys_man/sys_clock_mgr.o
LOAD ./sdk/sys_man/sys_power_mgr.o
LOAD ./sdk/sys_man/sys_rtc.o
LOAD ./sdk/sys_man/sys_watchdog.o
LOAD ./sdk/peripherals/src/hw_aes_hash.o
LOAD ./sdk/peripherals/src/hw_cpm.o
LOAD ./sdk/peripherals/src/hw_dma.o
LOAD ./sdk/peripherals/src/hw_fem_sky66112-11.o
LOAD ./sdk/peripherals/src/hw_gpadc.o
LOAD ./sdk/peripherals/src/hw_gpio.o
LOAD ./sdk/peripherals/src/hw_hard_fault.o
LOAD ./sdk/peripherals/src/hw_i2c.o
LOAD ./sdk/peripherals/src/hw_irgen.o
LOAD ./sdk/peripherals/src/hw_keyboard_scanner.o
LOAD ./sdk/peripherals/src/hw_otpc.o
LOAD ./sdk/peripherals/src/hw_qspi.o
LOAD ./sdk/peripherals/src/hw_quad.o
LOAD ./sdk/peripherals/src/hw_rf.o
LOAD ./sdk/peripherals/src/hw_soc.o
LOAD ./sdk/peripherals/src/hw_spi.o
LOAD ./sdk/peripherals/src/hw_tempsens.o
LOAD ./sdk/peripherals/src/hw_timer0.o
LOAD ./sdk/peripherals/src/hw_timer1.o
LOAD ./sdk/peripherals/src/hw_timer2.o
LOAD ./sdk/peripherals/src/hw_trng.o
LOAD ./sdk/peripherals/src/hw_uart.o
LOAD ./sdk/peripherals/src/hw_usb_charger.o
LOAD ./sdk/peripherals/src/hw_watchdog.o
LOAD ./sdk/peripherals/src/hw_wkup.o
LOAD ./sdk/peripherals/src/sys_tcs.o
LOAD ./sdk/osal/msg_queues.o
LOAD ./sdk/osal/resmgmt.o
LOAD ./sdk/memory/src/qspi_automode.o
LOAD ./sdk/free_rtos/portable/MemMang/heap_4.o
LOAD ./sdk/free_rtos/portable/GCC/ARM_CM0/port.o
LOAD ./sdk/free_rtos/croutine.o
LOAD ./sdk/free_rtos/event_groups.o
LOAD ./sdk/free_rtos/list.o
LOAD ./sdk/free_rtos/queue.o
LOAD ./sdk/free_rtos/tasks.o
LOAD ./sdk/free_rtos/timers.o
LOAD ./sdk/adapters/src/ad_battery.o
LOAD ./sdk/adapters/src/ad_flash.o
LOAD ./sdk/adapters/src/ad_gpadc.o
LOAD ./sdk/adapters/src/ad_i2c.o
LOAD ./sdk/adapters/src/ad_nvms.o
LOAD ./sdk/adapters/src/ad_nvms_direct.o
LOAD ./sdk/adapters/src/ad_nvms_ves.o
LOAD ./sdk/adapters/src/ad_nvparam.o
LOAD ./sdk/adapters/src/ad_rf.o
LOAD ./sdk/adapters/src/ad_spi.o
LOAD ./sdk/adapters/src/ad_temp_sens.o
LOAD ./sdk/adapters/src/ad_uart.o
LOAD ./sdk/adapters/src/ad_uart_ble.o
LOAD ./main.o
START GROUP
LOAD d:/program files (x86)/dialog semiconductor/smartsnippets/cdt/other/arm-none-eabi/bin/../lib/gcc/arm-none-eabi/4.9.3/armv6-m\libgcc.a
LOAD d:/program files (x86)/dialog semiconductor/smartsnippets/cdt/other/arm-none-eabi/bin/../lib/gcc/arm-none-eabi/4.9.3/../../../../arm-none-eabi/lib/armv6-m\libg_nano.a
LOAD d:/program files (x86)/dialog semiconductor/smartsnippets/cdt/other/arm-none-eabi/bin/../lib/gcc/arm-none-eabi/4.9.3/../../../../arm-none-eabi/lib/armv6-m\libc_nano.a
END GROUP
START GROUP
LOAD d:/program files (x86)/dialog semiconductor/smartsnippets/cdt/other/arm-none-eabi/bin/../lib/gcc/arm-none-eabi/4.9.3/armv6-m\libgcc.a
LOAD d:/program files (x86)/dialog semiconductor/smartsnippets/cdt/other/arm-none-eabi/bin/../lib/gcc/arm-none-eabi/4.9.3/../../../../arm-none-eabi/lib/armv6-m\libc_nano.a
LOAD d:/program files (x86)/dialog semiconductor/smartsnippets/cdt/other/arm-none-eabi/bin/../lib/gcc/arm-none-eabi/4.9.3/../../../../arm-none-eabi/lib/armv6-m\libnosys.a
END GROUP
START GROUP
LOAD d:/program files (x86)/dialog semiconductor/smartsnippets/cdt/other/arm-none-eabi/bin/../lib/gcc/arm-none-eabi/4.9.3/armv6-m\libgcc.a
LOAD d:/program files (x86)/dialog semiconductor/smartsnippets/cdt/other/arm-none-eabi/bin/../lib/gcc/arm-none-eabi/4.9.3/../../../../arm-none-eabi/lib/armv6-m\libc_nano.a
LOAD d:/program files (x86)/dialog semiconductor/smartsnippets/cdt/other/arm-none-eabi/bin/../lib/gcc/arm-none-eabi/4.9.3/../../../../arm-none-eabi/lib/armv6-m\libnosys.a
END GROUP
LOAD d:/program files (x86)/dialog semiconductor/smartsnippets/cdt/other/arm-none-eabi/bin/../lib/gcc/arm-none-eabi/4.9.3/armv6-m/crtend.o
LOAD d:/program files (x86)/dialog semiconductor/smartsnippets/cdt/other/arm-none-eabi/bin/../lib/gcc/arm-none-eabi/4.9.3/armv6-m/crtn.o

.text           0x08000000     0x555c
 *(.isr_vector)
 .isr_vector    0x08000000       0xc0 ./startup/vector_table.o
                0x08000000                __isr_vector
                0x000000c0                . = 0xc0
 *(.patch_table)
 .patch_table   0x080000c0       0x40 ./startup/vector_table.o
                0x080000c0                __patch_table_start
                0x00000100                . = 0x100
 *(.patch_table_flash)
                0x00000130                . = 0x130
 *fill*         0x08000100       0x30 
 *(.default_patch_code_handler_section)
 .default_patch_code_handler_section
                0x08000130        0x4 ./startup/vector_table.o
                0x08000130                Default_Patch_Code_Handler
 *(EXCLUDE_FILE(*libgcc.a:_clzsi2.o *libgcc.a:_clzdi2.o *libgcc.a:_udivdi3.o *libgcc.a:bpabi.o *libgcc.a:_dvmd_tls.o *libgcc.a:_muldi3.o *libgcc.a:_aeabi_uldivmod.o) .text*)
 .text          0x08000134       0x60 d:/program files (x86)/dialog semiconductor/smartsnippets/cdt/other/arm-none-eabi/bin/../lib/gcc/arm-none-eabi/4.9.3/armv6-m/crtbegin.o
 .text          0x08000194       0x78 d:/program files (x86)/dialog semiconductor/smartsnippets/cdt/other/arm-none-eabi/bin/../lib/gcc/arm-none-eabi/4.9.3/../../../../arm-none-eabi/lib/armv6-m/crt0.o
                0x08000194                _start
                0x08000194                _mainCRTStartup
 .text.set_interrupt_priorities
                0x0800020c       0xb0 ./startup/config.o
                0x0800020c                set_interrupt_priorities
 .text.retarget_init
                0x080002bc       0x28 ./startup/config.o
                0x080002bc                retarget_init
 .text._write   0x080002e4       0x30 ./startup/config.o
                0x080002e4                _write
 .text._read    0x08000314       0x34 ./startup/config.o
                0x08000314                _read
 .text          0x08000348       0xac ./startup/startup_ARMCM0.o
                0x08000348                Reset_Handler
                0x080003e4                TRNG_Handler
                0x080003e4                SPI_Handler
                0x080003e4                SysTick_Handler
                0x080003e4                RFCAL_Handler
                0x080003e4                DCDC_Handler
                0x080003e4                BLE_GEN_Handler
                0x080003e4                SRC_IN_Handler
                0x080003e4                CRYPTO_Handler
                0x080003e4                QUADEC_Handler
                0x080003e4                BLE_WAKEUP_LP_Handler
                0x080003e4                MRM_Handler
                0x080003e4                USB_Handler
                0x080003e4                PCM_Handler
                0x080003e4                IRGEN_Handler
                0x080003e4                SRC_OUT_Handler
                0x080003e4                I2C_Handler
                0x080003e4                COEX_Handler
                0x080003e4                Default_Handler
                0x080003e4                SPI2_Handler
                0x080003e4                I2C2_Handler
                0x080003e4                RESERVED31_Handler
                0x080003e4                FTDF_GEN_Handler
                0x080003e4                RF_DIAG_Handler
                0x080003e4                KEYBRD_Handler
                0x080003e4                SWTIM0_Handler
                0x080003e4                FTDF_WAKEUP_Handler
                0x080003f0                SVC_Handler
 .text.is_compatible_chip_version
                0x080003f4       0x24 ./startup/system_ARMCM0.o
 .text.apply_trim_values_from_flash
                0x08000418       0x40 ./startup/system_ARMCM0.o
 .text.apply_trim_values_from_otp
                0x08000458      0x128 ./startup/system_ARMCM0.o
 .text.write_flash
                0x08000580       0x20 ./startup/system_ARMCM0.o
 .text.SystemInit
                0x080005a0       0xf4 ./startup/system_ARMCM0.o
                0x080005a0                SystemInit
 .text.SystemInitPost
                0x08000694      0x214 ./startup/system_ARMCM0.o
                0x08000694                SystemInitPost
 .text.black_orca_phy_addr
                0x080008a8       0x24 ./startup/system_ARMCM0.o
                0x080008a8                black_orca_phy_addr
 .text.measure_vbat_basic_via_lld
                0x080008cc       0x98 ./sdk/sys_man/sys_charger.o
 .text.usb_charger_is_battery_low
                0x08000964       0x18 ./sdk/sys_man/sys_charger.o
                0x08000964                usb_charger_is_battery_low
 .text.cm_adjust_otp_access_timings
                0x0800097c       0x4c ./sdk/sys_man/sys_clock_mgr.o
 .text.switch_to_rc16
                0x080009c8       0x20 ./sdk/sys_man/sys_clock_mgr.o
 .text.switch_to_xtal16
                0x080009e8       0x48 ./sdk/sys_man/sys_clock_mgr.o
 .text.switch_to_pll
                0x08000a30       0x5c ./sdk/sys_man/sys_clock_mgr.o
 .text.vLPTimerCallback
                0x08000a8c       0x5c ./sdk/sys_man/sys_clock_mgr.o
 .text.cm_check_xtal_startup
                0x08000ae8       0x18 ./sdk/sys_man/sys_clock_mgr.o
                0x08000ae8                cm_check_xtal_startup
 .text.cm_clk_init_low_level
                0x08000b00       0x88 ./sdk/sys_man/sys_clock_mgr.o
                0x08000b00                cm_clk_init_low_level
 .text.cm_apb_set_clock_divider
                0x08000b88       0x74 ./sdk/sys_man/sys_clock_mgr.o
                0x08000b88                cm_apb_set_clock_divider
 .text.cm_ahb_set_clock_divider
                0x08000bfc       0xc8 ./sdk/sys_man/sys_clock_mgr.o
                0x08000bfc                cm_ahb_set_clock_divider
 .text.cm_sys_clk_get_fromISR
                0x08000cc4       0x44 ./sdk/sys_man/sys_clock_mgr.o
                0x08000cc4                cm_sys_clk_get_fromISR
 .text.cm_apb_get_clock_divider
                0x08000d08       0x48 ./sdk/sys_man/sys_clock_mgr.o
                0x08000d08                cm_apb_get_clock_divider
 .text.cm_ahb_get_clock_divider
                0x08000d50       0x50 ./sdk/sys_man/sys_clock_mgr.o
                0x08000d50                cm_ahb_get_clock_divider
 .text.cm_ahb_get_clock_divider_fromISR
                0x08000da0        0xc ./sdk/sys_man/sys_clock_mgr.o
                0x08000da0                cm_ahb_get_clock_divider_fromISR
 .text.cm_cpu_clk_get_fromISR
                0x08000dac       0x24 ./sdk/sys_man/sys_clock_mgr.o
                0x08000dac                cm_cpu_clk_get_fromISR
 .text.cm_lp_clk_timer_start
                0x08000dd0       0x30 ./sdk/sys_man/sys_clock_mgr.o
                0x08000dd0                cm_lp_clk_timer_start
 .text.cm_lp_clk_init
                0x08000e00       0x70 ./sdk/sys_man/sys_clock_mgr.o
                0x08000e00                cm_lp_clk_init
 .text.cm_lp_clk_is_avail
                0x08000e70       0x30 ./sdk/sys_man/sys_clock_mgr.o
                0x08000e70                cm_lp_clk_is_avail
 .text.cm_lower_all_clocks
                0x08000ea0       0xdc ./sdk/sys_man/sys_clock_mgr.o
                0x08000ea0                cm_lower_all_clocks
 .text.cm_sys_clk_init
                0x08000f7c       0xd8 ./sdk/sys_man/sys_clock_mgr.o
                0x08000f7c                cm_sys_clk_init
 .text.switch_to_xtal16_safe
                0x08001054       0x34 ./sdk/sys_man/sys_clock_mgr.o
 .text.cm_sys_clk_sleep
                0x08001088      0x148 ./sdk/sys_man/sys_clock_mgr.o
                0x08001088                cm_sys_clk_sleep
 .text.xtal16m_is_ready
                0x080011d0       0x7c ./sdk/sys_man/sys_clock_mgr.o
 .text.XTAL16RDY_Handler
                0x0800124c       0x3c ./sdk/sys_man/sys_clock_mgr.o
                0x0800124c                XTAL16RDY_Handler
 .text.cm_sys_clk_wakeup
                0x08001288       0x1c ./sdk/sys_man/sys_clock_mgr.o
                0x08001288                cm_sys_clk_wakeup
 .text.cm_sys_xtal16m_running
                0x080012a4       0x10 ./sdk/sys_man/sys_clock_mgr.o
                0x080012a4                cm_sys_xtal16m_running
 .text.pm_init_wake_up
                0x080012b4       0xf8 ./sdk/sys_man/sys_power_mgr.o
 .text.pm_wakeup
                0x080013ac       0x3c ./sdk/sys_man/sys_power_mgr.o
 .text.pm_system_init
                0x080013e8      0x158 ./sdk/sys_man/sys_power_mgr.o
                0x080013e8                pm_system_init
 .text.WKUP_GPIO_Handler
                0x08001540       0x14 ./sdk/sys_man/sys_power_mgr.o
                0x08001540                WKUP_GPIO_Handler
 .text.pm_system_wake_up
                0x08001554       0x78 ./sdk/sys_man/sys_power_mgr.o
                0x08001554                pm_system_wake_up
 .text.rtc_get_fromISR
                0x080015cc       0x40 ./sdk/sys_man/sys_rtc.o
                0x080015cc                rtc_get_fromISR
 .text.hw_cpm_sysclk_is_rc16
                0x0800160c       0x18 ./sdk/peripherals/src/hw_cpm.o
                0x0800160c                hw_cpm_sysclk_is_rc16
 .text.hw_cpm_sysclk_is_xtal16m
                0x08001624       0x14 ./sdk/peripherals/src/hw_cpm.o
                0x08001624                hw_cpm_sysclk_is_xtal16m
 .text.hw_cpm_set_divn
                0x08001638       0x28 ./sdk/peripherals/src/hw_cpm.o
                0x08001638                hw_cpm_set_divn
 .text.hw_cpm_set_sysclk
                0x08001660       0x78 ./sdk/peripherals/src/hw_cpm.o
                0x08001660                hw_cpm_set_sysclk
 .text.hw_cpm_pll_sys_on
                0x080016d8       0x44 ./sdk/peripherals/src/hw_cpm.o
                0x080016d8                hw_cpm_pll_sys_on
 .text.hw_cpm_pll_sys_off
                0x0800171c       0x18 ./sdk/peripherals/src/hw_cpm.o
                0x0800171c                hw_cpm_pll_sys_off
 .text.hw_cpm_start_calibration
                0x08001734       0x44 ./sdk/peripherals/src/hw_cpm.o
                0x08001734                hw_cpm_start_calibration
 .text.hw_cpm_dcdc_config
                0x08001778       0x98 ./sdk/peripherals/src/hw_cpm.o
                0x08001778                hw_cpm_dcdc_config
 .text.hw_cpm_dcdc_on
                0x08001810       0x78 ./sdk/peripherals/src/hw_cpm.o
                0x08001810                hw_cpm_dcdc_on
 .text.hw_cpm_set_preferred_values
                0x08001888       0x38 ./sdk/peripherals/src/hw_cpm.o
                0x08001888                hw_cpm_set_preferred_values
 .text.hw_cpm_configure_xtal32k_pins
                0x080018c0       0x10 ./sdk/peripherals/src/hw_cpm.o
                0x080018c0                hw_cpm_configure_xtal32k_pins
 .text.hw_cpm_activate_bod_protection_at_init
                0x080018d0       0x34 ./sdk/peripherals/src/hw_cpm.o
                0x080018d0                hw_cpm_activate_bod_protection_at_init
 .text.hw_dma_channel_initialization
                0x08001904      0x1b0 ./sdk/peripherals/src/hw_dma.o
                0x08001904                hw_dma_channel_initialization
 .text.hw_dma_channel_enable
                0x08001ab4       0x50 ./sdk/peripherals/src/hw_dma.o
                0x08001ab4                hw_dma_channel_enable
 .text.hw_dma_channel_active
                0x08001b04       0x34 ./sdk/peripherals/src/hw_dma.o
                0x08001b04                hw_dma_channel_active
 .text.DMA_Handler
                0x08001b38       0xc0 ./sdk/peripherals/src/hw_dma.o
                0x08001b38                DMA_Handler
 .text.hw_gpadc_reset
                0x08001bf8       0x24 ./sdk/peripherals/src/hw_gpadc.o
                0x08001bf8                hw_gpadc_reset
 .text.hw_gpadc_adc_measure
                0x08001c1c       0x20 ./sdk/peripherals/src/hw_gpadc.o
                0x08001c1c                hw_gpadc_adc_measure
 .text.ADC_Handler
                0x08001c3c       0x20 ./sdk/peripherals/src/hw_gpadc.o
                0x08001c3c                ADC_Handler
 .text.hw_gpio_set_pin_function
                0x08001c5c       0x18 ./sdk/peripherals/src/hw_gpio.o
                0x08001c5c                hw_gpio_set_pin_function
 .text.hw_otpc_disable
                0x08001c74       0x8c ./sdk/peripherals/src/hw_otpc.o
                0x08001c74                hw_otpc_disable
 .text.hw_otpc_manual_read_on
                0x08001d00       0x50 ./sdk/peripherals/src/hw_otpc.o
                0x08001d00                hw_otpc_manual_read_on
 .text.hw_otpc_manual_read_off
                0x08001d50       0x44 ./sdk/peripherals/src/hw_otpc.o
                0x08001d50                hw_otpc_manual_read_off
 .text.hw_qspi_set_read_status_instruction
                0x08001d94       0x68 ./sdk/peripherals/src/hw_qspi.o
                0x08001d94                hw_qspi_set_read_status_instruction
 .text.hw_qspi_set_erase_instruction
                0x08001dfc       0x58 ./sdk/peripherals/src/hw_qspi.o
                0x08001dfc                hw_qspi_set_erase_instruction
 .text.hw_qspi_set_write_enable_instruction
                0x08001e54       0x28 ./sdk/peripherals/src/hw_qspi.o
                0x08001e54                hw_qspi_set_write_enable_instruction
 .text.hw_qspi_set_suspend_resume_instructions
                0x08001e7c       0x44 ./sdk/peripherals/src/hw_qspi.o
                0x08001e7c                hw_qspi_set_suspend_resume_instructions
 .text.hw_qspi_set_break_sequence
                0x08001ec0       0x30 ./sdk/peripherals/src/hw_qspi.o
                0x08001ec0                hw_qspi_set_break_sequence
 .text.hw_timer1_lp_clk_init
                0x08001ef0       0x50 ./sdk/peripherals/src/hw_timer1.o
                0x08001ef0                hw_timer1_lp_clk_init
 .text.hw_uart_fire_callback
                0x08001f40       0x68 ./sdk/peripherals/src/hw_uart.o
 .text.hw_uart_irq_stop_receive
                0x08001fa8       0x60 ./sdk/peripherals/src/hw_uart.o
 .text.hw_uart_rx_dma_callback
                0x08002008       0x6c ./sdk/peripherals/src/hw_uart.o
 .text.hw_uart_tx_dma_callback
                0x08002074       0x14 ./sdk/peripherals/src/hw_uart.o
 .text.hw_uart_read
                0x08002088        0xc ./sdk/peripherals/src/hw_uart.o
                0x08002088                hw_uart_read
 .text.hw_uart_write
                0x08002094        0xc ./sdk/peripherals/src/hw_uart.o
                0x08002094                hw_uart_write
 .text.hw_uart_write_buffer
                0x080020a0       0x20 ./sdk/peripherals/src/hw_uart.o
                0x080020a0                hw_uart_write_buffer
 .text.hw_uart_send
                0x080020c0       0xb4 ./sdk/peripherals/src/hw_uart.o
                0x080020c0                hw_uart_send
 .text.hw_uart_set_dma_channels_ex
                0x08002174      0x1dc ./sdk/peripherals/src/hw_uart.o
                0x08002174                hw_uart_set_dma_channels_ex
 .text.hw_uart_init
                0x08002350      0x1a4 ./sdk/peripherals/src/hw_uart.o
                0x08002350                hw_uart_init
 .text.hw_uart_thr_empty_getf
                0x080024f4        0x8 ./sdk/peripherals/src/hw_uart.o
                0x080024f4                hw_uart_thr_empty_getf
 .text.UART_Interrupt_Handler
                0x080024fc      0x184 ./sdk/peripherals/src/hw_uart.o
                0x080024fc                UART_Interrupt_Handler
 .text.UART_Handler
                0x08002680       0x10 ./sdk/peripherals/src/hw_uart.o
                0x08002680                UART_Handler
 .text.UART2_Handler
                0x08002690       0x10 ./sdk/peripherals/src/hw_uart.o
                0x08002690                UART2_Handler
 .text.hw_charger_check_vbus
                0x080026a0       0x28 ./sdk/peripherals/src/hw_usb_charger.o
                0x080026a0                hw_charger_check_vbus
 .text.VBUS_Handler
                0x080026c8        0x4 ./sdk/peripherals/src/hw_usb_charger.o
                0x080026c8                VBUS_Handler
 .text.hw_wkup_handler
                0x080026cc       0x20 ./sdk/peripherals/src/hw_wkup.o
                0x080026cc                hw_wkup_handler
 .text.apply_pair
                0x080026ec       0x10 ./sdk/peripherals/src/sys_tcs.o
 .text.apply_entry
                0x080026fc       0x20 ./sdk/peripherals/src/sys_tcs.o
 .text.store_in_array
                0x0800271c       0x20 ./sdk/peripherals/src/sys_tcs.o
 .text.swap_entries
                0x0800273c       0x30 ./sdk/peripherals/src/sys_tcs.o
 .text.sys_tcs_sort_area
                0x0800276c       0x88 ./sdk/peripherals/src/sys_tcs.o
 .text.sys_tcs_init
                0x080027f4       0x20 ./sdk/peripherals/src/sys_tcs.o
                0x080027f4                sys_tcs_init
 .text.sys_tcs_store_pair
                0x08002814       0xc4 ./sdk/peripherals/src/sys_tcs.o
                0x08002814                sys_tcs_store_pair
 .text.sys_tcs_sort_array
                0x080028d8      0x11c ./sdk/peripherals/src/sys_tcs.o
                0x080028d8                sys_tcs_sort_array
 .text.sys_tcs_apply
                0x080029f4       0x28 ./sdk/peripherals/src/sys_tcs.o
                0x080029f4                sys_tcs_apply
 .text.resource_init
                0x08002a1c       0x44 ./sdk/osal/resmgmt.o
                0x08002a1c                resource_init
 .text.qspi_automode_writable
                0x08002a60        0x8 ./sdk/memory/src/qspi_automode.o
                0x08002a60                qspi_automode_writable
 .text.qspi_automode_write_flash_page
                0x08002a68       0x1c ./sdk/memory/src/qspi_automode.o
                0x08002a68                qspi_automode_write_flash_page
 .text.qspi_automode_erase_flash_sector
                0x08002a84       0x14 ./sdk/memory/src/qspi_automode.o
                0x08002a84                qspi_automode_erase_flash_sector
 .text.qspi_automode_init
                0x08002a98       0x98 ./sdk/memory/src/qspi_automode.o
                0x08002a98                qspi_automode_init
 .text.prvHeapInit
                0x08002b30       0x50 ./sdk/free_rtos/portable/MemMang/heap_4.o
 .text.prvInsertBlockIntoFreeList
                0x08002b80       0x50 ./sdk/free_rtos/portable/MemMang/heap_4.o
 .text.pvPortMalloc
                0x08002bd0       0xcc ./sdk/free_rtos/portable/MemMang/heap_4.o
                0x08002bd0                pvPortMalloc
 .text.vPortFree
                0x08002c9c       0x60 ./sdk/free_rtos/portable/MemMang/heap_4.o
                0x08002c9c                vPortFree
 .text.vPortStartFirstTask
                0x08002cfc       0x20 ./sdk/free_rtos/portable/GCC/ARM_CM0/port.o
 .text.prvTaskExitError
                0x08002d1c       0x1c ./sdk/free_rtos/portable/GCC/ARM_CM0/port.o
 .text.prvSetupTimerInterrupt
                0x08002d38       0x7c ./sdk/free_rtos/portable/GCC/ARM_CM0/port.o
 .text.pxPortInitialiseStack
                0x08002db4       0x20 ./sdk/free_rtos/portable/GCC/ARM_CM0/port.o
                0x08002db4                pxPortInitialiseStack
 .text.xPortStartScheduler
                0x08002dd4       0x34 ./sdk/free_rtos/portable/GCC/ARM_CM0/port.o
                0x08002dd4                xPortStartScheduler
 .text.vPortYield
                0x08002e08       0x18 ./sdk/free_rtos/portable/GCC/ARM_CM0/port.o
                0x08002e08                vPortYield
 .text.vPortEnterCritical
                0x08002e20       0x18 ./sdk/free_rtos/portable/GCC/ARM_CM0/port.o
                0x08002e20                vPortEnterCritical
 .text.vPortExitCritical
                0x08002e38       0x24 ./sdk/free_rtos/portable/GCC/ARM_CM0/port.o
                0x08002e38                vPortExitCritical
 .text.ulSetInterruptMaskFromISR
                0x08002e5c        0xc ./sdk/free_rtos/portable/GCC/ARM_CM0/port.o
                0x08002e5c                ulSetInterruptMaskFromISR
 .text.vClearInterruptMaskFromISR
                0x08002e68        0x8 ./sdk/free_rtos/portable/GCC/ARM_CM0/port.o
                0x08002e68                vClearInterruptMaskFromISR
 .text.PendSV_Handler
                0x08002e70       0x44 ./sdk/free_rtos/portable/GCC/ARM_CM0/port.o
                0x08002e70                PendSV_Handler
 .text.xPortTickAdvance
                0x08002eb4       0x18 ./sdk/free_rtos/portable/GCC/ARM_CM0/port.o
                0x08002eb4                xPortTickAdvance
 .text.prvSystemSleep
                0x08002ecc       0x54 ./sdk/free_rtos/portable/GCC/ARM_CM0/port.o
                0x08002ecc                prvSystemSleep
 .text.xEventGroupCreate
                0x08002f20       0x18 ./sdk/free_rtos/event_groups.o
                0x08002f20                xEventGroupCreate
 .text.xEventGroupClearBits
                0x08002f38       0x34 ./sdk/free_rtos/event_groups.o
                0x08002f38                xEventGroupClearBits
 .text.vEventGroupClearBitsCallback
                0x08002f6c        0x8 ./sdk/free_rtos/event_groups.o
                0x08002f6c                vEventGroupClearBitsCallback
 .text.xEventGroupClearBitsFromISR
                0x08002f74       0x18 ./sdk/free_rtos/event_groups.o
                0x08002f74                xEventGroupClearBitsFromISR
 .text.xEventGroupSetBits
                0x08002f8c       0x84 ./sdk/free_rtos/event_groups.o
                0x08002f8c                xEventGroupSetBits
 .text.vEventGroupSetBitsCallback
                0x08003010        0x8 ./sdk/free_rtos/event_groups.o
                0x08003010                vEventGroupSetBitsCallback
 .text.xEventGroupSetBitsFromISR
                0x08003018       0x18 ./sdk/free_rtos/event_groups.o
                0x08003018                xEventGroupSetBitsFromISR
 .text.vListInitialise
                0x08003030       0x18 ./sdk/free_rtos/list.o
                0x08003030                vListInitialise
 .text.vListInitialiseItem
                0x08003048        0x8 ./sdk/free_rtos/list.o
                0x08003048                vListInitialiseItem
 .text.vListInsertEnd
                0x08003050       0x18 ./sdk/free_rtos/list.o
                0x08003050                vListInsertEnd
 .text.vListInsert
                0x08003068       0x30 ./sdk/free_rtos/list.o
                0x08003068                vListInsert
 .text.uxListRemove
                0x08003098       0x24 ./sdk/free_rtos/list.o
                0x08003098                uxListRemove
 .text.prvIsQueueFull
                0x080030bc       0x20 ./sdk/free_rtos/queue.o
 .text.prvIsQueueEmpty
                0x080030dc       0x1c ./sdk/free_rtos/queue.o
 .text.prvCopyDataToQueue
                0x080030f8       0x88 ./sdk/free_rtos/queue.o
 .text.prvNotifyQueueSetContainer
                0x08003180       0x64 ./sdk/free_rtos/queue.o
 .text.prvCopyDataFromQueue
                0x080031e4       0x24 ./sdk/free_rtos/queue.o
 .text.prvUnlockQueue
                0x08003208       0x84 ./sdk/free_rtos/queue.o
 .text.xQueueGenericReset
                0x0800328c       0x70 ./sdk/free_rtos/queue.o
                0x0800328c                xQueueGenericReset
 .text.xQueueGenericCreate
                0x080032fc       0x60 ./sdk/free_rtos/queue.o
                0x080032fc                xQueueGenericCreate
 .text.xQueueGenericSend
                0x0800335c      0x164 ./sdk/free_rtos/queue.o
                0x0800335c                xQueueGenericSend
 .text.xQueueCreateMutex
                0x080034c0       0x58 ./sdk/free_rtos/queue.o
                0x080034c0                xQueueCreateMutex
 .text.xQueueGenericSendFromISR
                0x08003518       0xe0 ./sdk/free_rtos/queue.o
                0x08003518                xQueueGenericSendFromISR
 .text.xQueueGenericReceive
                0x080035f8      0x164 ./sdk/free_rtos/queue.o
                0x080035f8                xQueueGenericReceive
 .text.vQueueAddToRegistry
                0x0800375c       0x28 ./sdk/free_rtos/queue.o
                0x0800375c                vQueueAddToRegistry
 .text.vQueueWaitForMessageRestricted
                0x08003784       0x40 ./sdk/free_rtos/queue.o
                0x08003784                vQueueWaitForMessageRestricted
 .text.vTaskSuspendAll
                0x080037c4       0x10 ./sdk/free_rtos/tasks.o
                0x080037c4                vTaskSuspendAll
 .text.prvGetExpectedIdleTime
                0x080037d4       0x34 ./sdk/free_rtos/tasks.o
                0x080037d4                prvGetExpectedIdleTime
 .text.xTaskGetTickCount
                0x08003808        0xc ./sdk/free_rtos/tasks.o
                0x08003808                xTaskGetTickCount
 .text.vTaskStepTick
                0x08003814       0x2c ./sdk/free_rtos/tasks.o
                0x08003814                vTaskStepTick
 .text.vTaskSwitchContext
                0x08003840       0xd8 ./sdk/free_rtos/tasks.o
                0x08003840                vTaskSwitchContext
 .text.xTaskRemoveFromUnorderedEventList
                0x08003918       0x78 ./sdk/free_rtos/tasks.o
                0x08003918                xTaskRemoveFromUnorderedEventList
 .text.vTaskSetTimeOutState
                0x08003990       0x20 ./sdk/free_rtos/tasks.o
                0x08003990                vTaskSetTimeOutState
 .text.xTaskCheckForTimeOut
                0x080039b0       0x6c ./sdk/free_rtos/tasks.o
                0x080039b0                xTaskCheckForTimeOut
 .text.vTaskMissedYield
                0x08003a1c        0xc ./sdk/free_rtos/tasks.o
                0x08003a1c                vTaskMissedYield
 .text.eTaskConfirmSleepModeStatus
                0x08003a28       0x38 ./sdk/free_rtos/tasks.o
                0x08003a28                eTaskConfirmSleepModeStatus
 .text.prvInitialiseTCBVariables
                0x08003a60       0x54 ./sdk/free_rtos/tasks.o
                0x08003a60                prvInitialiseTCBVariables
 .text.prvInitialiseTaskLists
                0x08003ab4       0x60 ./sdk/free_rtos/tasks.o
                0x08003ab4                prvInitialiseTaskLists
 .text.prvAddCurrentTaskToDelayedList
                0x08003b14       0x48 ./sdk/free_rtos/tasks.o
                0x08003b14                prvAddCurrentTaskToDelayedList
 .text.vTaskPlaceOnEventList
                0x08003b5c       0x48 ./sdk/free_rtos/tasks.o
                0x08003b5c                vTaskPlaceOnEventList
 .text.vTaskPlaceOnEventListRestricted
                0x08003ba4       0x4c ./sdk/free_rtos/tasks.o
                0x08003ba4                vTaskPlaceOnEventListRestricted
 .text.prvAllocateTCBAndStack
                0x08003bf0       0x44 ./sdk/free_rtos/tasks.o
                0x08003bf0                prvAllocateTCBAndStack
 .text.xTaskGenericCreate
                0x08003c34      0x10c ./sdk/free_rtos/tasks.o
                0x08003c34                xTaskGenericCreate
 .text.vTaskStartScheduler
                0x08003d40       0x54 ./sdk/free_rtos/tasks.o
                0x08003d40                vTaskStartScheduler
 .text.prvDeleteTCB
                0x08003d94       0x14 ./sdk/free_rtos/tasks.o
                0x08003d94                prvDeleteTCB
 .text.prvResetNextTaskUnblockTime
                0x08003da8       0x38 ./sdk/free_rtos/tasks.o
                0x08003da8                prvResetNextTaskUnblockTime
 .text.vTaskDelete
                0x08003de0       0x84 ./sdk/free_rtos/tasks.o
                0x08003de0                vTaskDelete
 .text.xTaskIncrementTick
                0x08003e64      0x110 ./sdk/free_rtos/tasks.o
                0x08003e64                xTaskIncrementTick
 .text.xTaskResumeAll
                0x08003f74       0xdc ./sdk/free_rtos/tasks.o
                0x08003f74                xTaskResumeAll
 .text.vTaskDelayUntil
                0x08004050       0x90 ./sdk/free_rtos/tasks.o
                0x08004050                vTaskDelayUntil
 .text.prvCheckTasksWaitingTermination
                0x080040e0       0x54 ./sdk/free_rtos/tasks.o
                0x080040e0                prvCheckTasksWaitingTermination
 .text.prvIdleTask
                0x08004134       0x50 ./sdk/free_rtos/tasks.o
                0x08004134                prvIdleTask
 .text.xTaskRemoveFromEventList
                0x08004184       0x80 ./sdk/free_rtos/tasks.o
                0x08004184                xTaskRemoveFromEventList
 .text.xTaskGetSchedulerState
                0x08004204       0x20 ./sdk/free_rtos/tasks.o
                0x08004204                xTaskGetSchedulerState
 .text.vTaskPriorityInherit
                0x08004224       0x88 ./sdk/free_rtos/tasks.o
                0x08004224                vTaskPriorityInherit
 .text.xTaskPriorityDisinherit
                0x080042ac       0x70 ./sdk/free_rtos/tasks.o
                0x080042ac                xTaskPriorityDisinherit
 .text.pvTaskIncrementMutexHeldCount
                0x0800431c       0x1c ./sdk/free_rtos/tasks.o
                0x0800431c                pvTaskIncrementMutexHeldCount
 .text.prvGetNextExpireTime
                0x08004338       0x20 ./sdk/free_rtos/timers.o
 .text.prvInsertTimerInActiveList
                0x08004358       0x48 ./sdk/free_rtos/timers.o
 .text.prvCheckForValidListAndQueue
                0x080043a0       0x58 ./sdk/free_rtos/timers.o
 .text.xTimerCreateTimerTask
                0x080043f8       0x48 ./sdk/free_rtos/timers.o
                0x080043f8                xTimerCreateTimerTask
 .text.xTimerCreate
                0x08004440       0x4c ./sdk/free_rtos/timers.o
                0x08004440                xTimerCreate
 .text.xTimerGenericCommand
                0x0800448c       0x58 ./sdk/free_rtos/timers.o
                0x0800448c                xTimerGenericCommand
 .text.prvSwitchTimerLists
                0x080044e4       0x6c ./sdk/free_rtos/timers.o
 .text.prvSampleTimeNow
                0x08004550       0x2c ./sdk/free_rtos/timers.o
 .text.prvProcessExpiredTimer
                0x0800457c       0x58 ./sdk/free_rtos/timers.o
 .text.prvProcessTimerOrBlockTask
                0x080045d4       0x68 ./sdk/free_rtos/timers.o
 .text.prvProcessReceivedCommands
                0x0800463c       0xc4 ./sdk/free_rtos/timers.o
 .text.prvTimerTask
                0x08004700       0x18 ./sdk/free_rtos/timers.o
 .text.xTimerPendFunctionCallFromISR
                0x08004718       0x28 ./sdk/free_rtos/timers.o
                0x08004718                xTimerPendFunctionCallFromISR
 .text.prvTemplateTask
                0x08004740       0x40 ./main.o
 .text.prvSetupHardware
                0x08004780       0x10 ./main.o
 .text.system_init
                0x08004790       0x80 ./main.o
 .text.periph_init
                0x08004810       0x20 ./main.o
 .text.main     0x08004830       0x40 ./main.o
                0x08004830                main
 .text.vApplicationMallocFailedHook
                0x08004870        0x4 ./main.o
                0x08004870                vApplicationMallocFailedHook
 .text.vApplicationStackOverflowHook
                0x08004874        0x4 ./main.o
                0x08004874                vApplicationStackOverflowHook
 .text.exit     0x08004878       0x2c d:/program files (x86)/dialog semiconductor/smartsnippets/cdt/other/arm-none-eabi/bin/../lib/gcc/arm-none-eabi/4.9.3/../../../../arm-none-eabi/lib/armv6-m\libg_nano.a(lib_a-exit.o)
                0x08004878                exit
 .text.__sflush_r
                0x080048a4      0x112 d:/program files (x86)/dialog semiconductor/smartsnippets/cdt/other/arm-none-eabi/bin/../lib/gcc/arm-none-eabi/4.9.3/../../../../arm-none-eabi/lib/armv6-m\libg_nano.a(lib_a-fflush.o)
                0x080048a4                __sflush_r
 *fill*         0x080049b6        0x2 
 .text._fflush_r
                0x080049b8       0x58 d:/program files (x86)/dialog semiconductor/smartsnippets/cdt/other/arm-none-eabi/bin/../lib/gcc/arm-none-eabi/4.9.3/../../../../arm-none-eabi/lib/armv6-m\libg_nano.a(lib_a-fflush.o)
                0x080049b8                _fflush_r
 .text.fflush   0x08004a10       0x28 d:/program files (x86)/dialog semiconductor/smartsnippets/cdt/other/arm-none-eabi/bin/../lib/gcc/arm-none-eabi/4.9.3/../../../../arm-none-eabi/lib/armv6-m\libg_nano.a(lib_a-fflush.o)
                0x08004a10                fflush
 .text._cleanup_r
                0x08004a38       0x10 d:/program files (x86)/dialog semiconductor/smartsnippets/cdt/other/arm-none-eabi/bin/../lib/gcc/arm-none-eabi/4.9.3/../../../../arm-none-eabi/lib/armv6-m\libg_nano.a(lib_a-findfp.o)
                0x08004a38                _cleanup_r
 .text.std.isra.0
                0x08004a48       0x48 d:/program files (x86)/dialog semiconductor/smartsnippets/cdt/other/arm-none-eabi/bin/../lib/gcc/arm-none-eabi/4.9.3/../../../../arm-none-eabi/lib/armv6-m\libg_nano.a(lib_a-findfp.o)
 .text.__sfmoreglue
                0x08004a90       0x2c d:/program files (x86)/dialog semiconductor/smartsnippets/cdt/other/arm-none-eabi/bin/../lib/gcc/arm-none-eabi/4.9.3/../../../../arm-none-eabi/lib/armv6-m\libg_nano.a(lib_a-findfp.o)
                0x08004a90                __sfmoreglue
 .text.__sinit  0x08004abc       0x64 d:/program files (x86)/dialog semiconductor/smartsnippets/cdt/other/arm-none-eabi/bin/../lib/gcc/arm-none-eabi/4.9.3/../../../../arm-none-eabi/lib/armv6-m\libg_nano.a(lib_a-findfp.o)
                0x08004abc                __sinit
 .text.__sfp    0x08004b20       0x7c d:/program files (x86)/dialog semiconductor/smartsnippets/cdt/other/arm-none-eabi/bin/../lib/gcc/arm-none-eabi/4.9.3/../../../../arm-none-eabi/lib/armv6-m\libg_nano.a(lib_a-findfp.o)
                0x08004b20                __sfp
 .text._fwalk_reent
                0x08004b9c       0x42 d:/program files (x86)/dialog semiconductor/smartsnippets/cdt/other/arm-none-eabi/bin/../lib/gcc/arm-none-eabi/4.9.3/../../../../arm-none-eabi/lib/armv6-m\libg_nano.a(lib_a-fwalk.o)
                0x08004b9c                _fwalk_reent
 *fill*         0x08004bde        0x2 
 .text.__libc_init_array
                0x08004be0       0x4c d:/program files (x86)/dialog semiconductor/smartsnippets/cdt/other/arm-none-eabi/bin/../lib/gcc/arm-none-eabi/4.9.3/../../../../arm-none-eabi/lib/armv6-m\libg_nano.a(lib_a-init.o)
                0x08004be0                __libc_init_array
 .text.memcpy   0x08004c2c       0x12 d:/program files (x86)/dialog semiconductor/smartsnippets/cdt/other/arm-none-eabi/bin/../lib/gcc/arm-none-eabi/4.9.3/../../../../arm-none-eabi/lib/armv6-m\libg_nano.a(lib_a-memcpy.o)
                0x08004c2c                memcpy
 .text.memset   0x08004c3e       0x10 d:/program files (x86)/dialog semiconductor/smartsnippets/cdt/other/arm-none-eabi/bin/../lib/gcc/arm-none-eabi/4.9.3/../../../../arm-none-eabi/lib/armv6-m\libg_nano.a(lib_a-memset.o)
                0x08004c3e                memset
 *fill*         0x08004c4e        0x2 
 .text._free_r  0x08004c50       0x8c d:/program files (x86)/dialog semiconductor/smartsnippets/cdt/other/arm-none-eabi/bin/../lib/gcc/arm-none-eabi/4.9.3/../../../../arm-none-eabi/lib/armv6-m\libg_nano.a(lib_a-nano-freer.o)
                0x08004c50                _free_r
 .text._malloc_r
                0x08004cdc       0xb0 d:/program files (x86)/dialog semiconductor/smartsnippets/cdt/other/arm-none-eabi/bin/../lib/gcc/arm-none-eabi/4.9.3/../../../../arm-none-eabi/lib/armv6-m\libg_nano.a(lib_a-nano-mallocr.o)
                0x08004cdc                _malloc_r
 .text.putchar  0x08004d8c       0x28 d:/program files (x86)/dialog semiconductor/smartsnippets/cdt/other/arm-none-eabi/bin/../lib/gcc/arm-none-eabi/4.9.3/../../../../arm-none-eabi/lib/armv6-m\libg_nano.a(lib_a-putchar.o)
                0x08004d8c                putchar
 .text._puts_r  0x08004db4       0xc2 d:/program files (x86)/dialog semiconductor/smartsnippets/cdt/other/arm-none-eabi/bin/../lib/gcc/arm-none-eabi/4.9.3/../../../../arm-none-eabi/lib/armv6-m\libg_nano.a(lib_a-puts.o)
                0x08004db4                _puts_r
 *fill*         0x08004e76        0x2 
 .text.puts     0x08004e78       0x14 d:/program files (x86)/dialog semiconductor/smartsnippets/cdt/other/arm-none-eabi/bin/../lib/gcc/arm-none-eabi/4.9.3/../../../../arm-none-eabi/lib/armv6-m\libg_nano.a(lib_a-puts.o)
                0x08004e78                puts
 .text._sbrk_r  0x08004e8c       0x24 d:/program files (x86)/dialog semiconductor/smartsnippets/cdt/other/arm-none-eabi/bin/../lib/gcc/arm-none-eabi/4.9.3/../../../../arm-none-eabi/lib/armv6-m\libg_nano.a(lib_a-sbrkr.o)
                0x08004e8c                _sbrk_r
 .text.__sread  0x08004eb0       0x28 d:/program files (x86)/dialog semiconductor/smartsnippets/cdt/other/arm-none-eabi/bin/../lib/gcc/arm-none-eabi/4.9.3/../../../../arm-none-eabi/lib/armv6-m\libg_nano.a(lib_a-stdio.o)
                0x08004eb0                __sread
 .text.__swrite
                0x08004ed8       0x38 d:/program files (x86)/dialog semiconductor/smartsnippets/cdt/other/arm-none-eabi/bin/../lib/gcc/arm-none-eabi/4.9.3/../../../../arm-none-eabi/lib/armv6-m\libg_nano.a(lib_a-stdio.o)
                0x08004ed8                __swrite
 .text.__sseek  0x08004f10       0x2c d:/program files (x86)/dialog semiconductor/smartsnippets/cdt/other/arm-none-eabi/bin/../lib/gcc/arm-none-eabi/4.9.3/../../../../arm-none-eabi/lib/armv6-m\libg_nano.a(lib_a-stdio.o)
                0x08004f10                __sseek
 .text.__sclose
                0x08004f3c        0xc d:/program files (x86)/dialog semiconductor/smartsnippets/cdt/other/arm-none-eabi/bin/../lib/gcc/arm-none-eabi/4.9.3/../../../../arm-none-eabi/lib/armv6-m\libg_nano.a(lib_a-stdio.o)
                0x08004f3c                __sclose
 .text.__swbuf_r
                0x08004f48       0xb0 d:/program files (x86)/dialog semiconductor/smartsnippets/cdt/other/arm-none-eabi/bin/../lib/gcc/arm-none-eabi/4.9.3/../../../../arm-none-eabi/lib/armv6-m\libg_nano.a(lib_a-wbuf.o)
                0x08004f48                __swbuf_r
 .text._write_r
                0x08004ff8       0x28 d:/program files (x86)/dialog semiconductor/smartsnippets/cdt/other/arm-none-eabi/bin/../lib/gcc/arm-none-eabi/4.9.3/../../../../arm-none-eabi/lib/armv6-m\libg_nano.a(lib_a-writer.o)
                0x08004ff8                _write_r
 .text.__swsetup_r
                0x08005020       0xe8 d:/program files (x86)/dialog semiconductor/smartsnippets/cdt/other/arm-none-eabi/bin/../lib/gcc/arm-none-eabi/4.9.3/../../../../arm-none-eabi/lib/armv6-m\libg_nano.a(lib_a-wsetup.o)
                0x08005020                __swsetup_r
 .text._close_r
                0x08005108       0x24 d:/program files (x86)/dialog semiconductor/smartsnippets/cdt/other/arm-none-eabi/bin/../lib/gcc/arm-none-eabi/4.9.3/../../../../arm-none-eabi/lib/armv6-m\libg_nano.a(lib_a-closer.o)
                0x08005108                _close_r
 .text._lseek_r
                0x0800512c       0x28 d:/program files (x86)/dialog semiconductor/smartsnippets/cdt/other/arm-none-eabi/bin/../lib/gcc/arm-none-eabi/4.9.3/../../../../arm-none-eabi/lib/armv6-m\libg_nano.a(lib_a-lseekr.o)
                0x0800512c                _lseek_r
 .text.__smakebuf_r
                0x08005154       0xb0 d:/program files (x86)/dialog semiconductor/smartsnippets/cdt/other/arm-none-eabi/bin/../lib/gcc/arm-none-eabi/4.9.3/../../../../arm-none-eabi/lib/armv6-m\libg_nano.a(lib_a-makebuf.o)
                0x08005154                __smakebuf_r
 .text._putc_r  0x08005204       0x78 d:/program files (x86)/dialog semiconductor/smartsnippets/cdt/other/arm-none-eabi/bin/../lib/gcc/arm-none-eabi/4.9.3/../../../../arm-none-eabi/lib/armv6-m\libg_nano.a(lib_a-putc.o)
                0x08005204                _putc_r
 .text._read_r  0x0800527c       0x28 d:/program files (x86)/dialog semiconductor/smartsnippets/cdt/other/arm-none-eabi/bin/../lib/gcc/arm-none-eabi/4.9.3/../../../../arm-none-eabi/lib/armv6-m\libg_nano.a(lib_a-readr.o)
                0x0800527c                _read_r
 .text._fstat_r
                0x080052a4       0x24 d:/program files (x86)/dialog semiconductor/smartsnippets/cdt/other/arm-none-eabi/bin/../lib/gcc/arm-none-eabi/4.9.3/../../../../arm-none-eabi/lib/armv6-m\libg_nano.a(lib_a-fstatr.o)
                0x080052a4                _fstat_r
 .text._isatty_r
                0x080052c8       0x24 d:/program files (x86)/dialog semiconductor/smartsnippets/cdt/other/arm-none-eabi/bin/../lib/gcc/arm-none-eabi/4.9.3/../../../../arm-none-eabi/lib/armv6-m\libg_nano.a(lib_a-isattyr.o)
                0x080052c8                _isatty_r
 .text._close   0x080052ec       0x10 d:/program files (x86)/dialog semiconductor/smartsnippets/cdt/other/arm-none-eabi/bin/../lib/gcc/arm-none-eabi/4.9.3/../../../../arm-none-eabi/lib/armv6-m\libnosys.a(close.o)
                0x080052ec                _close
 .text._fstat   0x080052fc       0x10 d:/program files (x86)/dialog semiconductor/smartsnippets/cdt/other/arm-none-eabi/bin/../lib/gcc/arm-none-eabi/4.9.3/../../../../arm-none-eabi/lib/armv6-m\libnosys.a(fstat.o)
                0x080052fc                _fstat
 .text._isatty  0x0800530c       0x10 d:/program files (x86)/dialog semiconductor/smartsnippets/cdt/other/arm-none-eabi/bin/../lib/gcc/arm-none-eabi/4.9.3/../../../../arm-none-eabi/lib/armv6-m\libnosys.a(isatty.o)
                0x0800530c                _isatty
 .text._lseek   0x0800531c       0x10 d:/program files (x86)/dialog semiconductor/smartsnippets/cdt/other/arm-none-eabi/bin/../lib/gcc/arm-none-eabi/4.9.3/../../../../arm-none-eabi/lib/armv6-m\libnosys.a(lseek.o)
                0x0800531c                _lseek
 .text._sbrk    0x0800532c       0x1c d:/program files (x86)/dialog semiconductor/smartsnippets/cdt/other/arm-none-eabi/bin/../lib/gcc/arm-none-eabi/4.9.3/../../../../arm-none-eabi/lib/armv6-m\libnosys.a(sbrk.o)
                0x0800532c                _sbrk
 .text._exit    0x08005348        0x4 d:/program files (x86)/dialog semiconductor/smartsnippets/cdt/other/arm-none-eabi/bin/../lib/gcc/arm-none-eabi/4.9.3/../../../../arm-none-eabi/lib/armv6-m\libnosys.a(_exit.o)
                0x08005348                _exit
 *(.init)
 .init          0x0800534c        0x4 d:/program files (x86)/dialog semiconductor/smartsnippets/cdt/other/arm-none-eabi/bin/../lib/gcc/arm-none-eabi/4.9.3/armv6-m/crti.o
                0x0800534c                _init
 .init          0x08005350        0x8 d:/program files (x86)/dialog semiconductor/smartsnippets/cdt/other/arm-none-eabi/bin/../lib/gcc/arm-none-eabi/4.9.3/armv6-m/crtn.o
 *(.fini)
 .fini          0x08005358        0x4 d:/program files (x86)/dialog semiconductor/smartsnippets/cdt/other/arm-none-eabi/bin/../lib/gcc/arm-none-eabi/4.9.3/armv6-m/crti.o
                0x08005358                _fini
 .fini          0x0800535c        0x8 d:/program files (x86)/dialog semiconductor/smartsnippets/cdt/other/arm-none-eabi/bin/../lib/gcc/arm-none-eabi/4.9.3/armv6-m/crtn.o
 *crtbegin.o(.ctors)
 *crtbegin?.o(.ctors)
 *(EXCLUDE_FILE(*crtend.o *crtend?.o) .ctors)
 *(SORT(.ctors.*))
 *(.ctors)
 *crtbegin.o(.dtors)
 *crtbegin?.o(.dtors)
 *(EXCLUDE_FILE(*crtend.o *crtend?.o) .dtors)
 *(SORT(.dtors.*))
 *(.dtors)
                0x08005364                . = ALIGN (0x4)
                0x08005364                PROVIDE (__preinit_array_start, .)
 *(.preinit_array)
                0x08005364                PROVIDE (__preinit_array_end, .)
                0x08005364                . = ALIGN (0x4)
                0x08005364                PROVIDE (__init_array_start, .)
 *(SORT(.init_array.*))
 *(.init_array)
 .init_array    0x08005364        0x4 d:/program files (x86)/dialog semiconductor/smartsnippets/cdt/other/arm-none-eabi/bin/../lib/gcc/arm-none-eabi/4.9.3/armv6-m/crtbegin.o
                0x08005368                PROVIDE (__init_array_end, .)
                0x08005368                . = ALIGN (0x4)
                0x08005368                PROVIDE (__fini_array_start, .)
 *(SORT(.fini_array.*))
 *(.fini_array)
 .fini_array    0x08005368        0x4 d:/program files (x86)/dialog semiconductor/smartsnippets/cdt/other/arm-none-eabi/bin/../lib/gcc/arm-none-eabi/4.9.3/armv6-m/crtbegin.o
                0x0800536c                PROVIDE (__fini_array_end, .)
 *(.rodata*)
 .rodata.__dialog_interrupt_priorities
                0x0800536c       0x28 ./startup/config.o
                0x0800536c                __dialog_interrupt_priorities
 .rodata.remap.7912
                0x08005394       0x20 ./startup/system_ARMCM0.o
 .rodata.str1.4
                0x080053b4        0x6 ./sdk/sys_man/sys_clock_mgr.o
                                  0x8 (size before relaxing)
 *fill*         0x080053ba        0x2 
 .rodata        0x080053bc        0x8 ./sdk/sys_man/sys_power_mgr.o
 .rodata.hw_dma_channel_initialization
                0x080053c4       0x20 ./sdk/peripherals/src/hw_dma.o
 .rodata.tim1   0x080053e4       0x2c ./sdk/peripherals/src/hw_otpc.o
                0x080053e4                tim1
 .rodata.tim2   0x08005410        0xc ./sdk/peripherals/src/hw_otpc.o
 .rodata.UART_Interrupt_Handler
                0x0800541c       0x34 ./sdk/peripherals/src/hw_uart.o
 .rodata.uncalibrated_tcs_data
                0x08005450       0x28 ./sdk/peripherals/src/sys_tcs.o
 .rodata        0x08005478       0x14 ./sdk/free_rtos/tasks.o
 .rodata.str1.4
                0x0800548c        0x5 ./sdk/free_rtos/tasks.o
                                  0x8 (size before relaxing)
 *fill*         0x08005491        0x3 
 .rodata.prvProcessReceivedCommands
                0x08005494       0x28 ./sdk/free_rtos/timers.o
 .rodata.str1.4
                0x080054bc       0x10 ./sdk/free_rtos/timers.o
 .rodata.str1.4
                0x080054cc       0x24 ./main.o
 .rodata.__sf_fake_stdin
                0x080054f0       0x20 d:/program files (x86)/dialog semiconductor/smartsnippets/cdt/other/arm-none-eabi/bin/../lib/gcc/arm-none-eabi/4.9.3/../../../../arm-none-eabi/lib/armv6-m\libg_nano.a(lib_a-findfp.o)
                0x080054f0                __sf_fake_stdin
 .rodata.__sf_fake_stdout
                0x08005510       0x20 d:/program files (x86)/dialog semiconductor/smartsnippets/cdt/other/arm-none-eabi/bin/../lib/gcc/arm-none-eabi/4.9.3/../../../../arm-none-eabi/lib/armv6-m\libg_nano.a(lib_a-findfp.o)
                0x08005510                __sf_fake_stdout
 .rodata.__sf_fake_stderr
                0x08005530       0x20 d:/program files (x86)/dialog semiconductor/smartsnippets/cdt/other/arm-none-eabi/bin/../lib/gcc/arm-none-eabi/4.9.3/../../../../arm-none-eabi/lib/armv6-m\libg_nano.a(lib_a-findfp.o)
                0x08005530                __sf_fake_stderr
 .rodata.str1.1
                0x08005550        0x2 d:/program files (x86)/dialog semiconductor/smartsnippets/cdt/other/arm-none-eabi/bin/../lib/gcc/arm-none-eabi/4.9.3/../../../../arm-none-eabi/lib/armv6-m\libg_nano.a(lib_a-impure.o)
 *fill*         0x08005552        0x2 
 .rodata._global_impure_ptr
                0x08005554        0x4 d:/program files (x86)/dialog semiconductor/smartsnippets/cdt/other/arm-none-eabi/bin/../lib/gcc/arm-none-eabi/4.9.3/../../../../arm-none-eabi/lib/armv6-m\libg_nano.a(lib_a-impure.o)
                0x08005554                _global_impure_ptr
 *(.eh_frame*)
 .eh_frame      0x08005558        0x0 d:/program files (x86)/dialog semiconductor/smartsnippets/cdt/other/arm-none-eabi/bin/../lib/gcc/arm-none-eabi/4.9.3/armv6-m/crtbegin.o
 .eh_frame      0x08005558        0x4 d:/program files (x86)/dialog semiconductor/smartsnippets/cdt/other/arm-none-eabi/bin/../lib/gcc/arm-none-eabi/4.9.3/armv6-m/crtend.o

.glue_7         0x0800555c        0x0
 .glue_7        0x00000000        0x0 linker stubs

.glue_7t        0x0800555c        0x0
 .glue_7t       0x00000000        0x0 linker stubs

.vfp11_veneer   0x0800555c        0x0
 .vfp11_veneer  0x00000000        0x0 linker stubs

.v4_bx          0x0800555c        0x0
 .v4_bx         0x00000000        0x0 linker stubs

.iplt           0x0800555c        0x0
 .iplt          0x00000000        0x0 d:/program files (x86)/dialog semiconductor/smartsnippets/cdt/other/arm-none-eabi/bin/../lib/gcc/arm-none-eabi/4.9.3/armv6-m/crtbegin.o

.ARM.extab
 *(.ARM.extab* .gnu.linkonce.armextab.*)
                0x0800555c                __exidx_start = .

.ARM.exidx      0x0800555c        0x8
 *(.ARM.exidx* .gnu.linkonce.armexidx.*)
 .ARM.exidx     0x0800555c        0x8 d:/program files (x86)/dialog semiconductor/smartsnippets/cdt/other/arm-none-eabi/bin/../lib/gcc/arm-none-eabi/4.9.3/../../../../arm-none-eabi/lib/armv6-m/crt0.o
                0x08005564                __exidx_end = .

.rel.dyn        0x08005564        0x0
 .rel.iplt      0x00000000        0x0 d:/program files (x86)/dialog semiconductor/smartsnippets/cdt/other/arm-none-eabi/bin/../lib/gcc/arm-none-eabi/4.9.3/armv6-m/crtbegin.o

.copy.table     0x08005564       0x18
                0x08005564                . = ALIGN (0x4)
                0x08005564                __copy_table_start__ = .
                0x08005564        0x4 LONG 0x80055fc (__etext + (__data_end__ - __data_start__))
                0x08005568        0x4 LONG 0x7fc7800 __RetRAM0_code_start__
                0x0800556c        0x4 LONG 0x11c0 (__RetRAM0_code_end__ - __RetRAM0_code_start__)
                0x08005570        0x4 LONG 0x8005594 __etext
                0x08005574        0x4 LONG 0x7fc0100 __data_start__
                0x08005578        0x4 LONG 0x68 (__data_end__ - __data_start__)
                0x0800557c                __copy_table_end__ = .

.zero.table     0x0800557c       0x18
                0x0800557c                . = ALIGN (0x4)
                0x0800557c                __zero_table_start__ = .
                0x0800557c        0x4 LONG 0x7fc0168 __bss_start__
                0x08005580        0x4 LONG 0x218 (__bss_end__ - __bss_start__)
                0x08005584        0x4 LONG 0x7fc8a8c __RetRAM0_data_start
                0x08005588        0x4 LONG 0x4d74 __RetRAM0_size
                0x0800558c        0x4 LONG 0x0 __RetRAM1_start__
                0x08005590        0x4 LONG 0x0 (__RetRAM1_end__ - __RetRAM1_start__)
                0x08005594                __zero_table_end__ = .
                0x08005594                __etext = .

.data           0x07fc0100       0x68 load address 0x08005594
                0x07fc0100                __data_start__ = .
 *(vtable)
 *(.data*)
 .data.impure_data
                0x07fc0100       0x60 d:/program files (x86)/dialog semiconductor/smartsnippets/cdt/other/arm-none-eabi/bin/../lib/gcc/arm-none-eabi/4.9.3/../../../../arm-none-eabi/lib/armv6-m\libg_nano.a(lib_a-impure.o)
 .data._impure_ptr
                0x07fc0160        0x4 d:/program files (x86)/dialog semiconductor/smartsnippets/cdt/other/arm-none-eabi/bin/../lib/gcc/arm-none-eabi/4.9.3/../../../../arm-none-eabi/lib/armv6-m\libg_nano.a(lib_a-impure.o)
                0x07fc0160                _impure_ptr
                0x07fc0164                . = ALIGN (0x4)
 *(.jcr*)
 .jcr           0x07fc0164        0x0 d:/program files (x86)/dialog semiconductor/smartsnippets/cdt/other/arm-none-eabi/bin/../lib/gcc/arm-none-eabi/4.9.3/armv6-m/crtbegin.o
 .jcr           0x07fc0164        0x4 d:/program files (x86)/dialog semiconductor/smartsnippets/cdt/other/arm-none-eabi/bin/../lib/gcc/arm-none-eabi/4.9.3/armv6-m/crtend.o
                0x07fc0168                . = ALIGN (0x4)
                0x07fc0168                __data_end__ = .

.igot.plt       0x07fc0168        0x0 load address 0x080055fc
 .igot.plt      0x00000000        0x0 d:/program files (x86)/dialog semiconductor/smartsnippets/cdt/other/arm-none-eabi/bin/../lib/gcc/arm-none-eabi/4.9.3/armv6-m/crtbegin.o

.bss            0x07fc0168      0x218 load address 0x080055fc
                0x07fc0168                . = ALIGN (0x4)
                0x07fc0168                __bss_start__ = .
 *(.bss*)
 .bss           0x07fc0168       0x1c d:/program files (x86)/dialog semiconductor/smartsnippets/cdt/other/arm-none-eabi/bin/../lib/gcc/arm-none-eabi/4.9.3/armv6-m/crtbegin.o
 .bss.cm_ahb_clk_next
                0x07fc0184        0x1 ./sdk/sys_man/sys_clock_mgr.o
 .bss.cm_rcx_calibration_is_on
                0x07fc0185        0x1 ./sdk/sys_man/sys_clock_mgr.o
                0x07fc0185                cm_rcx_calibration_is_on
 .bss.cm_xtal16m_settled
                0x07fc0186        0x1 ./sdk/sys_man/sys_clock_mgr.o
 .bss.cm_sys_clk_next
                0x07fc0187        0x1 ./sdk/sys_man/sys_clock_mgr.o
 .bss.sleep_is_blocked
                0x07fc0188        0x1 ./sdk/sys_man/sys_power_mgr.o
 *fill*         0x07fc0189        0x3 
 .bss.sleep_blocked_until
                0x07fc018c        0x4 ./sdk/sys_man/sys_power_mgr.o
 .bss.dma_callbacks_user_data
                0x07fc0190       0x40 ./sdk/peripherals/src/hw_dma.o
 .bss.intr_cb   0x07fc01d0        0x4 ./sdk/peripherals/src/hw_gpadc.o
 .bss.uart_data
                0x07fc01d4       0xe8 ./sdk/peripherals/src/hw_uart.o
 .bss.free_list
                0x07fc02bc        0x4 ./sdk/osal/resmgmt.o
 .bss.requests  0x07fc02c0       0xa0 ./sdk/osal/resmgmt.o
 .bss.waiting_list
                0x07fc0360        0x4 ./sdk/osal/resmgmt.o
 .bss.xHandle   0x07fc0364        0x4 ./main.o
 .bss.test_counter.8267
                0x07fc0368        0x4 ./main.o
 .bss.__malloc_sbrk_start
                0x07fc036c        0x4 d:/program files (x86)/dialog semiconductor/smartsnippets/cdt/other/arm-none-eabi/bin/../lib/gcc/arm-none-eabi/4.9.3/../../../../arm-none-eabi/lib/armv6-m\libg_nano.a(lib_a-nano-mallocr.o)
                0x07fc036c                __malloc_sbrk_start
 .bss.__malloc_free_list
                0x07fc0370        0x4 d:/program files (x86)/dialog semiconductor/smartsnippets/cdt/other/arm-none-eabi/bin/../lib/gcc/arm-none-eabi/4.9.3/../../../../arm-none-eabi/lib/armv6-m\libg_nano.a(lib_a-nano-mallocr.o)
                0x07fc0370                __malloc_free_list
 .bss.heap_end.4079
                0x07fc0374        0x4 d:/program files (x86)/dialog semiconductor/smartsnippets/cdt/other/arm-none-eabi/bin/../lib/gcc/arm-none-eabi/4.9.3/../../../../arm-none-eabi/lib/armv6-m\libnosys.a(sbrk.o)
 *(COMMON)
 COMMON         0x07fc0378        0x4 ./sdk/sys_man/sys_power_mgr.o
                0x07fc0378                ulTimeSpentSleepingInTicks
 COMMON         0x07fc037c        0x4 d:/program files (x86)/dialog semiconductor/smartsnippets/cdt/other/arm-none-eabi/bin/../lib/gcc/arm-none-eabi/4.9.3/../../../../arm-none-eabi/lib/armv6-m\libg_nano.a(lib_a-reent.o)
                0x07fc037c                errno
                0x07fc0380                . = ALIGN (0x4)
                0x07fc0380                __bss_end__ = .

.heap           0x07fc0380      0x600
                0x07fc0380                __end__ = .
                0x07fc0380                PROVIDE (end, .)
 *(.heap*)
 .heap          0x07fc0380      0x600 ./startup/vector_table.o
                0x07fc0380                __HeapBase
                0x07fc0980                __HeapLimit = .

.stack_dummy    0x07fc0380      0x100
 *(.stack*)
 .stack         0x07fc0380      0x100 ./startup/vector_table.o
                0x07fc7800                __StackTop = (ORIGIN (RAM) + 0x7700)
                0x07fc7700                __StackLimit = (__StackTop - SIZEOF (.stack_dummy))
                0x07fc7800                PROVIDE (__stack, __StackTop)
                0x00000001                ASSERT ((__StackLimit >= __HeapLimit), region RAM overflowed with stack)

RETENTION_ROM0  0x07fc7800     0x11c0 load address 0x080055fc
                0x07fc7800                . = ALIGN (0x4)
                0x07fc7800                __RetRAM0_code_start__ = .
 *(text_retained)
 text_retained  0x07fc7800       0x7c ./startup/startup_ARMCM0.o
                0x07fc7800                NMI_Handler
                0x07fc7816                HardFault_Handler
 text_retained  0x07fc787c       0x54 ./startup/system_ARMCM0.o
 text_retained  0x07fc78d0      0x21c ./sdk/sys_man/sys_clock_mgr.o
                0x07fc796c                cm_calibrate_rcx_start
                0x07fc7984                cm_rcx_us_2_lpcycles
                0x07fc79b4                cm_restore_all_clocks
                0x07fc7a40                cm_poll_xtal16m_ready
                0x07fc7a4c                cm_halt_until_xtal16m_ready
 text_retained  0x07fc7aec      0x758 ./sdk/sys_man/sys_power_mgr.o
                0x07fc7fc0                pm_advance_time
                0x07fc7fd8                SWTIM1_Handler
                0x07fc8030                pm_sleep_enter
 text_retained  0x07fc8244       0x3c ./sdk/sys_man/sys_rtc.o
                0x07fc8244                rtc_get_fromCPM
 text_retained  0x07fc8280      0x118 ./sdk/peripherals/src/hw_cpm.o
                0x07fc8280                hw_cpm_reset_system
                0x07fc8298                hw_cpm_reboot_system
                0x07fc82b4                hw_cpm_assert_trigger_gpio
                0x07fc82b8                hw_cpm_activate_bod_protection
                0x07fc82ec                hw_cpm_delay_usec
 text_retained  0x07fc8398       0xd4 ./sdk/peripherals/src/hw_hard_fault.o
                0x07fc8398                HardFault_HandlerC
 text_retained  0x07fc846c      0x10c ./sdk/peripherals/src/hw_otpc.o
                0x07fc846c                hw_otpc_convert_sys_clk_mhz
                0x07fc8514                hw_otpc_set_speed
 text_retained  0x07fc8578       0x3c ./sdk/peripherals/src/hw_qspi.o
                0x07fc8578                hw_qspi_set_div
 text_retained  0x07fc85b4      0x148 ./sdk/peripherals/src/hw_watchdog.o
                0x07fc85b4                hw_watchdog_freeze
                0x07fc85d4                hw_watchdog_unfreeze
                0x07fc85e0                hw_watchdog_unregister_int
                0x07fc85ec                hw_watchdog_handle_int
                0x07fc86e4                NMI_HandlerC
 text_retained  0x07fc86fc      0x2bc ./sdk/memory/src/qspi_automode.o
                0x07fc8990                flash_release_power_down
 *libgcc.a:_aeabi_uldivmod.o(.text*)
 *libgcc.a:_muldi3.o(.text*)
 *libgcc.a:_dvmd_tls.o(.text*)
 *libgcc.a:bpabi.o(.text*)
 *libgcc.a:_udivdi3.o(.text*)
 *libgcc.a:_clzdi2.o(.text*)
 *libgcc.a:_clzsi2.o(.text*)
                0x07fc89b8                . = ALIGN (0x4)
 *(retention_mem_rw)
 *(privileged_data_rw)
 privileged_data_rw
                0x07fc89b8        0x4 ./sdk/free_rtos/portable/GCC/ARM_CM0/port.o
 privileged_data_rw
                0x07fc89bc        0x4 ./sdk/free_rtos/tasks.o
                0x07fc89bc                xNextTaskUnblockTime
 *(.retention)
                0x07fc89c0                . = ALIGN (0x4)
                0x07fc89c0                __RetRAM0_code_end__ = .
                0x07fc89c0                . = ALIGN (0x4)

RETENTION_RAM0  0x07fc89c0     0x39dc load address 0x080067bc
                0x07fc89c0                . = ALIGN (0x4)
                0x07fc89c0                __RetRAM0_start = .
 *(nmi_info)
 *(hard_fault_info)
 *(retention_mem_uninit)
 retention_mem_uninit
                0x07fc89c0        0x2 ./sdk/peripherals/src/hw_cpm.o
                0x07fc89c0                hw_cpm_bod_enabled_in_tcs
 *fill*         0x07fc89c2        0x2 
 retention_mem_uninit
                0x07fc89c4       0xc8 ./sdk/peripherals/src/sys_tcs.o
                0x07fc89c4                tcs_length
                0x07fc89c8                tcs_data
                0x07fc8a88                sys_tcs_is_calibrated_chip
                0x07fc8a8c                . = ALIGN (0x4)
                0x07fc8a8c                __RetRAM0_data_start = .
 *(privileged_data_zi)
 privileged_data_zi
                0x07fc8a8c       0x28 ./sdk/sys_man/sys_clock_mgr.o
                0x07fc8a8c                cm_ahbclk
                0x07fc8a8d                cm_sysclk
                0x07fc8aa0                xRCXCalibTaskHandle
                0x07fc8aa4                rcx_clock_period
                0x07fc8aa8                ble_slot_duration_in_rcx
                0x07fc8aac                rcx_tick_rate_hz
                0x07fc8aae                rcx_tick_period
                0x07fc8ab0                rcx_clock_hz
 privileged_data_zi
                0x07fc8ab4       0x5c ./sdk/sys_man/sys_power_mgr.o
                0x07fc8ab8                lp_last_trigger
                0x07fc8ac0                pm_adapters_cb
                0x07fc8b0c                pm_mac_wakeup_time
 privileged_data_zi
                0x07fc8b10        0x8 ./sdk/sys_man/sys_rtc.o
 privileged_data_zi
                0x07fc8b18       0x18 ./sdk/free_rtos/portable/MemMang/heap_4.o
 privileged_data_zi
                0x07fc8b30       0x40 ./sdk/free_rtos/queue.o
                0x07fc8b30                xQueueRegistry
 privileged_data_zi
                0x07fc8b70      0x124 ./sdk/free_rtos/tasks.o
                0x07fc8b70                pxCurrentTCB
                0x07fc8b74                pxDelayedTaskList
                0x07fc8b78                pxOverflowDelayedTaskList
                0x07fc8b7c                xSuspendedTaskList
                0x07fc8b90                xTasksWaitingTermination
                0x07fc8ba4                pxReadyTasksLists
                0x07fc8c30                uxTopReadyPriority
                0x07fc8c34                xPendingReadyList
                0x07fc8c48                uxSchedulerSuspended
                0x07fc8c4c                xSchedulerRunning
                0x07fc8c50                xTickCount
                0x07fc8c54                uxCurrentNumberOfTasks
                0x07fc8c58                xYieldPending
                0x07fc8c5c                xNumOfOverflows
                0x07fc8c60                xDelayedTaskList1
                0x07fc8c74                xDelayedTaskList2
                0x07fc8c88                uxTaskNumber
                0x07fc8c8c                uxTasksDeleted
                0x07fc8c90                uxPendedTicks
 privileged_data_zi
                0x07fc8c94       0x38 ./sdk/free_rtos/timers.o
 *(retention_mem_zi)
 retention_mem_zi
                0x07fc8ccc        0x8 ./startup/system_ARMCM0.o
                0x07fc8ccc                SystemCoreClock
                0x07fc8cd0                SystemLPClock
 retention_mem_zi
                0x07fc8cd4        0x4 ./sdk/peripherals/src/hw_watchdog.o
 retention_mem_zi
                0x07fc8cd8        0x4 ./sdk/peripherals/src/hw_wkup.o
 retention_mem_zi
                0x07fc8cdc       0x10 ./sdk/peripherals/src/sys_tcs.o
                0x07fc8cdc                tcs_ptr
                0x07fc8ce0                sys_tcs_xtal16m_settling_time
                0x07fc8ce4                area_offset
                0x07fc8ce8                area_size
 *(os_heap)
 os_heap        0x07fc8cec     0x36b0 ./sdk/free_rtos/portable/MemMang/heap_4.o
 *(ble_msg_heap)
 *(ble_env_heap)
 *(ble_db_heap)
                0x07fcc39c                __RetRAM0_data_end__ = .

RETENTION_RAM1  0x00000000        0x0
                0x00000000                . = ALIGN (0x4)
                0x00000000                __RetRAM1_start__ = .
                0x00000000                . = ALIGN (0x4)
                0x00000000                __RetRAM1_end__ = .

RETENTION_BLE
 *(ble_variables)
                0x00004d74                __RetRAM0_size = (0x6000 - (__RetRAM0_data_start - __RetRAM0_code_start__))
                0x000067bc                __image_size = (((__etext + (__data_end__ - __data_start__)) + (__RetRAM0_code_end__ - __RetRAM0_code_start__)) - ORIGIN (ROM))
                0x000055fc                __mirrored_image_size = ((__etext + (__data_end__ - __data_start__)) - ORIGIN (ROM))
                0x00000001                ASSERT (((ORIGIN (RAM) + 0x7700) < 0x7fdec00), ROM variables region (starting at 0x7FDEC00) overflowed by RAM)
                0x00000001                ASSERT ((__RetRAM0_data_end__ < 0x7fdec00), ROM variables region (starting at 0x7FDEC00) overflowed by RetRAM0)
                0x07f0285d                set_system_clocks = 0x7f0285d
                0x07f02879                set_peripheral_clocks = 0x7f02879
                0x07f028b3                rf_workaround_init = 0x7f028b3
                0x07f028b5                get_stack_usage = 0x7f028b5
                0x07f028f3                rwip_eif_get_func = 0x7f028f3
                0x07f02903                rwip_set_em_base = 0x7f02903
                0x07f02909                platform_initialization = 0x7f02909
                0x07f029bf                ble_init = 0x7f029bf
                0x07f02a31                ble_regs_push = 0x7f02a31
                0x07f02a89                ble_regs_pop = 0x7f02a89
                0x07f02adf                platform_sleep = 0x7f02adf
                0x07f02de9                rf_init = 0x7f02de9
                0x07f02df1                rf_reinit = 0x7f02df1
                0x07f02df9                smpc_check_param = 0x7f02df9
                0x07f02e03                smpc_pdu_recv = 0x7f02e03
                0x07f02e0d                lld_sleep_compensate = 0x7f02e0d
                0x07f02e17                lld_sleep_init = 0x7f02e17
                0x07f02e21                lld_sleep_us_2_lpcycles = 0x7f02e21
                0x07f02e2b                lld_sleep_lpcycles_2_us = 0x7f02e2b
                0x07f02e35                uart_flow_off = 0x7f02e35
                0x07f02e3d                uart_finish_transfers = 0x7f02e3d
                0x07f02e45                uart_read = 0x7f02e45
                0x07f02e4d                uart_write = 0x7f02e4d
                0x07f02e5d                uart_init = 0x7f02e5d
                0x07f02e65                uart_flow_on = 0x7f02e65
                0x07f02e6d                gtl_init = 0x7f02e6d
                0x07f02e75                gtl_eif_init = 0x7f02e75
                0x07f02e7d                gtl_eif_read_start = 0x7f02e7d
                0x07f02e85                gtl_eif_read_hdr = 0x7f02e85
                0x07f02e8d                gtl_eif_read_payl = 0x7f02e8d
                0x07f02e95                gtl_eif_tx_done = 0x7f02e95
                0x07f02e9d                gtl_eif_rx_done = 0x7f02e9d
                0x07f02ea5                h4tl_init = 0x7f02ea5
                0x07f02ead                h4tl_read_start = 0x7f02ead
                0x07f02eb5                h4tl_read_hdr = 0x7f02eb5
                0x07f02ebd                h4tl_read_payl = 0x7f02ebd
                0x07f02ec5                h4tl_read_next_out_of_sync = 0x7f02ec5
                0x07f02ecd                h4tl_out_of_sync = 0x7f02ecd
                0x07f02ed5                h4tl_tx_done = 0x7f02ed5
                0x07f02edd                h4tl_rx_done = 0x7f02edd
                0x07f02ee5                ke_task_init = 0x7f02ee5
                0x07f02eed                ke_timer_init = 0x7f02eed
                0x07f02ef5                llm_encryption_done = 0x7f02ef5
                0x07f02efd                nvds_get = 0x7f02efd
                0x07f02f05                nvds_del = 0x7f02f05
                0x07f02f0d                nvds_put = 0x7f02f0d
                0x07f02f15                rwip_eif_get = 0x7f02f15
                0x07f02f1d                platform_reset = 0x7f02f1d
                0x07f02f27                lld_test_stop = 0x7f02f27
                0x07f02f31                lld_test_mode_tx = 0x7f02f31
                0x07f02f3b                lld_test_mode_rx = 0x7f02f3b
                0x07f02f45                prf_init = 0x7f02f45
                0x07f02f4f                prf_add_profile = 0x7f02f4f
                0x07f02f59                prf_create = 0x7f02f59
                0x07f02f63                prf_cleanup = 0x7f02f63
                0x07f02f81                nvds_init = 0x7f02f81
                0x07f02f89                SetSystemVars = 0x7f02f89
                0x07f02f93                dbg_init = 0x7f02f93
                0x07f02f9d                dbg_platform_reset_complete = 0x7f02f9d
                0x07f02fb7                l2cc_pdu_pack = 0x7f02fb7
                0x07f02fcd                l2cc_pdu_unpack = 0x7f02fcd
                0x07f02fe5                l2c_send_lecb_message = 0x7f02fe5
                0x07f02fef                l2c_process_sdu = 0x7f02fef
                0x07f03019                atts_l2cc_pdu_recv_handler = 0x7f03019
                0x07f03023                attc_l2cc_pdu_recv_handler = 0x7f03023
                0x07f03031                co_buf_init = 0x7f03031
                0x07f030cb                co_buf_rx_free = 0x7f030cb
                0x07f030e5                co_buf_rx_buffer_get = 0x7f030e5
                0x07f030ef                co_buf_tx_buffer_get = 0x7f030ef
                0x07f0310d                co_list_init = 0x7f0310d
                0x07f0311d                co_list_pop_front = 0x7f0311d
                0x07f0313f                co_list_flush = 0x7f0313f
                0x07f03155                co_list_push_back = 0x7f03155
                0x07f03179                co_list_pool_init = 0x7f03179
                0x07f031e1                co_list_push_front = 0x7f031e1
                0x07f031fd                co_list_extract = 0x7f031fd
                0x07f0324d                co_list_find = 0x7f0324d
                0x07f03263                co_list_merge = 0x7f03263
                0x07f0327f                co_list_insert_before = 0x7f0327f
                0x07f032b7                co_list_insert_after = 0x7f032b7
                0x07f032f3                co_list_size = 0x7f032f3
                0x07f03307                co_bdaddr_compare = 0x7f03307
                0x07f03325                llc_init = 0x7f03325
                0x07f0334f                llc_stop = 0x7f0334f
                0x07f03395                llc_reset = 0x7f03395
                0x07f033b7                llc_le_con_cmp_evt_send = 0x7f033b7
                0x07f0343b                llc_start = 0x7f0343b
                0x07f03563                llc_discon_event_complete_send = 0x7f03563
                0x07f03585                llc_con_update_complete_send = 0x7f03585
                0x07f035bd                llc_ltk_req_send = 0x7f035bd
                0x07f035f3                llc_feats_rd_event_send = 0x7f035f3
                0x07f0362d                llc_version_rd_event_send = 0x7f0362d
                0x07f0365f                llc_common_cmd_complete_send = 0x7f0365f
                0x07f0367d                llc_common_cmd_status_send = 0x7f0367d
                0x07f03699                llc_common_flush_occurred_send = 0x7f03699
                0x07f036b3                llc_common_enc_key_ref_comp_evt_send = 0x7f036b3
                0x07f036d1                llc_common_enc_change_evt_send = 0x7f036d1
                0x07f03749                llc_common_nb_of_pkt_comp_evt_send = 0x7f03749
                0x07f03769                llc_con_update_ind = 0x7f03769
                0x07f037c5                llc_lsto_con_update = 0x7f037c5
                0x07f037f7                llc_map_update_ind = 0x7f037f7
                0x07f03875                llc_chnl_map_req_send = 0x7f03875
                0x07f03891                llc_add_bad_chnl = 0x7f03891
                0x07f03983                llc_version_ind_pdu_send = 0x7f03983
                0x07f039c5                llc_ch_map_update_pdu_send = 0x7f039c5
                0x07f03a09                llc_pause_enc_req_pdu_send = 0x7f03a09
                0x07f03a4b                llc_pause_enc_rsp_pdu_send = 0x7f03a4b
                0x07f03aa3                llc_enc_req_pdu_send = 0x7f03aa3
                0x07f03b63                llc_enc_rsp_pdu_send = 0x7f03b63
                0x07f03bf7                llc_start_enc_rsp_pdu_send = 0x7f03bf7
                0x07f03c41                llc_reject_ind_pdu_send = 0x7f03c41
                0x07f03cab                llc_con_update_pdu_send = 0x7f03cab
                0x07f03cf5                llc_con_param_req_pdu_send = 0x7f03cf5
                0x07f03d8d                llc_con_param_rsp_pdu_send = 0x7f03d8d
                0x07f03e0f                llc_feats_req_pdu_send = 0x7f03e0f
                0x07f03e63                llc_start_enc_req_pdu_send = 0x7f03e63
                0x07f03efd                llc_terminate_ind_pdu_send = 0x7f03efd
                0x07f03f65                llc_unknown_rsp_send_pdu = 0x7f03f65
                0x07f03f8d                llc_ping_req_pdu_send = 0x7f03f8d
                0x07f03fb1                llc_ping_rsp_pdu_send = 0x7f03fb1
                0x07f03fd5                llc_feats_req_ind = 0x7f03fd5
                0x07f0402b                llc_feats_rsp_ind = 0x7f0402b
                0x07f04083                llc_vers_ind_ind = 0x7f04083
                0x07f04107                llc_terminate_ind = 0x7f04107
                0x07f04143                llc_pause_enc_req_ind = 0x7f04143
                0x07f04181                llc_pause_enc_rsp_ind = 0x7f04181
                0x07f041f5                llc_enc_req_ind = 0x7f041f5
                0x07f04299                llc_enc_rsp_ind = 0x7f04299
                0x07f04343                llc_start_enc_req_ind = 0x7f04343
                0x07f043a5                llc_start_enc_rsp_ind = 0x7f043a5
                0x07f04423                llc_cntl_rcv = 0x7f04423
                0x07f044af                llcp_con_param_req_pdu_unpk = 0x7f044af
                0x07f04527                llcp_con_param_rsp_pdu_unpk = 0x7f04527
                0x07f045b1                llc_con_update_req_ind = 0x7f045b1
                0x07f045fd                llc_ch_map_req_ind = 0x7f045fd
                0x07f04659                llc_data_rcv = 0x7f04659
                0x07f04713                llcp_channel_map_req_handler = 0x7f04713
                0x07f060d1                llc_util_get_free_conhdl = 0x7f060d1
                0x07f06101                llc_util_dicon_procedure = 0x7f06101
                0x07f06127                llc_util_gen_skdx = 0x7f06127
                0x07f06149                llc_util_update_channel_map = 0x7f06149
                0x07f0615b                llc_util_set_llcp_discard_enable = 0x7f0615b
                0x07f06173                llc_util_set_auth_payl_to_margin = 0x7f06173
                0x07f061a5                lld_init = 0x7f061a5
                0x07f062f3                lld_reset = 0x7f062f3
                0x07f06341                lld_adv_start = 0x7f06341
                0x07f06475                lld_adv_stop = 0x7f06475
                0x07f0649b                lld_scan_start = 0x7f0649b
                0x07f065ed                lld_scan_stop = 0x7f065ed
                0x07f06625                lld_con_start = 0x7f06625
                0x07f0699d                lld_move_to_master = 0x7f0699d
                0x07f06a31                lld_con_update_req = 0x7f06a31
                0x07f06aab                lld_con_update_after_param_req = 0x7f06aab
                0x07f06c91                lld_con_param_rsp = 0x7f06c91
                0x07f06d8b                lld_con_param_req = 0x7f06d8b
                0x07f06e5d                lld_con_stop = 0x7f06e5d
                0x07f06eb3                lld_get_mode = 0x7f06eb3
                0x07f06ed7                lld_move_to_slave = 0x7f06ed7
                0x07f07057                lld_ch_map_ind = 0x7f07057
                0x07f07075                lld_con_update_ind = 0x7f07075
                0x07f0708b                lld_crypt_isr = 0x7f0708b
                0x07f07095                lld_test_mode_tx_func = 0x7f07095
                0x07f0710f                lld_test_mode_rx_func = 0x7f0710f
                0x07f07193                lld_test_stop_func = 0x7f07193
                0x07f0724d                lld_data_rx_check = 0x7f0724d
                0x07f07291                lld_data_rx_flush = 0x7f07291
                0x07f072b5                lld_data_tx_check = 0x7f072b5
                0x07f07341                lld_data_tx_loop = 0x7f07341
                0x07f0736f                lld_data_tx_push = 0x7f0736f
                0x07f073d1                lld_data_tx_prog = 0x7f073d1
                0x07f074e3                lld_data_tx_flush = 0x7f074e3
                0x07f075bf                lld_evt_drift_compute = 0x7f075bf
                0x07f0769d                lld_evt_elt_delete = 0x7f0769d
                0x07f07c15                lld_evt_deffered_elt_handler = 0x7f07c15
                0x07f07cc3                lld_evt_init = 0x7f07cc3
                0x07f07d21                lld_evt_init_evt = 0x7f07d21
                0x07f07d3f                lld_evt_elt_insert = 0x7f07d3f
                0x07f07d89                lld_evt_conhdl2elt = 0x7f07d89
                0x07f07da5                lld_evt_schedule_next = 0x7f07da5
                0x07f07e59                lld_evt_schedule = 0x7f07e59
                0x07f07ee1                lld_evt_prevent_stop = 0x7f07ee1
                0x07f07ee3                lld_evt_canceled = 0x7f07ee3
                0x07f07f07                lld_evt_scan_create = 0x7f07f07
                0x07f07ff9                lld_evt_move_to_master = 0x7f07ff9
                0x07f080d1                lld_evt_update_create = 0x7f080d1
                0x07f081fb                lld_evt_ch_map_update_req = 0x7f081fb
                0x07f08213                lld_evt_move_to_slave = 0x7f08213
                0x07f08443                lld_evt_slave_update = 0x7f08443
                0x07f084d9                lld_evt_adv_create = 0x7f084d9
                0x07f0855d                lld_evt_end = 0x7f0855d
                0x07f08633                lld_evt_rx = 0x7f08633
                0x07f08663                lld_evt_timer_isr = 0x7f08663
                0x07f0866d                lld_evt_end_isr = 0x7f0866d
                0x07f086a1                lld_evt_rx_isr = 0x7f086a1
                0x07f088cd                lld_sleep_us_2_lpcycles_func = 0x7f088cd
                0x07f088eb                lld_sleep_lpcycles_2_us_func = 0x7f088eb
                0x07f0890f                lld_sleep_compensate_func = 0x7f0890f
                0x07f08941                lld_sleep_init_func = 0x7f08941
                0x07f089eb                lld_sleep_enter = 0x7f089eb
                0x07f08a2b                lld_sleep_wakeup = 0x7f08a2b
                0x07f08a45                lld_sleep_wakeup_end = 0x7f08a45
                0x07f08a69                lld_wlcoex_connection_complete = 0x7f08a69
                0x07f08a81                lld_wlcoex_remove_connection = 0x7f08a81
                0x07f08a95                lld_wlcoex_set = 0x7f08a95
                0x07f08aa9                lld_util_get_bd_address = 0x7f08aa9
                0x07f08ac9                lld_util_set_bd_address = 0x7f08ac9
                0x07f08b05                lld_util_freq2chnl = 0x7f08b05
                0x07f08b27                lld_util_get_local_offset = 0x7f08b27
                0x07f08b41                lld_util_get_peer_offset = 0x7f08b41
                0x07f08b5d                lld_util_connection_param_set = 0x7f08b5d
                0x07f08bad                llm_wl_clr = 0x7f08bad
                0x07f08bd5                llm_init = 0x7f08bd5
                0x07f08d4b                llm_common_cmd_complete_send = 0x7f08d4b
                0x07f08d63                llm_ble_ready = 0x7f08d63
                0x07f08d69                llm_con_req_ind = 0x7f08d69
                0x07f08e73                llm_adv_report_set = 0x7f08e73
                0x07f08ee7                llm_le_adv_report_ind = 0x7f08ee7
                0x07f08fb1                llm_con_req_tx_cfm = 0x7f08fb1
                0x07f0906d                llm_common_cmd_status_send = 0x7f0906d
                0x07f09085                llm_test_mode_start_tx = 0x7f09085
                0x07f0915b                llm_test_mode_start_rx = 0x7f0915b
                0x07f0919b                llm_set_adv_param = 0x7f0919b
                0x07f092cf                llm_set_adv_en = 0x7f092cf
                0x07f093dd                llm_set_adv_data = 0x7f093dd
                0x07f09475                llm_set_scan_rsp_data = 0x7f09475
                0x07f094fd                llm_set_scan_param = 0x7f094fd
                0x07f09571                llm_set_scan_en = 0x7f09571
                0x07f095f7                llm_wl_dev_add = 0x7f095f7
                0x07f09645                llm_wl_dev_rem = 0x7f09645
                0x07f09675                llm_create_con = 0x7f09675
                0x07f09805                llm_encryption_start = 0x7f09805
                0x07f09887                llm_encryption_done_func = 0x7f09887
                0x07f09929                llm_get_chnl_assess_nb_pkt = 0x7f09929
                0x07f0992f                llm_get_chnl_assess_nb_bad_pkt = 0x7f0992f
                0x07f09935                llm_get_min_rssi = 0x7f09935
                0x07f0a361                llm_util_bd_addr_in_wl = 0x7f0a361
                0x07f0a3d9                llm_util_check_address_validity = 0x7f0a3d9
                0x07f0a3e9                llm_util_check_map_validity = 0x7f0a3e9
                0x07f0a42f                llm_util_apply_bd_addr = 0x7f0a42f
                0x07f0a447                llm_util_set_public_addr = 0x7f0a447
                0x07f0a455                llm_util_check_evt_mask = 0x7f0a455
                0x07f0a477                llm_util_get_channel_map = 0x7f0a477
                0x07f0a485                llm_util_get_supp_features = 0x7f0a485
                0x07f0a491                llm_util_adv_data_update = 0x7f0a491
                0x07f0a4b5                llm_util_bl_check = 0x7f0a4b5
                0x07f0a4f7                llm_util_bl_add = 0x7f0a4f7
                0x07f0a54d                llm_util_bl_rem = 0x7f0a54d
                0x07f0a5ad                ea_time_get_slot_rounded = 0x7f0a5ad
                0x07f0a671                ea_init = 0x7f0a671
                0x07f0a6c5                ea_elt_create = 0x7f0a6c5
                0x07f0a6df                ea_time_get_halfslot_rounded = 0x7f0a6df
                0x07f0a709                ea_elt_insert = 0x7f0a709
                0x07f0a93f                ea_elt_remove = 0x7f0a93f
                0x07f0a9c9                ea_elt_delete = 0x7f0a9c9
                0x07f0a9e3                ea_interval_create = 0x7f0a9e3
                0x07f0a9f9                ea_interval_insert = 0x7f0a9f9
                0x07f0aa05                ea_interval_delete = 0x7f0aa05
                0x07f0aa1d                ea_finetimer_isr = 0x7f0aa1d
                0x07f0aaf1                ea_sw_isr = 0x7f0aaf1
                0x07f0ab11                ea_offset_req = 0x7f0ab11
                0x07f0accd                ea_sleep_check = 0x7f0accd
                0x07f0ad23                ea_interval_duration_req = 0x7f0ad23
                0x07f0ae43                flash_identify = 0x7f0ae43
                0x07f0ae91                flash_init = 0x7f0ae91
                0x07f0aecd                flash_erase = 0x7f0aecd
                0x07f0af31                flash_write = 0x7f0af31
                0x07f0af95                flash_read = 0x7f0af95
                0x07f0b023                uart_init_func = 0x7f0b023
                0x07f0b06d                uart_flow_on_func = 0x7f0b06d
                0x07f0b075                uart_flow_off_func = 0x7f0b075
                0x07f0b0c5                uart_finish_transfers_func = 0x7f0b0c5
                0x07f0b0dd                uart_read_func = 0x7f0b0dd
                0x07f0b0f3                uart_write_func = 0x7f0b0f3
                0x07f0b115                UART_Handler_func = 0x7f0b115
                0x07f0b167                uart_set_flow_off_retries_limit = 0x7f0b167
                0x07f0b1c1                gtl_init_func = 0x7f0b1c1
                0x07f0b1e9                gtl_enter_sleep = 0x7f0b1e9
                0x07f0b213                gtl_exit_sleep = 0x7f0b213
                0x07f0b21b                gtl_send_msg = 0x7f0b21b
                0x07f0b2a1                gtl_eif_read_start_func = 0x7f0b2a1
                0x07f0b2c1                gtl_eif_read_hdr_func = 0x7f0b2c1
                0x07f0b2e1                gtl_eif_read_payl_func = 0x7f0b2e1
                0x07f0b31f                gtl_eif_tx_done_func = 0x7f0b31f
                0x07f0b32f                gtl_eif_rx_done_func = 0x7f0b32f
                0x07f0b461                gtl_eif_init_func = 0x7f0b461
                0x07f0b47b                gtl_eif_write = 0x7f0b47b
                0x07f0b49d                gtl_eif_start = 0x7f0b49d
                0x07f0b4a7                gtl_eif_stop = 0x7f0b4a7
                0x07f0b4c3                gtl_env_curr_msg_type_set = 0x7f0b4c3
                0x07f0b7a5                hci_tl_send = 0x7f0b7a5
                0x07f0b7ed                hci_tl_init = 0x7f0b7ed
                0x07f0b811                hci_cmd_get_max_param_size = 0x7f0b811
                0x07f0b85b                hci_cmd_received = 0x7f0b85b
                0x07f0b997                hci_acl_tx_data_alloc = 0x7f0b997
                0x07f0b9f9                hci_acl_tx_data_received = 0x7f0b9f9
                0x07f0ba3d                hci_acl_rx_data_alloc = 0x7f0ba3d
                0x07f0ba49                hci_acl_rx_data_received = 0x7f0ba49
                0x07f0ba7f                hci_evt_received = 0x7f0ba7f
                0x07f0bc2b                hci_tl_env_tx_queue_cnt_get = 0x7f0bc2b
                0x07f0bd43                hci_util_pack = 0x7f0bd43
                0x07f0be43                hci_util_unpack = 0x7f0be43
                0x07f0c319                hci_look_for_cmd_desc = 0x7f0c319
                0x07f0c365                hci_look_for_evt_desc = 0x7f0c365
                0x07f0c389                hci_look_for_le_evt_desc = 0x7f0c389
                0x07f0c3b1                hci_evt_mask_set = 0x7f0c3b1
                0x07f0c3f9                hci_init = 0x7f0c3f9
                0x07f0c42d                hci_send_2_host = 0x7f0c42d
                0x07f0c503                hci_send_2_controller = 0x7f0c503
                0x07f0c5dd                h4tl_read_start_func = 0x7f0c5dd
                0x07f0c5fb                h4tl_read_hdr_func = 0x7f0c5fb
                0x07f0c617                h4tl_read_payl_func = 0x7f0c617
                0x07f0c631                h4tl_read_next_out_of_sync_func = 0x7f0c631
                0x07f0c645                h4tl_out_of_sync_func = 0x7f0c645
                0x07f0c66b                h4tl_out_of_sync_check = 0x7f0c66b
                0x07f0c6c7                h4tl_tx_done_func = 0x7f0c6c7
                0x07f0c6db                h4tl_rx_done_func = 0x7f0c6db
                0x07f0c7ff                h4tl_init_func = 0x7f0c7ff
                0x07f0c81b                h4tl_write = 0x7f0c81b
                0x07f0c843                h4tl_start = 0x7f0c843
                0x07f0c84b                h4tl_stop = 0x7f0c84b
                0x07f0c85f                h4tl_env_rx_type_set = 0x7f0c85f
                0x07f0c86b                h4tl_env_hdr_set = 0x7f0c86b
                0x07f0c8a9                attc_send_att_req = 0x7f0c8a9
                0x07f0c8e5                attc_allocate_att_req = 0x7f0c8e5
                0x07f0c907                attc_send_hdl_cfm = 0x7f0c907
                0x07f0c91d                attc_send_execute = 0x7f0c91d
                0x07f0c937                attc_send_read_ind = 0x7f0c937
                0x07f0d27f                attc_l2cc_pdu_recv_handler_func = 0x7f0d27f
                0x07f0d2d9                attm_convert_to128 = 0x7f0d2d9
                0x07f0d309                attm_uuid_comp = 0x7f0d309
                0x07f0d361                attm_uuid16_comp = 0x7f0d361
                0x07f0d36d                attm_is_bt16_uuid = 0x7f0d36d
                0x07f0d393                attm_is_bt32_uuid = 0x7f0d393
                0x07f0d767                attmdb_add_service = 0x7f0d767
                0x07f0d7ed                attmdb_destroy = 0x7f0d7ed
                0x07f0d807                attmdb_get_service = 0x7f0d807
                0x07f0d845                attmdb_get_attribute = 0x7f0d845
                0x07f0d879                attmdb_get_next_att = 0x7f0d879
                0x07f0d8dd                attmdb_uuid16_comp = 0x7f0d8dd
                0x07f0d917                attmdb_att_set_value = 0x7f0d917
                0x07f0d9c3                attmdb_get_max_len = 0x7f0d9c3
                0x07f0da29                attmdb_get_uuid = 0x7f0da29
                0x07f0dafd                attmdb_get_value = 0x7f0dafd
                0x07f0dc4f                attmdb_att_set_permission = 0x7f0dc4f
                0x07f0dcbf                attmdb_att_update_perm = 0x7f0dcbf
                0x07f0dd2d                attmdb_svc_get_permission = 0x7f0dd2d
                0x07f0dd4b                attmdb_att_get_permission = 0x7f0dd4b
                0x07f0de41                attmdb_svc_set_permission = 0x7f0de41
                0x07f0de65                attmdb_init = 0x7f0de65
                0x07f0de7b                attmdb_get_nb_svc = 0x7f0de7b
                0x07f0de8f                attmdb_get_svc_info = 0x7f0de8f
                0x07f0dec3                attm_svc_create_db = 0x7f0dec3
                0x07f0dfab                attmdb_reserve_handle_range = 0x7f0dfab
                0x07f0e14b                atts_clear_read_cache = 0x7f0e14b
                0x07f0e29f                atts_send_error = 0x7f0e29f
                0x07f0e2bb                atts_write_signed_cfm = 0x7f0e2bb
                0x07f0e2fb                atts_send_event = 0x7f0e2fb