Archive member included because of file (symbol)

d:/program files (x86)/dialog semiconductor/smartsnippets/cdt/other/arm-none-eabi/bin/../lib/gcc/arm-none-eabi/4.9.3/armv6-m\libgcc.a(_thumb1_case_sqi.o)
                              ./sdk/sys_man/sys_clock_mgr.o (__gnu_thumb1_case_sqi)
d:/program files (x86)/dialog semiconductor/smartsnippets/cdt/other/arm-none-eabi/bin/../lib/gcc/arm-none-eabi/4.9.3/armv6-m\libgcc.a(_thumb1_case_uqi.o)
                              ./sdk/peripherals/src/hw_dma.o (__gnu_thumb1_case_uqi)
d:/program files (x86)/dialog semiconductor/smartsnippets/cdt/other/arm-none-eabi/bin/../lib/gcc/arm-none-eabi/4.9.3/armv6-m\libgcc.a(_thumb1_case_shi.o)
                              ./sdk/sys_man/sys_charger.o (__gnu_thumb1_case_shi)
d:/program files (x86)/dialog semiconductor/smartsnippets/cdt/other/arm-none-eabi/bin/../lib/gcc/arm-none-eabi/4.9.3/armv6-m\libgcc.a(_udivsi3.o)
                              ./sdk/sys_man/sys_clock_mgr.o (__aeabi_uidiv)
d:/program files (x86)/dialog semiconductor/smartsnippets/cdt/other/arm-none-eabi/bin/../lib/gcc/arm-none-eabi/4.9.3/armv6-m\libgcc.a(_dvmd_tls.o)
                              d:/program files (x86)/dialog semiconductor/smartsnippets/cdt/other/arm-none-eabi/bin/../lib/gcc/arm-none-eabi/4.9.3/armv6-m\libgcc.a(_udivsi3.o) (__aeabi_idiv0)
d:/program files (x86)/dialog semiconductor/smartsnippets/cdt/other/arm-none-eabi/bin/../lib/gcc/arm-none-eabi/4.9.3/../../../../arm-none-eabi/lib/armv6-m\libg_nano.a(lib_a-exit.o)
                              d:/program files (x86)/dialog semiconductor/smartsnippets/cdt/other/arm-none-eabi/bin/../lib/gcc/arm-none-eabi/4.9.3/../../../../arm-none-eabi/lib/armv6-m/crt0.o (exit)
d:/program files (x86)/dialog semiconductor/smartsnippets/cdt/other/arm-none-eabi/bin/../lib/gcc/arm-none-eabi/4.9.3/../../../../arm-none-eabi/lib/armv6-m\libg_nano.a(lib_a-fflush.o)
                              ./main.o (fflush)
d:/program files (x86)/dialog semiconductor/smartsnippets/cdt/other/arm-none-eabi/bin/../lib/gcc/arm-none-eabi/4.9.3/../../../../arm-none-eabi/lib/armv6-m\libg_nano.a(lib_a-findfp.o)
                              d:/program files (x86)/dialog semiconductor/smartsnippets/cdt/other/arm-none-eabi/bin/../lib/gcc/arm-none-eabi/4.9.3/../../../../arm-none-eabi/lib/armv6-m\libg_nano.a(lib_a-fflush.o) (__sinit)
d:/program files (x86)/dialog semiconductor/smartsnippets/cdt/other/arm-none-eabi/bin/../lib/gcc/arm-none-eabi/4.9.3/../../../../arm-none-eabi/lib/armv6-m\libg_nano.a(lib_a-fwalk.o)
                              d:/program files (x86)/dialog semiconductor/smartsnippets/cdt/other/arm-none-eabi/bin/../lib/gcc/arm-none-eabi/4.9.3/../../../../arm-none-eabi/lib/armv6-m\libg_nano.a(lib_a-findfp.o) (_fwalk)
d:/program files (x86)/dialog semiconductor/smartsnippets/cdt/other/arm-none-eabi/bin/../lib/gcc/arm-none-eabi/4.9.3/../../../../arm-none-eabi/lib/armv6-m\libg_nano.a(lib_a-impure.o)
                              d:/program files (x86)/dialog semiconductor/smartsnippets/cdt/other/arm-none-eabi/bin/../lib/gcc/arm-none-eabi/4.9.3/../../../../arm-none-eabi/lib/armv6-m\libg_nano.a(lib_a-exit.o) (_global_impure_ptr)
d:/program files (x86)/dialog semiconductor/smartsnippets/cdt/other/arm-none-eabi/bin/../lib/gcc/arm-none-eabi/4.9.3/../../../../arm-none-eabi/lib/armv6-m\libg_nano.a(lib_a-init.o)
                              d:/program files (x86)/dialog semiconductor/smartsnippets/cdt/other/arm-none-eabi/bin/../lib/gcc/arm-none-eabi/4.9.3/../../../../arm-none-eabi/lib/armv6-m/crt0.o (__libc_init_array)
d:/program files (x86)/dialog semiconductor/smartsnippets/cdt/other/arm-none-eabi/bin/../lib/gcc/arm-none-eabi/4.9.3/../../../../arm-none-eabi/lib/armv6-m\libg_nano.a(lib_a-memcmp.o)
                              ./sdk/free_rtos/tasks.o (memcmp)
d:/program files (x86)/dialog semiconductor/smartsnippets/cdt/other/arm-none-eabi/bin/../lib/gcc/arm-none-eabi/4.9.3/../../../../arm-none-eabi/lib/armv6-m\libg_nano.a(lib_a-memcpy.o)
                              ./sdk/osal/msg_queues.o (memcpy)
d:/program files (x86)/dialog semiconductor/smartsnippets/cdt/other/arm-none-eabi/bin/../lib/gcc/arm-none-eabi/4.9.3/../../../../arm-none-eabi/lib/armv6-m\libg_nano.a(lib_a-memset.o)
                              d:/program files (x86)/dialog semiconductor/smartsnippets/cdt/other/arm-none-eabi/bin/../lib/gcc/arm-none-eabi/4.9.3/../../../../arm-none-eabi/lib/armv6-m/crt0.o (memset)
d:/program files (x86)/dialog semiconductor/smartsnippets/cdt/other/arm-none-eabi/bin/../lib/gcc/arm-none-eabi/4.9.3/../../../../arm-none-eabi/lib/armv6-m\libg_nano.a(lib_a-nano-freer.o)
                              d:/program files (x86)/dialog semiconductor/smartsnippets/cdt/other/arm-none-eabi/bin/../lib/gcc/arm-none-eabi/4.9.3/../../../../arm-none-eabi/lib/armv6-m\libg_nano.a(lib_a-fflush.o) (_free_r)
[...]
Memory Configuration

Name             Origin             Length             Attributes
ROM              0x07fc0000         0x00010000         xr
RetRAM0          0x07fd7800         0x00006000         xrw
RetRAM1          0x00000000         0x00000000         xrw
RAM              0x07fd0000         0x00007800         rw
*default*        0x00000000         0xffffffff

Linker script and memory map

LOAD d:/program files (x86)/dialog semiconductor/smartsnippets/cdt/other/arm-none-eabi/bin/../lib/gcc/arm-none-eabi/4.9.3/armv6-m/crti.o
LOAD d:/program files (x86)/dialog semiconductor/smartsnippets/cdt/other/arm-none-eabi/bin/../lib/gcc/arm-none-eabi/4.9.3/armv6-m/crtbegin.o
LOAD d:/program files (x86)/dialog semiconductor/smartsnippets/cdt/other/arm-none-eabi/bin/../lib/gcc/arm-none-eabi/4.9.3/../../../../arm-none-eabi/lib/armv6-m/crt0.o
LOAD ./startup/config.o
LOAD ./startup/startup_ARMCM0.o
LOAD ./startup/system_ARMCM0.o
LOAD ./startup/vector_table.o
LOAD ./sdk/sys_man/sys_charger.o
LOAD ./sdk/sys_man/sys_clock_mgr.o
LOAD ./sdk/sys_man/sys_power_mgr.o
LOAD ./sdk/sys_man/sys_rtc.o
LOAD ./sdk/sys_man/sys_watchdog.o
LOAD ./sdk/peripherals/src/hw_aes_hash.o
LOAD ./sdk/peripherals/src/hw_cpm.o
LOAD ./sdk/peripherals/src/hw_dma.o
LOAD ./sdk/peripherals/src/hw_fem_sky66112-11.o
LOAD ./sdk/peripherals/src/hw_gpadc.o
LOAD ./sdk/peripherals/src/hw_gpio.o
LOAD ./sdk/peripherals/src/hw_hard_fault.o
LOAD ./sdk/peripherals/src/hw_i2c.o
LOAD ./sdk/peripherals/src/hw_irgen.o
LOAD ./sdk/peripherals/src/hw_keyboard_scanner.o
LOAD ./sdk/peripherals/src/hw_otpc.o
LOAD ./sdk/peripherals/src/hw_qspi.o
LOAD ./sdk/peripherals/src/hw_quad.o
LOAD ./sdk/peripherals/src/hw_rf.o
LOAD ./sdk/peripherals/src/hw_soc.o
LOAD ./sdk/peripherals/src/hw_spi.o
LOAD ./sdk/peripherals/src/hw_tempsens.o
LOAD ./sdk/peripherals/src/hw_timer0.o
LOAD ./sdk/peripherals/src/hw_timer1.o
LOAD ./sdk/peripherals/src/hw_timer2.o
LOAD ./sdk/peripherals/src/hw_trng.o
LOAD ./sdk/peripherals/src/hw_uart.o
LOAD ./sdk/peripherals/src/hw_usb_charger.o
LOAD ./sdk/peripherals/src/hw_watchdog.o
LOAD ./sdk/peripherals/src/hw_wkup.o
LOAD ./sdk/peripherals/src/sys_tcs.o
LOAD ./sdk/osal/msg_queues.o
LOAD ./sdk/osal/resmgmt.o
LOAD ./sdk/memory/src/qspi_automode.o
LOAD ./sdk/free_rtos/portable/MemMang/heap_4.o
LOAD ./sdk/free_rtos/portable/GCC/ARM_CM0/port.o
LOAD ./sdk/free_rtos/croutine.o
LOAD ./sdk/free_rtos/event_groups.o
LOAD ./sdk/free_rtos/list.o
LOAD ./sdk/free_rtos/queue.o
LOAD ./sdk/free_rtos/tasks.o
LOAD ./sdk/free_rtos/timers.o
LOAD ./sdk/adapters/src/ad_battery.o
LOAD ./sdk/adapters/src/ad_flash.o
LOAD ./sdk/adapters/src/ad_gpadc.o
LOAD ./sdk/adapters/src/ad_i2c.o
LOAD ./sdk/adapters/src/ad_nvms.o
LOAD ./sdk/adapters/src/ad_nvms_direct.o
LOAD ./sdk/adapters/src/ad_nvms_ves.o
LOAD ./sdk/adapters/src/ad_nvparam.o
LOAD ./sdk/adapters/src/ad_rf.o
LOAD ./sdk/adapters/src/ad_spi.o
LOAD ./sdk/adapters/src/ad_temp_sens.o
LOAD ./sdk/adapters/src/ad_uart.o
LOAD ./sdk/adapters/src/ad_uart_ble.o
LOAD ./main.o
START GROUP
LOAD d:/program files (x86)/dialog semiconductor/smartsnippets/cdt/other/arm-none-eabi/bin/../lib/gcc/arm-none-eabi/4.9.3/armv6-m\libgcc.a
LOAD d:/program files (x86)/dialog semiconductor/smartsnippets/cdt/other/arm-none-eabi/bin/../lib/gcc/arm-none-eabi/4.9.3/../../../../arm-none-eabi/lib/armv6-m\libg_nano.a
LOAD d:/program files (x86)/dialog semiconductor/smartsnippets/cdt/other/arm-none-eabi/bin/../lib/gcc/arm-none-eabi/4.9.3/../../../../arm-none-eabi/lib/armv6-m\libc_nano.a
END GROUP
START GROUP
LOAD d:/program files (x86)/dialog semiconductor/smartsnippets/cdt/other/arm-none-eabi/bin/../lib/gcc/arm-none-eabi/4.9.3/armv6-m\libgcc.a
LOAD d:/program files (x86)/dialog semiconductor/smartsnippets/cdt/other/arm-none-eabi/bin/../lib/gcc/arm-none-eabi/4.9.3/../../../../arm-none-eabi/lib/armv6-m\libc_nano.a
LOAD d:/program files (x86)/dialog semiconductor/smartsnippets/cdt/other/arm-none-eabi/bin/../lib/gcc/arm-none-eabi/4.9.3/../../../../arm-none-eabi/lib/armv6-m\libnosys.a
END GROUP
START GROUP
LOAD d:/program files (x86)/dialog semiconductor/smartsnippets/cdt/other/arm-none-eabi/bin/../lib/gcc/arm-none-eabi/4.9.3/armv6-m\libgcc.a
LOAD d:/program files (x86)/dialog semiconductor/smartsnippets/cdt/other/arm-none-eabi/bin/../lib/gcc/arm-none-eabi/4.9.3/../../../../arm-none-eabi/lib/armv6-m\libc_nano.a
LOAD d:/program files (x86)/dialog semiconductor/smartsnippets/cdt/other/arm-none-eabi/bin/../lib/gcc/arm-none-eabi/4.9.3/../../../../arm-none-eabi/lib/armv6-m\libnosys.a
END GROUP
LOAD d:/program files (x86)/dialog semiconductor/smartsnippets/cdt/other/arm-none-eabi/bin/../lib/gcc/arm-none-eabi/4.9.3/armv6-m/crtend.o
LOAD d:/program files (x86)/dialog semiconductor/smartsnippets/cdt/other/arm-none-eabi/bin/../lib/gcc/arm-none-eabi/4.9.3/armv6-m/crtn.o

.text           0x07fc0000     0x5470
 *(.isr_vector)
 .isr_vector    0x07fc0000       0xc0 ./startup/vector_table.o
                0x07fc0000                __isr_vector
                0x000000c0                . = 0xc0
 *(.patch_table)
 .patch_table   0x07fc00c0       0x40 ./startup/vector_table.o
                0x07fc00c0                __patch_table_start
                0x00000100                . = 0x100
 *(.patch_table_flash)
                0x00000130                . = 0x130
 *fill*         0x07fc0100       0x30 
 *(.default_patch_code_handler_section)
 .default_patch_code_handler_section
                0x07fc0130        0x4 ./startup/vector_table.o
                0x07fc0130                Default_Patch_Code_Handler
 *(EXCLUDE_FILE(*libgcc.a:_clzsi2.o *libgcc.a:_clzdi2.o *libgcc.a:_udivdi3.o *libgcc.a:bpabi.o *libgcc.a:_dvmd_tls.o *libgcc.a:_muldi3.o *libgcc.a:_aeabi_uldivmod.o) .text*)
 .text          0x07fc0134       0x60 d:/program files (x86)/dialog semiconductor/smartsnippets/cdt/other/arm-none-eabi/bin/../lib/gcc/arm-none-eabi/4.9.3/armv6-m/crtbegin.o
 .text          0x07fc0194       0x78 d:/program files (x86)/dialog semiconductor/smartsnippets/cdt/other/arm-none-eabi/bin/../lib/gcc/arm-none-eabi/4.9.3/../../../../arm-none-eabi/lib/armv6-m/crt0.o
                0x07fc0194                _start
                0x07fc0194                _mainCRTStartup
 .text.set_interrupt_priorities
                0x07fc020c       0x94 ./startup/config.o
                0x07fc020c                set_interrupt_priorities
 .text.retarget_init
                0x07fc02a0       0x24 ./startup/config.o
                0x07fc02a0                retarget_init
 .text._write   0x07fc02c4       0x2c ./startup/config.o
                0x07fc02c4                _write
 .text._read    0x07fc02f0       0x30 ./startup/config.o
                0x07fc02f0                _read
 .text          0x07fc0320      0x100 ./startup/startup_ARMCM0.o
                0x07fc0320                Reset_Handler
                0x07fc0398                TRNG_Handler
                0x07fc0398                RESERVED31_Handler
                0x07fc0398                SPI_Handler
                0x07fc0398                SysTick_Handler
                0x07fc0398                RFCAL_Handler
                0x07fc0398                SWTIM0_Handler
                0x07fc0398                DCDC_Handler
                0x07fc0398                BLE_GEN_Handler
                0x07fc0398                SRC_IN_Handler
                0x07fc0398                QUADEC_Handler
                0x07fc0398                BLE_WAKEUP_LP_Handler
                0x07fc0398                MRM_Handler
                0x07fc0398                USB_Handler
                0x07fc0398                PCM_Handler
                0x07fc0398                IRGEN_Handler
                0x07fc0398                SRC_OUT_Handler
                0x07fc0398                I2C_Handler
                0x07fc0398                COEX_Handler
                0x07fc0398                Default_Handler
                0x07fc0398                SPI2_Handler
                0x07fc0398                I2C2_Handler
                0x07fc0398                KEYBRD_Handler
                0x07fc0398                FTDF_GEN_Handler
                0x07fc0398                RF_DIAG_Handler
                0x07fc0398                FTDF_WAKEUP_Handler
                0x07fc03a4                SVC_Handler
                0x07fc03a6                NMI_Handler
                0x07fc03bc                HardFault_Handler
 .text.hw_otpc_init
                0x07fc0420       0x54 ./startup/system_ARMCM0.o
 .text.hw_cpm_set_pclk_div.constprop.0
                0x07fc0474       0x28 ./startup/system_ARMCM0.o
 .text.hw_cpm_set_hclk_div.constprop.1
                0x07fc049c       0x28 ./startup/system_ARMCM0.o
 .text.SystemInit
                0x07fc04c4       0xb0 ./startup/system_ARMCM0.o
                0x07fc04c4                SystemInit
 .text.SystemInitPost
                0x07fc0574      0x138 ./startup/system_ARMCM0.o
                0x07fc0574                SystemInitPost
 .text.black_orca_phy_addr
                0x07fc06ac       0x24 ./startup/system_ARMCM0.o
                0x07fc06ac                black_orca_phy_addr
 .text.usb_charger_is_battery_low
                0x07fc06d0       0xd8 ./sdk/sys_man/sys_charger.o
                0x07fc06d0                usb_charger_is_battery_low
 .text.hw_cpm_set_hclk_div
                0x07fc07a8       0x2c ./sdk/sys_man/sys_clock_mgr.o
 .text.hw_cpm_set_pclk_div
                0x07fc07d4       0x2e ./sdk/sys_man/sys_clock_mgr.o
 *fill*         0x07fc0802        0x2 
 .text.vLPTimerCallback
                0x07fc0804       0x54 ./sdk/sys_man/sys_clock_mgr.o
 .text.cm_adjust_otp_access_timings
                0x07fc0858       0x4c ./sdk/sys_man/sys_clock_mgr.o
 .text.switch_to_pll
                0x07fc08a4       0x3c ./sdk/sys_man/sys_clock_mgr.o
 .text.switch_to_xtal16
                0x07fc08e0       0x34 ./sdk/sys_man/sys_clock_mgr.o
 .text.cm_check_xtal_startup
                0x07fc0914       0x16 ./sdk/sys_man/sys_clock_mgr.o
                0x07fc0914                cm_check_xtal_startup
 *fill*         0x07fc092a        0x2 
 .text.cm_clk_init_low_level
                0x07fc092c       0x88 ./sdk/sys_man/sys_clock_mgr.o
                0x07fc092c                cm_clk_init_low_level
 .text.cm_apb_set_clock_divider
                0x07fc09b4       0x44 ./sdk/sys_man/sys_clock_mgr.o
                0x07fc09b4                cm_apb_set_clock_divider
 .text.cm_ahb_set_clock_divider
                0x07fc09f8       0x70 ./sdk/sys_man/sys_clock_mgr.o
                0x07fc09f8                cm_ahb_set_clock_divider
 .text.cm_sys_clk_get_fromISR
                0x07fc0a68       0x40 ./sdk/sys_man/sys_clock_mgr.o
                0x07fc0a68                cm_sys_clk_get_fromISR
 .text.cm_apb_get_clock_divider
                0x07fc0aa8       0x48 ./sdk/sys_man/sys_clock_mgr.o
                0x07fc0aa8                cm_apb_get_clock_divider
 .text.cm_ahb_get_clock_divider
                0x07fc0af0       0x50 ./sdk/sys_man/sys_clock_mgr.o
                0x07fc0af0                cm_ahb_get_clock_divider
 .text.cm_sys_clk_init
                0x07fc0b40       0xd8 ./sdk/sys_man/sys_clock_mgr.o
                0x07fc0b40                cm_sys_clk_init
 .text.cm_cpu_clk_get_fromISR
                0x07fc0c18       0x28 ./sdk/sys_man/sys_clock_mgr.o
                0x07fc0c18                cm_cpu_clk_get_fromISR
 .text.cm_lp_clk_timer_start
                0x07fc0c40       0x2c ./sdk/sys_man/sys_clock_mgr.o
                0x07fc0c40                cm_lp_clk_timer_start
 .text.cm_lp_clk_init
                0x07fc0c6c       0x68 ./sdk/sys_man/sys_clock_mgr.o
                0x07fc0c6c                cm_lp_clk_init
 .text.cm_lp_clk_is_avail
                0x07fc0cd4       0x30 ./sdk/sys_man/sys_clock_mgr.o
                0x07fc0cd4                cm_lp_clk_is_avail
 .text.cm_lower_all_clocks
                0x07fc0d04       0xf8 ./sdk/sys_man/sys_clock_mgr.o
                0x07fc0d04                cm_lower_all_clocks
 .text.cm_restore_all_clocks
                0x07fc0dfc       0x58 ./sdk/sys_man/sys_clock_mgr.o
                0x07fc0dfc                cm_restore_all_clocks
 .text.cm_halt_until_xtal16m_ready
                0x07fc0e54       0x58 ./sdk/sys_man/sys_clock_mgr.o
                0x07fc0e54                cm_halt_until_xtal16m_ready
 .text.cm_sys_clk_sleep.part.10
                0x07fc0eac       0x94 ./sdk/sys_man/sys_clock_mgr.o
 .text.xtal16m_is_ready
                0x07fc0f40       0x70 ./sdk/sys_man/sys_clock_mgr.o
 .text.XTAL16RDY_Handler
                0x07fc0fb0       0x38 ./sdk/sys_man/sys_clock_mgr.o
                0x07fc0fb0                XTAL16RDY_Handler
 .text.cm_sys_clk_sleep
                0x07fc0fe8       0x48 ./sdk/sys_man/sys_clock_mgr.o
                0x07fc0fe8                cm_sys_clk_sleep
 .text.cm_sys_clk_wakeup
                0x07fc1030       0x1c ./sdk/sys_man/sys_clock_mgr.o
                0x07fc1030                cm_sys_clk_wakeup
 .text.cm_sys_xtal16m_running
                0x07fc104c        0xa ./sdk/sys_man/sys_clock_mgr.o
                0x07fc104c                cm_sys_xtal16m_running
 .text.hw_cpm_setup_retmem
                0x07fc1056       0x2a ./sdk/sys_man/sys_power_mgr.o
 .text.pm_advance_time_compute
                0x07fc1080       0xa8 ./sdk/sys_man/sys_power_mgr.o
 .text.pm_advance_time_apply
                0x07fc1128       0x40 ./sdk/sys_man/sys_power_mgr.o
 .text.pm_calc_slept_time
                0x07fc1168       0x3c ./sdk/sys_man/sys_power_mgr.o
 .text.pm_system_init
                0x07fc11a4      0x118 ./sdk/sys_man/sys_power_mgr.o
                0x07fc11a4                pm_system_init
 .text.pm_advance_time
                0x07fc12bc       0x14 ./sdk/sys_man/sys_power_mgr.o
                0x07fc12bc                pm_advance_time
 .text.WKUP_GPIO_Handler
                0x07fc12d0       0x14 ./sdk/sys_man/sys_power_mgr.o
                0x07fc12d0                WKUP_GPIO_Handler
 .text.SWTIM1_Handler
                0x07fc12e4       0x54 ./sdk/sys_man/sys_power_mgr.o
                0x07fc12e4                SWTIM1_Handler
 .text.pm_system_wake_up
                0x07fc1338      0x188 ./sdk/sys_man/sys_power_mgr.o
                0x07fc1338                pm_system_wake_up
 .text.pm_sleep_enter
                0x07fc14c0      0x514 ./sdk/sys_man/sys_power_mgr.o
                0x07fc14c0                pm_sleep_enter
 .text.rtc_get_fromISR
                0x07fc19d4       0x3c ./sdk/sys_man/sys_rtc.o
                0x07fc19d4                rtc_get_fromISR
 .text.rtc_get_fromCPM
                0x07fc1a10       0x34 ./sdk/sys_man/sys_rtc.o
                0x07fc1a10                rtc_get_fromCPM
 .text.hw_cpm_sysclk_is_rc16
                0x07fc1a44       0x12 ./sdk/peripherals/src/hw_cpm.o
                0x07fc1a44                hw_cpm_sysclk_is_rc16
 .text.hw_cpm_sysclk_is_xtal16m
                0x07fc1a56       0x10 ./sdk/peripherals/src/hw_cpm.o
                0x07fc1a56                hw_cpm_sysclk_is_xtal16m
 .text.hw_cpm_set_divn
                0x07fc1a66       0x24 ./sdk/peripherals/src/hw_cpm.o
                0x07fc1a66                hw_cpm_set_divn
 *fill*         0x07fc1a8a        0x2 
 .text.hw_cpm_set_sysclk
                0x07fc1a8c       0x5c ./sdk/peripherals/src/hw_cpm.o
                0x07fc1a8c                hw_cpm_set_sysclk
 .text.hw_cpm_pll_sys_on
                0x07fc1ae8       0x40 ./sdk/peripherals/src/hw_cpm.o
                0x07fc1ae8                hw_cpm_pll_sys_on
 .text.hw_cpm_pll_sys_off
                0x07fc1b28       0x18 ./sdk/peripherals/src/hw_cpm.o
                0x07fc1b28                hw_cpm_pll_sys_off
 .text.hw_cpm_dcdc_config
                0x07fc1b40       0x80 ./sdk/peripherals/src/hw_cpm.o
                0x07fc1b40                hw_cpm_dcdc_config
 .text.hw_cpm_dcdc_on
                0x07fc1bc0       0x78 ./sdk/peripherals/src/hw_cpm.o
                0x07fc1bc0                hw_cpm_dcdc_on
 .text.hw_cpm_set_preferred_values
                0x07fc1c38       0x38 ./sdk/peripherals/src/hw_cpm.o
                0x07fc1c38                hw_cpm_set_preferred_values
 .text.hw_cpm_configure_xtal32k_pins
                0x07fc1c70       0x10 ./sdk/peripherals/src/hw_cpm.o
                0x07fc1c70                hw_cpm_configure_xtal32k_pins
 .text.hw_cpm_assert_trigger_gpio
                0x07fc1c80        0x2 ./sdk/peripherals/src/hw_cpm.o
                0x07fc1c80                hw_cpm_assert_trigger_gpio
 *fill*         0x07fc1c82        0x2 
 .text.hw_dma_channel_initialization
                0x07fc1c84      0x148 ./sdk/peripherals/src/hw_dma.o
                0x07fc1c84                hw_dma_channel_initialization
 .text.hw_dma_channel_enable
                0x07fc1dcc       0x48 ./sdk/peripherals/src/hw_dma.o
                0x07fc1dcc                hw_dma_channel_enable
 .text.dma_helper
                0x07fc1e14       0x40 ./sdk/peripherals/src/hw_dma.o
 .text.hw_dma_channel_active
                0x07fc1e54       0x3c ./sdk/peripherals/src/hw_dma.o
                0x07fc1e54                hw_dma_channel_active
 .text.DMA_Handler
                0x07fc1e90       0x6c ./sdk/peripherals/src/hw_dma.o
                0x07fc1e90                DMA_Handler
 .text.hw_gpadc_reset
                0x07fc1efc       0x20 ./sdk/peripherals/src/hw_gpadc.o
                0x07fc1efc                hw_gpadc_reset
 .text.hw_gpadc_adc_measure
                0x07fc1f1c       0x1c ./sdk/peripherals/src/hw_gpadc.o
                0x07fc1f1c                hw_gpadc_adc_measure
 .text.ADC_Handler
                0x07fc1f38       0x20 ./sdk/peripherals/src/hw_gpadc.o
                0x07fc1f38                ADC_Handler
 .text.hw_gpio_set_pin_function
                0x07fc1f58       0x14 ./sdk/peripherals/src/hw_gpio.o
                0x07fc1f58                hw_gpio_set_pin_function
 .text.HardFault_HandlerC
                0x07fc1f6c       0xd4 ./sdk/peripherals/src/hw_hard_fault.o
                0x07fc1f6c                HardFault_HandlerC
 .text.hw_otpc_convert_sys_clk_mhz
                0x07fc2040       0x98 ./sdk/peripherals/src/hw_otpc.o
                0x07fc2040                hw_otpc_convert_sys_clk_mhz
 .text.hw_otpc_disable
                0x07fc20d8       0x84 ./sdk/peripherals/src/hw_otpc.o
                0x07fc20d8                hw_otpc_disable
 .text.hw_otpc_set_speed
                0x07fc215c       0x64 ./sdk/peripherals/src/hw_otpc.o
                0x07fc215c                hw_otpc_set_speed
 .text.hw_otpc_manual_read_on
                0x07fc21c0       0x48 ./sdk/peripherals/src/hw_otpc.o
                0x07fc21c0                hw_otpc_manual_read_on
 .text.hw_otpc_manual_read_off
                0x07fc2208       0x44 ./sdk/peripherals/src/hw_otpc.o
                0x07fc2208                hw_otpc_manual_read_off
 .text.hw_qspi_set_bus_mode
                0x07fc224c       0x32 ./sdk/peripherals/src/hw_qspi.o
                0x07fc224c                hw_qspi_set_bus_mode
 .text.hw_qspi_set_automode
                0x07fc227e       0x9c ./sdk/peripherals/src/hw_qspi.o
                0x07fc227e                hw_qspi_set_automode
 *fill*         0x07fc231a        0x2 
 .text.hw_qspi_init
                0x07fc231c       0x98 ./sdk/peripherals/src/hw_qspi.o
                0x07fc231c                hw_qspi_init
 .text.hw_qspi_set_div
                0x07fc23b4       0x38 ./sdk/peripherals/src/hw_qspi.o
                0x07fc23b4                hw_qspi_set_div
 .text.hw_timer1_lp_clk_init
                0x07fc23ec       0x48 ./sdk/peripherals/src/hw_timer1.o
                0x07fc23ec                hw_timer1_lp_clk_init
 .text.hw_uart_transmit_fifo_empty
                0x07fc2434        0xa ./sdk/peripherals/src/hw_uart.o
 .text.hw_uart_tx_dma_callback
                0x07fc243e       0x14 ./sdk/peripherals/src/hw_uart.o
 *fill*         0x07fc2452        0x2 
 .text.hw_uart_enable_fifo
                0x07fc2454       0x28 ./sdk/peripherals/src/hw_uart.o
 .text.hw_uart_rx_fifo_tr_lvl_setf
                0x07fc247c       0x28 ./sdk/peripherals/src/hw_uart.o
 .text.hw_uart_tx_fifo_tr_lvl_setf
                0x07fc24a4       0x28 ./sdk/peripherals/src/hw_uart.o
 .text.hw_uart_enable_rx_int
                0x07fc24cc       0x34 ./sdk/peripherals/src/hw_uart.o
 .text.hw_uart_irq_stop_receive
                0x07fc2500       0x50 ./sdk/peripherals/src/hw_uart.o
 .text.hw_uart_rx_isr
                0x07fc2550       0x40 ./sdk/peripherals/src/hw_uart.o
 .text.hw_uart_rx_dma_callback
                0x07fc2590       0x3c ./sdk/peripherals/src/hw_uart.o
 .text.hw_uart_read
                0x07fc25cc        0xc ./sdk/peripherals/src/hw_uart.o
                0x07fc25cc                hw_uart_read
 .text.hw_uart_write
                0x07fc25d8        0xc ./sdk/peripherals/src/hw_uart.o
                0x07fc25d8                hw_uart_write
 .text.hw_uart_write_buffer
                0x07fc25e4       0x1e ./sdk/peripherals/src/hw_uart.o
                0x07fc25e4                hw_uart_write_buffer
 *fill*         0x07fc2602        0x2 
 .text.hw_uart_send
                0x07fc2604       0xa0 ./sdk/peripherals/src/hw_uart.o
                0x07fc2604                hw_uart_send
 .text.UART_Interrupt_Handler
                0x07fc26a4       0xe8 ./sdk/peripherals/src/hw_uart.o
                0x07fc26a4                UART_Interrupt_Handler
 .text.UART_Handler
                0x07fc278c       0x10 ./sdk/peripherals/src/hw_uart.o
                0x07fc278c                UART_Handler
 .text.UART2_Handler
                0x07fc279c       0x10 ./sdk/peripherals/src/hw_uart.o
                0x07fc279c                UART2_Handler
 .text.hw_uart_set_dma_channels_ex
                0x07fc27ac      0x174 ./sdk/peripherals/src/hw_uart.o
                0x07fc27ac                hw_uart_set_dma_channels_ex
 .text.hw_uart_init
                0x07fc2920      0x150 ./sdk/peripherals/src/hw_uart.o
                0x07fc2920                hw_uart_init
 .text.hw_charger_check_vbus
                0x07fc2a70       0x20 ./sdk/peripherals/src/hw_usb_charger.o
                0x07fc2a70                hw_charger_check_vbus
 .text.VBUS_Handler
                0x07fc2a90        0x2 ./sdk/peripherals/src/hw_usb_charger.o
                0x07fc2a90                VBUS_Handler
 *fill*         0x07fc2a92        0x2 
 .text.hw_watchdog_freeze
                0x07fc2a94       0x18 ./sdk/peripherals/src/hw_watchdog.o
                0x07fc2a94                hw_watchdog_freeze
 .text.hw_watchdog_unfreeze
                0x07fc2aac        0xc ./sdk/peripherals/src/hw_watchdog.o
                0x07fc2aac                hw_watchdog_unfreeze
 .text.hw_watchdog_handle_int
                0x07fc2ab8       0xf4 ./sdk/peripherals/src/hw_watchdog.o
                0x07fc2ab8                hw_watchdog_handle_int
 .text.NMI_HandlerC
                0x07fc2bac       0x18 ./sdk/peripherals/src/hw_watchdog.o
                0x07fc2bac                NMI_HandlerC
 .text.hw_wkup_handler
                0x07fc2bc4       0x20 ./sdk/peripherals/src/hw_wkup.o
                0x07fc2bc4                hw_wkup_handler
 .text.sys_tcs_sort_area
                0x07fc2be4       0x9c ./sdk/peripherals/src/sys_tcs.o
 .text.sys_tcs_init
                0x07fc2c80       0x20 ./sdk/peripherals/src/sys_tcs.o
                0x07fc2c80                sys_tcs_init
 .text.sys_tcs_store_pair
                0x07fc2ca0       0xf0 ./sdk/peripherals/src/sys_tcs.o
                0x07fc2ca0                sys_tcs_store_pair
 .text.sys_tcs_sort_array
                0x07fc2d90       0xfc ./sdk/peripherals/src/sys_tcs.o
                0x07fc2d90                sys_tcs_sort_array
 .text.sys_tcs_apply
                0x07fc2e8c       0x38 ./sdk/peripherals/src/sys_tcs.o
                0x07fc2e8c                sys_tcs_apply
 .text.resource_init
                0x07fc2ec4       0x40 ./sdk/osal/resmgmt.o
                0x07fc2ec4                resource_init
 .text.prvInsertBlockIntoFreeList
                0x07fc2f04       0x44 ./sdk/free_rtos/portable/MemMang/heap_4.o
 .text.pvPortMalloc
                0x07fc2f48       0xfc ./sdk/free_rtos/portable/MemMang/heap_4.o
                0x07fc2f48                pvPortMalloc
 .text.vPortFree
                0x07fc3044       0x4c ./sdk/free_rtos/portable/MemMang/heap_4.o
                0x07fc3044                vPortFree
 .text.vPortStartFirstTask
                0x07fc3090       0x20 ./sdk/free_rtos/portable/GCC/ARM_CM0/port.o
 .text.prvTaskExitError
                0x07fc30b0       0x1c ./sdk/free_rtos/portable/GCC/ARM_CM0/port.o
 .text.pxPortInitialiseStack
                0x07fc30cc       0x20 ./sdk/free_rtos/portable/GCC/ARM_CM0/port.o
                0x07fc30cc                pxPortInitialiseStack
 .text.xPortStartScheduler
                0x07fc30ec       0xa4 ./sdk/free_rtos/portable/GCC/ARM_CM0/port.o
                0x07fc30ec                xPortStartScheduler
 .text.vPortYield
                0x07fc3190       0x18 ./sdk/free_rtos/portable/GCC/ARM_CM0/port.o
                0x07fc3190                vPortYield
 .text.vPortEnterCritical
                0x07fc31a8       0x18 ./sdk/free_rtos/portable/GCC/ARM_CM0/port.o
                0x07fc31a8                vPortEnterCritical
 .text.vPortExitCritical
                0x07fc31c0       0x24 ./sdk/free_rtos/portable/GCC/ARM_CM0/port.o
                0x07fc31c0                vPortExitCritical
 .text.ulSetInterruptMaskFromISR
                0x07fc31e4        0xa ./sdk/free_rtos/portable/GCC/ARM_CM0/port.o
                0x07fc31e4                ulSetInterruptMaskFromISR
 .text.vClearInterruptMaskFromISR
                0x07fc31ee        0x6 ./sdk/free_rtos/portable/GCC/ARM_CM0/port.o
                0x07fc31ee                vClearInterruptMaskFromISR
 .text.PendSV_Handler
                0x07fc31f4       0x44 ./sdk/free_rtos/portable/GCC/ARM_CM0/port.o
                0x07fc31f4                PendSV_Handler
 .text.xPortTickAdvance
                0x07fc3238       0x18 ./sdk/free_rtos/portable/GCC/ARM_CM0/port.o
                0x07fc3238                xPortTickAdvance
 .text.prvSystemSleep
                0x07fc3250       0x4c ./sdk/free_rtos/portable/GCC/ARM_CM0/port.o
                0x07fc3250                prvSystemSleep
 .text.xEventGroupCreate
                0x07fc329c       0x18 ./sdk/free_rtos/event_groups.o
                0x07fc329c                xEventGroupCreate
 .text.xEventGroupClearBits
                0x07fc32b4       0x32 ./sdk/free_rtos/event_groups.o
                0x07fc32b4                xEventGroupClearBits
 .text.vEventGroupClearBitsCallback
                0x07fc32e6        0x8 ./sdk/free_rtos/event_groups.o
                0x07fc32e6                vEventGroupClearBitsCallback
 *fill*         0x07fc32ee        0x2 
 .text.xEventGroupClearBitsFromISR
                0x07fc32f0       0x18 ./sdk/free_rtos/event_groups.o
                0x07fc32f0                xEventGroupClearBitsFromISR
 .text.xEventGroupSetBits
                0x07fc3308       0x74 ./sdk/free_rtos/event_groups.o
                0x07fc3308                xEventGroupSetBits
 .text.vEventGroupSetBitsCallback
                0x07fc337c        0x8 ./sdk/free_rtos/event_groups.o
                0x07fc337c                vEventGroupSetBitsCallback
 .text.xEventGroupSetBitsFromISR
                0x07fc3384       0x18 ./sdk/free_rtos/event_groups.o
                0x07fc3384                xEventGroupSetBitsFromISR
 .text.vListInitialise
                0x07fc339c       0x16 ./sdk/free_rtos/list.o
                0x07fc339c                vListInitialise
 .text.vListInitialiseItem
                0x07fc33b2        0x6 ./sdk/free_rtos/list.o
                0x07fc33b2                vListInitialiseItem
 .text.vListInsertEnd
                0x07fc33b8       0x18 ./sdk/free_rtos/list.o
                0x07fc33b8                vListInsertEnd
 .text.vListInsert
                0x07fc33d0       0x30 ./sdk/free_rtos/list.o
                0x07fc33d0                vListInsert
 .text.uxListRemove
                0x07fc3400       0x20 ./sdk/free_rtos/list.o
                0x07fc3400                uxListRemove
 .text.prvCopyDataToQueue
                0x07fc3420       0x72 ./sdk/free_rtos/queue.o
 .text.prvNotifyQueueSetContainer
                0x07fc3492       0x5c ./sdk/free_rtos/queue.o
 .text.unlikely.prvCopyDataFromQueue
                0x07fc34ee       0x24 ./sdk/free_rtos/queue.o
 .text.prvUnlockQueue
                0x07fc3512       0x7e ./sdk/free_rtos/queue.o
 .text.xQueueGenericReset
                0x07fc3590       0x6a ./sdk/free_rtos/queue.o
                0x07fc3590                xQueueGenericReset
 .text.xQueueGenericCreate
                0x07fc35fa       0x5c ./sdk/free_rtos/queue.o
                0x07fc35fa                xQueueGenericCreate
 .text.xQueueGenericSend
                0x07fc3656      0x13a ./sdk/free_rtos/queue.o
                0x07fc3656                xQueueGenericSend
 .text.xQueueCreateMutex
                0x07fc3790       0x54 ./sdk/free_rtos/queue.o
                0x07fc3790                xQueueCreateMutex
 .text.xQueueGenericSendFromISR
                0x07fc37e4       0xa2 ./sdk/free_rtos/queue.o
                0x07fc37e4                xQueueGenericSendFromISR
 .text.xQueueGenericReceive
                0x07fc3886      0x14c ./sdk/free_rtos/queue.o
                0x07fc3886                xQueueGenericReceive
 *fill*         0x07fc39d2        0x2 
 .text.vQueueAddToRegistry
                0x07fc39d4       0x24 ./sdk/free_rtos/queue.o
                0x07fc39d4                vQueueAddToRegistry
 .text.vQueueWaitForMessageRestricted
                0x07fc39f8       0x3e ./sdk/free_rtos/queue.o
                0x07fc39f8                vQueueWaitForMessageRestricted
 *fill*         0x07fc3a36        0x2 
 .text.vTaskSuspendAll
                0x07fc3a38       0x10 ./sdk/free_rtos/tasks.o
                0x07fc3a38                vTaskSuspendAll
 .text.prvGetExpectedIdleTime
                0x07fc3a48       0x2c ./sdk/free_rtos/tasks.o
                0x07fc3a48                prvGetExpectedIdleTime
 .text.xTaskGetTickCount
                0x07fc3a74        0xc ./sdk/free_rtos/tasks.o
                0x07fc3a74                xTaskGetTickCount
 .text.vTaskStepTick
                0x07fc3a80       0x28 ./sdk/free_rtos/tasks.o
                0x07fc3a80                vTaskStepTick
 .text.vTaskSwitchContext
                0x07fc3aa8       0xac ./sdk/free_rtos/tasks.o
                0x07fc3aa8                vTaskSwitchContext
 .text.xTaskRemoveFromUnorderedEventList
                0x07fc3b54       0x6c ./sdk/free_rtos/tasks.o
                0x07fc3b54                xTaskRemoveFromUnorderedEventList
 .text.vTaskSetTimeOutState
                0x07fc3bc0       0x20 ./sdk/free_rtos/tasks.o
                0x07fc3bc0                vTaskSetTimeOutState
 .text.xTaskCheckForTimeOut
                0x07fc3be0       0x60 ./sdk/free_rtos/tasks.o
                0x07fc3be0                xTaskCheckForTimeOut
 .text.vTaskMissedYield
                0x07fc3c40        0xc ./sdk/free_rtos/tasks.o
                0x07fc3c40                vTaskMissedYield
 .text.eTaskConfirmSleepModeStatus
                0x07fc3c4c       0x2c ./sdk/free_rtos/tasks.o
                0x07fc3c4c                eTaskConfirmSleepModeStatus
 .text.prvInitialiseTCBVariables
                0x07fc3c78       0x50 ./sdk/free_rtos/tasks.o
                0x07fc3c78                prvInitialiseTCBVariables
 .text.prvInitialiseTaskLists
                0x07fc3cc8       0x58 ./sdk/free_rtos/tasks.o
                0x07fc3cc8                prvInitialiseTaskLists
 .text.prvAddCurrentTaskToDelayedList
                0x07fc3d20       0x40 ./sdk/free_rtos/tasks.o
                0x07fc3d20                prvAddCurrentTaskToDelayedList
 .text.vTaskPlaceOnEventList
                0x07fc3d60       0x48 ./sdk/free_rtos/tasks.o
                0x07fc3d60                vTaskPlaceOnEventList
 .text.vTaskPlaceOnEventListRestricted
                0x07fc3da8       0x4c ./sdk/free_rtos/tasks.o
                0x07fc3da8                vTaskPlaceOnEventListRestricted
 .text.prvAllocateTCBAndStack
                0x07fc3df4       0x36 ./sdk/free_rtos/tasks.o
                0x07fc3df4                prvAllocateTCBAndStack
 *fill*         0x07fc3e2a        0x2 
 .text.xTaskGenericCreate
                0x07fc3e2c       0xf0 ./sdk/free_rtos/tasks.o
                0x07fc3e2c                xTaskGenericCreate
 .text.vTaskStartScheduler
                0x07fc3f1c       0x4c ./sdk/free_rtos/tasks.o
                0x07fc3f1c                vTaskStartScheduler
 .text.prvDeleteTCB
                0x07fc3f68       0x12 ./sdk/free_rtos/tasks.o
                0x07fc3f68                prvDeleteTCB
 *fill*         0x07fc3f7a        0x2 
 .text.prvResetNextTaskUnblockTime
                0x07fc3f7c       0x28 ./sdk/free_rtos/tasks.o
                0x07fc3f7c                prvResetNextTaskUnblockTime
 .text.vTaskDelete
                0x07fc3fa4       0x80 ./sdk/free_rtos/tasks.o
                0x07fc3fa4                vTaskDelete
 .text.xTaskIncrementTick
                0x07fc4024       0xf0 ./sdk/free_rtos/tasks.o
                0x07fc4024                xTaskIncrementTick
 .text.xTaskResumeAll
                0x07fc4114       0xbc ./sdk/free_rtos/tasks.o
                0x07fc4114                xTaskResumeAll
 .text.vTaskDelayUntil
                0x07fc41d0       0x7c ./sdk/free_rtos/tasks.o
                0x07fc41d0                vTaskDelayUntil
 .text.prvCheckTasksWaitingTermination
                0x07fc424c       0x50 ./sdk/free_rtos/tasks.o
                0x07fc424c                prvCheckTasksWaitingTermination
 .text.prvIdleTask
                0x07fc429c       0x50 ./sdk/free_rtos/tasks.o
                0x07fc429c                prvIdleTask
 .text.xTaskRemoveFromEventList
                0x07fc42ec       0x70 ./sdk/free_rtos/tasks.o
                0x07fc42ec                xTaskRemoveFromEventList
 .text.xTaskGetSchedulerState
                0x07fc435c       0x18 ./sdk/free_rtos/tasks.o
                0x07fc435c                xTaskGetSchedulerState
 .text.vTaskPriorityInherit
                0x07fc4374       0x6c ./sdk/free_rtos/tasks.o
                0x07fc4374                vTaskPriorityInherit
 .text.xTaskPriorityDisinherit
                0x07fc43e0       0x64 ./sdk/free_rtos/tasks.o
                0x07fc43e0                xTaskPriorityDisinherit
 .text.pvTaskIncrementMutexHeldCount
                0x07fc4444       0x18 ./sdk/free_rtos/tasks.o
                0x07fc4444                pvTaskIncrementMutexHeldCount
 .text.prvCheckForValidListAndQueue
                0x07fc445c       0x50 ./sdk/free_rtos/timers.o
 .text.prvInsertTimerInActiveList
                0x07fc44ac       0x3c ./sdk/free_rtos/timers.o
 .text.xTimerCreateTimerTask
                0x07fc44e8       0x44 ./sdk/free_rtos/timers.o
                0x07fc44e8                xTimerCreateTimerTask
 .text.xTimerCreate
                0x07fc452c       0x3e ./sdk/free_rtos/timers.o
                0x07fc452c                xTimerCreate
 *fill*         0x07fc456a        0x2 
 .text.xTimerGenericCommand
                0x07fc456c       0x4c ./sdk/free_rtos/timers.o
                0x07fc456c                xTimerGenericCommand
 .text.prvSwitchTimerLists
                0x07fc45b8       0x64 ./sdk/free_rtos/timers.o
 .text.prvTimerTask
                0x07fc461c      0x188 ./sdk/free_rtos/timers.o
 .text.xTimerPendFunctionCallFromISR
                0x07fc47a4       0x24 ./sdk/free_rtos/timers.o
                0x07fc47a4                xTimerPendFunctionCallFromISR
 .text.prvTemplateTask
                0x07fc47c8       0x3c ./main.o
 .text.system_init
                0x07fc4804       0x70 ./main.o
 .text.periph_init
                0x07fc4874       0x1e ./main.o
 *fill*         0x07fc4892        0x2 
 .text.startup.main
                0x07fc4894       0x3c ./main.o
                0x07fc4894                main
 .text.vApplicationMallocFailedHook
                0x07fc48d0        0x4 ./main.o
                0x07fc48d0                vApplicationMallocFailedHook
 .text.vApplicationStackOverflowHook
                0x07fc48d4        0x4 ./main.o
                0x07fc48d4                vApplicationStackOverflowHook
 .text          0x07fc48d8       0x14 d:/program files (x86)/dialog semiconductor/smartsnippets/cdt/other/arm-none-eabi/bin/../lib/gcc/arm-none-eabi/4.9.3/armv6-m\libgcc.a(_thumb1_case_sqi.o)
                0x07fc48d8                __gnu_thumb1_case_sqi
 .text          0x07fc48ec       0x14 d:/program files (x86)/dialog semiconductor/smartsnippets/cdt/other/arm-none-eabi/bin/../lib/gcc/arm-none-eabi/4.9.3/armv6-m\libgcc.a(_thumb1_case_uqi.o)
                0x07fc48ec                __gnu_thumb1_case_uqi
 .text.exit     0x07fc4900       0x2c d:/program files (x86)/dialog semiconductor/smartsnippets/cdt/other/arm-none-eabi/bin/../lib/gcc/arm-none-eabi/4.9.3/../../../../arm-none-eabi/lib/armv6-m\libg_nano.a(lib_a-exit.o)
                0x07fc4900                exit
 .text.__sflush_r
                0x07fc492c      0x112 d:/program files (x86)/dialog semiconductor/smartsnippets/cdt/other/arm-none-eabi/bin/../lib/gcc/arm-none-eabi/4.9.3/../../../../arm-none-eabi/lib/armv6-m\libg_nano.a(lib_a-fflush.o)
                0x07fc492c                __sflush_r
 *fill*         0x07fc4a3e        0x2 
 .text._fflush_r
                0x07fc4a40       0x58 d:/program files (x86)/dialog semiconductor/smartsnippets/cdt/other/arm-none-eabi/bin/../lib/gcc/arm-none-eabi/4.9.3/../../../../arm-none-eabi/lib/armv6-m\libg_nano.a(lib_a-fflush.o)
                0x07fc4a40                _fflush_r
 .text.fflush   0x07fc4a98       0x28 d:/program files (x86)/dialog semiconductor/smartsnippets/cdt/other/arm-none-eabi/bin/../lib/gcc/arm-none-eabi/4.9.3/../../../../arm-none-eabi/lib/armv6-m\libg_nano.a(lib_a-fflush.o)
                0x07fc4a98                fflush
 .text._cleanup_r
                0x07fc4ac0       0x10 d:/program files (x86)/dialog semiconductor/smartsnippets/cdt/other/arm-none-eabi/bin/../lib/gcc/arm-none-eabi/4.9.3/../../../../arm-none-eabi/lib/armv6-m\libg_nano.a(lib_a-findfp.o)
                0x07fc4ac0                _cleanup_r
 .text.std.isra.0
                0x07fc4ad0       0x48 d:/program files (x86)/dialog semiconductor/smartsnippets/cdt/other/arm-none-eabi/bin/../lib/gcc/arm-none-eabi/4.9.3/../../../../arm-none-eabi/lib/armv6-m\libg_nano.a(lib_a-findfp.o)
 .text.__sfmoreglue
                0x07fc4b18       0x2c d:/program files (x86)/dialog semiconductor/smartsnippets/cdt/other/arm-none-eabi/bin/../lib/gcc/arm-none-eabi/4.9.3/../../../../arm-none-eabi/lib/armv6-m\libg_nano.a(lib_a-findfp.o)
                0x07fc4b18                __sfmoreglue
 .text.__sinit  0x07fc4b44       0x64 d:/program files (x86)/dialog semiconductor/smartsnippets/cdt/other/arm-none-eabi/bin/../lib/gcc/arm-none-eabi/4.9.3/../../../../arm-none-eabi/lib/armv6-m\libg_nano.a(lib_a-findfp.o)
                0x07fc4b44                __sinit
 .text.__sfp    0x07fc4ba8       0x7c d:/program files (x86)/dialog semiconductor/smartsnippets/cdt/other/arm-none-eabi/bin/../lib/gcc/arm-none-eabi/4.9.3/../../../../arm-none-eabi/lib/armv6-m\libg_nano.a(lib_a-findfp.o)
                0x07fc4ba8                __sfp
 .text._fwalk_reent
                0x07fc4c24       0x42 d:/program files (x86)/dialog semiconductor/smartsnippets/cdt/other/arm-none-eabi/bin/../lib/gcc/arm-none-eabi/4.9.3/../../../../arm-none-eabi/lib/armv6-m\libg_nano.a(lib_a-fwalk.o)
                0x07fc4c24                _fwalk_reent
 *fill*         0x07fc4c66        0x2 
 .text.__libc_init_array
                0x07fc4c68       0x4c d:/program files (x86)/dialog semiconductor/smartsnippets/cdt/other/arm-none-eabi/bin/../lib/gcc/arm-none-eabi/4.9.3/../../../../arm-none-eabi/lib/armv6-m\libg_nano.a(lib_a-init.o)
                0x07fc4c68                __libc_init_array
 .text.memcpy   0x07fc4cb4       0x12 d:/program files (x86)/dialog semiconductor/smartsnippets/cdt/other/arm-none-eabi/bin/../lib/gcc/arm-none-eabi/4.9.3/../../../../arm-none-eabi/lib/armv6-m\libg_nano.a(lib_a-memcpy.o)
                0x07fc4cb4                memcpy
 .text.memset   0x07fc4cc6       0x10 d:/program files (x86)/dialog semiconductor/smartsnippets/cdt/other/arm-none-eabi/bin/../lib/gcc/arm-none-eabi/4.9.3/../../../../arm-none-eabi/lib/armv6-m\libg_nano.a(lib_a-memset.o)
                0x07fc4cc6                memset
 *fill*         0x07fc4cd6        0x2 
 .text._free_r  0x07fc4cd8       0x8c d:/program files (x86)/dialog semiconductor/smartsnippets/cdt/other/arm-none-eabi/bin/../lib/gcc/arm-none-eabi/4.9.3/../../../../arm-none-eabi/lib/armv6-m\libg_nano.a(lib_a-nano-freer.o)
                0x07fc4cd8                _free_r
 .text._malloc_r
                0x07fc4d64       0xb0 d:/program files (x86)/dialog semiconductor/smartsnippets/cdt/other/arm-none-eabi/bin/../lib/gcc/arm-none-eabi/4.9.3/../../../../arm-none-eabi/lib/armv6-m\libg_nano.a(lib_a-nano-mallocr.o)
                0x07fc4d64                _malloc_r
 .text.putchar  0x07fc4e14       0x28 d:/program files (x86)/dialog semiconductor/smartsnippets/cdt/other/arm-none-eabi/bin/../lib/gcc/arm-none-eabi/4.9.3/../../../../arm-none-eabi/lib/armv6-m\libg_nano.a(lib_a-putchar.o)
                0x07fc4e14                putchar
 .text._sbrk_r  0x07fc4e3c       0x24 d:/program files (x86)/dialog semiconductor/smartsnippets/cdt/other/arm-none-eabi/bin/../lib/gcc/arm-none-eabi/4.9.3/../../../../arm-none-eabi/lib/armv6-m\libg_nano.a(lib_a-sbrkr.o)
                0x07fc4e3c                _sbrk_r
 .text.__sread  0x07fc4e60       0x28 d:/program files (x86)/dialog semiconductor/smartsnippets/cdt/other/arm-none-eabi/bin/../lib/gcc/arm-none-eabi/4.9.3/../../../../arm-none-eabi/lib/armv6-m\libg_nano.a(lib_a-stdio.o)
                0x07fc4e60                __sread
 .text.__swrite
                0x07fc4e88       0x38 d:/program files (x86)/dialog semiconductor/smartsnippets/cdt/other/arm-none-eabi/bin/../lib/gcc/arm-none-eabi/4.9.3/../../../../arm-none-eabi/lib/armv6-m\libg_nano.a(lib_a-stdio.o)
                0x07fc4e88                __swrite
 .text.__sseek  0x07fc4ec0       0x2c d:/program files (x86)/dialog semiconductor/smartsnippets/cdt/other/arm-none-eabi/bin/../lib/gcc/arm-none-eabi/4.9.3/../../../../arm-none-eabi/lib/armv6-m\libg_nano.a(lib_a-stdio.o)
                0x07fc4ec0                __sseek
 .text.__sclose
                0x07fc4eec        0xc d:/program files (x86)/dialog semiconductor/smartsnippets/cdt/other/arm-none-eabi/bin/../lib/gcc/arm-none-eabi/4.9.3/../../../../arm-none-eabi/lib/armv6-m\libg_nano.a(lib_a-stdio.o)
                0x07fc4eec                __sclose
 .text._write_r
                0x07fc4ef8       0x28 d:/program files (x86)/dialog semiconductor/smartsnippets/cdt/other/arm-none-eabi/bin/../lib/gcc/arm-none-eabi/4.9.3/../../../../arm-none-eabi/lib/armv6-m\libg_nano.a(lib_a-writer.o)
                0x07fc4ef8                _write_r
 .text._close_r
                0x07fc4f20       0x24 d:/program files (x86)/dialog semiconductor/smartsnippets/cdt/other/arm-none-eabi/bin/../lib/gcc/arm-none-eabi/4.9.3/../../../../arm-none-eabi/lib/armv6-m\libg_nano.a(lib_a-closer.o)
                0x07fc4f20                _close_r
 .text._lseek_r
                0x07fc4f44       0x28 d:/program files (x86)/dialog semiconductor/smartsnippets/cdt/other/arm-none-eabi/bin/../lib/gcc/arm-none-eabi/4.9.3/../../../../arm-none-eabi/lib/armv6-m\libg_nano.a(lib_a-lseekr.o)
                0x07fc4f44                _lseek_r
 .text._putc_r  0x07fc4f6c       0x78 d:/program files (x86)/dialog semiconductor/smartsnippets/cdt/other/arm-none-eabi/bin/../lib/gcc/arm-none-eabi/4.9.3/../../../../arm-none-eabi/lib/armv6-m\libg_nano.a(lib_a-putc.o)
                0x07fc4f6c                _putc_r
 .text._read_r  0x07fc4fe4       0x28 d:/program files (x86)/dialog semiconductor/smartsnippets/cdt/other/arm-none-eabi/bin/../lib/gcc/arm-none-eabi/4.9.3/../../../../arm-none-eabi/lib/armv6-m\libg_nano.a(lib_a-readr.o)
                0x07fc4fe4                _read_r
 .text.__swbuf_r
                0x07fc500c       0xb0 d:/program files (x86)/dialog semiconductor/smartsnippets/cdt/other/arm-none-eabi/bin/../lib/gcc/arm-none-eabi/4.9.3/../../../../arm-none-eabi/lib/armv6-m\libg_nano.a(lib_a-wbuf.o)
                0x07fc500c                __swbuf_r
 .text.__swsetup_r
                0x07fc50bc       0xe8 d:/program files (x86)/dialog semiconductor/smartsnippets/cdt/other/arm-none-eabi/bin/../lib/gcc/arm-none-eabi/4.9.3/../../../../arm-none-eabi/lib/armv6-m\libg_nano.a(lib_a-wsetup.o)
                0x07fc50bc                __swsetup_r
 .text.__smakebuf_r
                0x07fc51a4       0xb0 d:/program files (x86)/dialog semiconductor/smartsnippets/cdt/other/arm-none-eabi/bin/../lib/gcc/arm-none-eabi/4.9.3/../../../../arm-none-eabi/lib/armv6-m\libg_nano.a(lib_a-makebuf.o)
                0x07fc51a4                __smakebuf_r
 .text._fstat_r
                0x07fc5254       0x24 d:/program files (x86)/dialog semiconductor/smartsnippets/cdt/other/arm-none-eabi/bin/../lib/gcc/arm-none-eabi/4.9.3/../../../../arm-none-eabi/lib/armv6-m\libg_nano.a(lib_a-fstatr.o)
                0x07fc5254                _fstat_r
 .text._isatty_r
                0x07fc5278       0x24 d:/program files (x86)/dialog semiconductor/smartsnippets/cdt/other/arm-none-eabi/bin/../lib/gcc/arm-none-eabi/4.9.3/../../../../arm-none-eabi/lib/armv6-m\libg_nano.a(lib_a-isattyr.o)
                0x07fc5278                _isatty_r
 .text._close   0x07fc529c       0x10 d:/program files (x86)/dialog semiconductor/smartsnippets/cdt/other/arm-none-eabi/bin/../lib/gcc/arm-none-eabi/4.9.3/../../../../arm-none-eabi/lib/armv6-m\libnosys.a(close.o)
                0x07fc529c                _close
 .text._fstat   0x07fc52ac       0x10 d:/program files (x86)/dialog semiconductor/smartsnippets/cdt/other/arm-none-eabi/bin/../lib/gcc/arm-none-eabi/4.9.3/../../../../arm-none-eabi/lib/armv6-m\libnosys.a(fstat.o)
                0x07fc52ac                _fstat
 .text._isatty  0x07fc52bc       0x10 d:/program files (x86)/dialog semiconductor/smartsnippets/cdt/other/arm-none-eabi/bin/../lib/gcc/arm-none-eabi/4.9.3/../../../../arm-none-eabi/lib/armv6-m\libnosys.a(isatty.o)
                0x07fc52bc                _isatty
 .text._lseek   0x07fc52cc       0x10 d:/program files (x86)/dialog semiconductor/smartsnippets/cdt/other/arm-none-eabi/bin/../lib/gcc/arm-none-eabi/4.9.3/../../../../arm-none-eabi/lib/armv6-m\libnosys.a(lseek.o)
                0x07fc52cc                _lseek
 .text._sbrk    0x07fc52dc       0x1c d:/program files (x86)/dialog semiconductor/smartsnippets/cdt/other/arm-none-eabi/bin/../lib/gcc/arm-none-eabi/4.9.3/../../../../arm-none-eabi/lib/armv6-m\libnosys.a(sbrk.o)
                0x07fc52dc                _sbrk
 .text._exit    0x07fc52f8        0x4 d:/program files (x86)/dialog semiconductor/smartsnippets/cdt/other/arm-none-eabi/bin/../lib/gcc/arm-none-eabi/4.9.3/../../../../arm-none-eabi/lib/armv6-m\libnosys.a(_exit.o)
                0x07fc52f8                _exit
 *(.init)
 .init          0x07fc52fc        0x4 d:/program files (x86)/dialog semiconductor/smartsnippets/cdt/other/arm-none-eabi/bin/../lib/gcc/arm-none-eabi/4.9.3/armv6-m/crti.o
                0x07fc52fc                _init
 .init          0x07fc5300        0x8 d:/program files (x86)/dialog semiconductor/smartsnippets/cdt/other/arm-none-eabi/bin/../lib/gcc/arm-none-eabi/4.9.3/armv6-m/crtn.o
 *(.fini)
 .fini          0x07fc5308        0x4 d:/program files (x86)/dialog semiconductor/smartsnippets/cdt/other/arm-none-eabi/bin/../lib/gcc/arm-none-eabi/4.9.3/armv6-m/crti.o
                0x07fc5308                _fini
 .fini          0x07fc530c        0x8 d:/program files (x86)/dialog semiconductor/smartsnippets/cdt/other/arm-none-eabi/bin/../lib/gcc/arm-none-eabi/4.9.3/armv6-m/crtn.o
 *crtbegin.o(.ctors)
 *crtbegin?.o(.ctors)
 *(EXCLUDE_FILE(*crtend.o *crtend?.o) .ctors)
 *(SORT(.ctors.*))
 *(.ctors)
 *crtbegin.o(.dtors)
 *crtbegin?.o(.dtors)
 *(EXCLUDE_FILE(*crtend.o *crtend?.o) .dtors)
 *(SORT(.dtors.*))
 *(.dtors)
                0x07fc5314                . = ALIGN (0x4)
                0x07fc5314                PROVIDE (__preinit_array_start, .)
 *(.preinit_array)
                0x07fc5314                PROVIDE (__preinit_array_end, .)
                0x07fc5314                . = ALIGN (0x4)
                0x07fc5314                PROVIDE (__init_array_start, .)
 *(SORT(.init_array.*))
 *(.init_array)
 .init_array    0x07fc5314        0x4 d:/program files (x86)/dialog semiconductor/smartsnippets/cdt/other/arm-none-eabi/bin/../lib/gcc/arm-none-eabi/4.9.3/armv6-m/crtbegin.o
                0x07fc5318                PROVIDE (__init_array_end, .)
                0x07fc5318                . = ALIGN (0x4)
                0x07fc5318                PROVIDE (__fini_array_start, .)
 *(SORT(.fini_array.*))
 *(.fini_array)
 .fini_array    0x07fc5318        0x4 d:/program files (x86)/dialog semiconductor/smartsnippets/cdt/other/arm-none-eabi/bin/../lib/gcc/arm-none-eabi/4.9.3/armv6-m/crtbegin.o
                0x07fc531c                PROVIDE (__fini_array_end, .)
 *(.rodata*)
 .rodata.__dialog_interrupt_priorities
                0x07fc531c       0x27 ./startup/config.o
                0x07fc531c                __dialog_interrupt_priorities
 *fill*         0x07fc5343        0x1 
 .rodata.remap.7718
                0x07fc5344       0x20 ./startup/system_ARMCM0.o
 .rodata.str1.1
                0x07fc5364        0x6 ./sdk/sys_man/sys_clock_mgr.o
 *fill*         0x07fc536a        0x2 
 .rodata.tim1   0x07fc536c       0x2c ./sdk/peripherals/src/hw_otpc.o
                0x07fc536c                tim1
 .rodata.tim2   0x07fc5398        0xb ./sdk/peripherals/src/hw_otpc.o
 *fill*         0x07fc53a3        0x1 
 .rodata.uncalibrated_tcs_data
                0x07fc53a4       0x28 ./sdk/peripherals/src/sys_tcs.o
 .rodata        0x07fc53cc       0x14 ./sdk/free_rtos/tasks.o
 .rodata.str1.1
                0x07fc53e0        0x5 ./sdk/free_rtos/tasks.o
 .rodata.str1.1
                0x07fc53e5        0xd ./sdk/free_rtos/timers.o
 .rodata.str1.1
                0x07fc53f2       0x11 ./main.o
 *fill*         0x07fc5403        0x1 
 .rodata.__sf_fake_stdin
                0x07fc5404       0x20 d:/program files (x86)/dialog semiconductor/smartsnippets/cdt/other/arm-none-eabi/bin/../lib/gcc/arm-none-eabi/4.9.3/../../../../arm-none-eabi/lib/armv6-m\libg_nano.a(lib_a-findfp.o)
                0x07fc5404                __sf_fake_stdin
 .rodata.__sf_fake_stdout
                0x07fc5424       0x20 d:/program files (x86)/dialog semiconductor/smartsnippets/cdt/other/arm-none-eabi/bin/../lib/gcc/arm-none-eabi/4.9.3/../../../../arm-none-eabi/lib/armv6-m\libg_nano.a(lib_a-findfp.o)
                0x07fc5424                __sf_fake_stdout
 .rodata.__sf_fake_stderr
                0x07fc5444       0x20 d:/program files (x86)/dialog semiconductor/smartsnippets/cdt/other/arm-none-eabi/bin/../lib/gcc/arm-none-eabi/4.9.3/../../../../arm-none-eabi/lib/armv6-m\libg_nano.a(lib_a-findfp.o)
                0x07fc5444                __sf_fake_stderr
 .rodata.str1.1
                0x07fc5464        0x2 d:/program files (x86)/dialog semiconductor/smartsnippets/cdt/other/arm-none-eabi/bin/../lib/gcc/arm-none-eabi/4.9.3/../../../../arm-none-eabi/lib/armv6-m\libg_nano.a(lib_a-impure.o)
 *fill*         0x07fc5466        0x2 
 .rodata._global_impure_ptr
                0x07fc5468        0x4 d:/program files (x86)/dialog semiconductor/smartsnippets/cdt/other/arm-none-eabi/bin/../lib/gcc/arm-none-eabi/4.9.3/../../../../arm-none-eabi/lib/armv6-m\libg_nano.a(lib_a-impure.o)
                0x07fc5468                _global_impure_ptr
 *(.eh_frame*)
 .eh_frame      0x07fc546c        0x0 d:/program files (x86)/dialog semiconductor/smartsnippets/cdt/other/arm-none-eabi/bin/../lib/gcc/arm-none-eabi/4.9.3/armv6-m/crtbegin.o
 .eh_frame      0x07fc546c        0x4 d:/program files (x86)/dialog semiconductor/smartsnippets/cdt/other/arm-none-eabi/bin/../lib/gcc/arm-none-eabi/4.9.3/armv6-m/crtend.o

.glue_7         0x07fc5470        0x0
 .glue_7        0x00000000        0x0 linker stubs

.glue_7t        0x07fc5470        0x0
 .glue_7t       0x00000000        0x0 linker stubs

.vfp11_veneer   0x07fc5470        0x0
 .vfp11_veneer  0x00000000        0x0 linker stubs

.v4_bx          0x07fc5470        0x0
 .v4_bx         0x00000000        0x0 linker stubs

.iplt           0x07fc5470        0x0
 .iplt          0x00000000        0x0 d:/program files (x86)/dialog semiconductor/smartsnippets/cdt/other/arm-none-eabi/bin/../lib/gcc/arm-none-eabi/4.9.3/armv6-m/crtbegin.o

.ARM.extab
 *(.ARM.extab* .gnu.linkonce.armextab.*)
                0x07fc5470                __exidx_start = .

.ARM.exidx      0x07fc5470        0x8
 *(.ARM.exidx* .gnu.linkonce.armexidx.*)
 .ARM.exidx     0x07fc5470        0x8 d:/program files (x86)/dialog semiconductor/smartsnippets/cdt/other/arm-none-eabi/bin/../lib/gcc/arm-none-eabi/4.9.3/../../../../arm-none-eabi/lib/armv6-m/crt0.o
                0x07fc5478                __exidx_end = .

.rel.dyn        0x07fc5478        0x0
 .rel.iplt      0x00000000        0x0 d:/program files (x86)/dialog semiconductor/smartsnippets/cdt/other/arm-none-eabi/bin/../lib/gcc/arm-none-eabi/4.9.3/armv6-m/crtbegin.o

.copy.table     0x07fc5478       0x18
                0x07fc5478                . = ALIGN (0x4)
                0x07fc5478                __copy_table_start__ = .
                0x07fc5478        0x4 LONG 0x7fc5510 (__etext + (__data_end__ - __data_start__))
                0x07fc547c        0x4 LONG 0x7fd7800 __RetRAM0_code_start__
                0x07fc5480        0x4 LONG 0x8 (__RetRAM0_code_end__ - __RetRAM0_code_start__)
                0x07fc5484        0x4 LONG 0x7fc54a8 __etext
                0x07fc5488        0x4 LONG 0x7fd0000 __data_start__
                0x07fc548c        0x4 LONG 0x68 (__data_end__ - __data_start__)
                0x07fc5490                __copy_table_end__ = .

.zero.table     0x07fc5490       0x18
                0x07fc5490                . = ALIGN (0x4)
                0x07fc5490                __zero_table_start__ = .
                0x07fc5490        0x4 LONG 0x7fd0068 __bss_start__
                0x07fc5494        0x4 LONG 0x214 (__bss_end__ - __bss_start__)
                0x07fc5498        0x4 LONG 0x7fd78d4 __RetRAM0_data_start
                0x07fc549c        0x4 LONG 0x5f2c __RetRAM0_size
                0x07fc54a0        0x4 LONG 0x0 __RetRAM1_start__
                0x07fc54a4        0x4 LONG 0x0 (__RetRAM1_end__ - __RetRAM1_start__)
                0x07fc54a8                __zero_table_end__ = .
                0x07fc54a8                __etext = .

.data           0x07fd0000       0x68 load address 0x07fc54a8
                0x07fd0000                __data_start__ = .
 *(vtable)
 *(.data*)
 .data.impure_data
                0x07fd0000       0x60 d:/program files (x86)/dialog semiconductor/smartsnippets/cdt/other/arm-none-eabi/bin/../lib/gcc/arm-none-eabi/4.9.3/../../../../arm-none-eabi/lib/armv6-m\libg_nano.a(lib_a-impure.o)
 .data._impure_ptr
                0x07fd0060        0x4 d:/program files (x86)/dialog semiconductor/smartsnippets/cdt/other/arm-none-eabi/bin/../lib/gcc/arm-none-eabi/4.9.3/../../../../arm-none-eabi/lib/armv6-m\libg_nano.a(lib_a-impure.o)
                0x07fd0060                _impure_ptr
                0x07fd0064                . = ALIGN (0x4)
 *(.jcr*)
 .jcr           0x07fd0064        0x0 d:/program files (x86)/dialog semiconductor/smartsnippets/cdt/other/arm-none-eabi/bin/../lib/gcc/arm-none-eabi/4.9.3/armv6-m/crtbegin.o
 .jcr           0x07fd0064        0x4 d:/program files (x86)/dialog semiconductor/smartsnippets/cdt/other/arm-none-eabi/bin/../lib/gcc/arm-none-eabi/4.9.3/armv6-m/crtend.o
                0x07fd0068                . = ALIGN (0x4)
                0x07fd0068                __data_end__ = .

.igot.plt       0x07fd0068        0x0 load address 0x07fc5510
 .igot.plt      0x00000000        0x0 d:/program files (x86)/dialog semiconductor/smartsnippets/cdt/other/arm-none-eabi/bin/../lib/gcc/arm-none-eabi/4.9.3/armv6-m/crtbegin.o

.bss            0x07fd0068      0x214 load address 0x07fc5510
                0x07fd0068                . = ALIGN (0x4)
                0x07fd0068                __bss_start__ = .
 *(.bss*)
 .bss           0x07fd0068       0x1c d:/program files (x86)/dialog semiconductor/smartsnippets/cdt/other/arm-none-eabi/bin/../lib/gcc/arm-none-eabi/4.9.3/armv6-m/crtbegin.o
 .bss.cm_ahb_clk_next
                0x07fd0084        0x1 ./sdk/sys_man/sys_clock_mgr.o
 .bss.cm_xtal16m_settled
                0x07fd0085        0x1 ./sdk/sys_man/sys_clock_mgr.o
 .bss.cm_sys_clk_next
                0x07fd0086        0x1 ./sdk/sys_man/sys_clock_mgr.o
 .bss.sleep_is_blocked
                0x07fd0087        0x1 ./sdk/sys_man/sys_power_mgr.o
 .bss.sleep_blocked_until
                0x07fd0088        0x4 ./sdk/sys_man/sys_power_mgr.o
 .bss.dma_callbacks_user_data
                0x07fd008c       0x40 ./sdk/peripherals/src/hw_dma.o
 .bss.intr_cb   0x07fd00cc        0x4 ./sdk/peripherals/src/hw_gpadc.o
 .bss.uart_data
                0x07fd00d0       0xe8 ./sdk/peripherals/src/hw_uart.o
 .bss.free_list
                0x07fd01b8        0x4 ./sdk/osal/resmgmt.o
 .bss.requests  0x07fd01bc       0xa0 ./sdk/osal/resmgmt.o
 .bss.waiting_list
                0x07fd025c        0x4 ./sdk/osal/resmgmt.o
 .bss.xHandle   0x07fd0260        0x4 ./main.o
 .bss.test_counter.8267
                0x07fd0264        0x4 ./main.o
 .bss.__malloc_sbrk_start
                0x07fd0268        0x4 d:/program files (x86)/dialog semiconductor/smartsnippets/cdt/other/arm-none-eabi/bin/../lib/gcc/arm-none-eabi/4.9.3/../../../../arm-none-eabi/lib/armv6-m\libg_nano.a(lib_a-nano-mallocr.o)
                0x07fd0268                __malloc_sbrk_start
 .bss.__malloc_free_list
                0x07fd026c        0x4 d:/program files (x86)/dialog semiconductor/smartsnippets/cdt/other/arm-none-eabi/bin/../lib/gcc/arm-none-eabi/4.9.3/../../../../arm-none-eabi/lib/armv6-m\libg_nano.a(lib_a-nano-mallocr.o)
                0x07fd026c                __malloc_free_list
 .bss.heap_end.4079
                0x07fd0270        0x4 d:/program files (x86)/dialog semiconductor/smartsnippets/cdt/other/arm-none-eabi/bin/../lib/gcc/arm-none-eabi/4.9.3/../../../../arm-none-eabi/lib/armv6-m\libnosys.a(sbrk.o)
 *(COMMON)
 COMMON         0x07fd0274        0x4 ./sdk/sys_man/sys_power_mgr.o
                0x07fd0274                ulTimeSpentSleepingInTicks
 COMMON         0x07fd0278        0x4 d:/program files (x86)/dialog semiconductor/smartsnippets/cdt/other/arm-none-eabi/bin/../lib/gcc/arm-none-eabi/4.9.3/../../../../arm-none-eabi/lib/armv6-m\libg_nano.a(lib_a-reent.o)
                0x07fd0278                errno
                0x07fd027c                . = ALIGN (0x4)
                0x07fd027c                __bss_end__ = .

.heap           0x07fd0280      0x600
                0x07fd0280                __end__ = .
                0x07fd0280                PROVIDE (end, .)
 *(.heap*)
 .heap          0x07fd0280      0x600 ./startup/vector_table.o
                0x07fd0280                __HeapBase
                0x07fd0880                __HeapLimit = .

.stack_dummy    0x07fd0280      0x100
 *(.stack*)
 .stack         0x07fd0280      0x100 ./startup/vector_table.o
                0x07fd7800                __StackTop = (ORIGIN (RAM) + 0x7800)
                0x07fd7700                __StackLimit = (__StackTop - SIZEOF (.stack_dummy))
                0x07fd7800                PROVIDE (__stack, __StackTop)
                0x00000001                ASSERT ((__StackLimit >= __HeapLimit), region RAM overflowed with stack)

RETENTION_ROM0  0x07fd7800        0x8 load address 0x07fc5510
                0x07fd7800                . = ALIGN (0x4)
                0x07fd7800                __RetRAM0_code_start__ = .
 *(text_retained)
 *libgcc.a:_aeabi_uldivmod.o(.text*)
 *libgcc.a:_muldi3.o(.text*)
 *libgcc.a:_dvmd_tls.o(.text*)
 *libgcc.a:bpabi.o(.text*)
 *libgcc.a:_udivdi3.o(.text*)
 *libgcc.a:_clzdi2.o(.text*)
 *libgcc.a:_clzsi2.o(.text*)
                0x07fd7800                . = ALIGN (0x4)
 *(retention_mem_rw)
 *(privileged_data_rw)
 privileged_data_rw
                0x07fd7800        0x4 ./sdk/free_rtos/portable/GCC/ARM_CM0/port.o
 privileged_data_rw
                0x07fd7804        0x4 ./sdk/free_rtos/tasks.o
                0x07fd7804                xNextTaskUnblockTime
 *(.retention)
                0x07fd7808                . = ALIGN (0x4)
                0x07fd7808                __RetRAM0_code_end__ = .
                0x07fd7808                . = ALIGN (0x4)

RETENTION_RAM0  0x07fd7808     0x39e0 load address 0x07fc5518
                0x07fd7808                . = ALIGN (0x4)
                0x07fd7808                __RetRAM0_start = .
 *(nmi_info)
 *(hard_fault_info)
 *(retention_mem_uninit)
 retention_mem_uninit
                0x07fd7808        0x2 ./sdk/peripherals/src/hw_cpm.o
                0x07fd7808                hw_cpm_bod_enabled_in_tcs
 *fill*         0x07fd780a        0x2 
 retention_mem_uninit
                0x07fd780c       0xc8 ./sdk/peripherals/src/sys_tcs.o
                0x07fd780c                tcs_length
                0x07fd7810                tcs_data
                0x07fd78d0                sys_tcs_is_calibrated_chip
                0x07fd78d4                . = ALIGN (0x4)
                0x07fd78d4                __RetRAM0_data_start = .
 *(privileged_data_zi)
 privileged_data_zi
                0x07fd78d4       0x28 ./sdk/sys_man/sys_clock_mgr.o
                0x07fd78dc                cm_sysclk
                0x07fd78e5                cm_ahbclk
                0x07fd78e8                xRCXCalibTaskHandle
                0x07fd78ec                rcx_clock_period
                0x07fd78f0                ble_slot_duration_in_rcx
                0x07fd78f4                rcx_tick_rate_hz
                0x07fd78f6                rcx_tick_period
                0x07fd78f8                rcx_clock_hz
 privileged_data_zi
                0x07fd78fc       0x5c ./sdk/sys_man/sys_power_mgr.o
                0x07fd7900                lp_last_trigger
                0x07fd7914                pm_adapters_cb
                0x07fd7954                pm_mac_wakeup_time
 privileged_data_zi
                0x07fd7958        0x8 ./sdk/sys_man/sys_rtc.o
 privileged_data_zi
                0x07fd7960       0x18 ./sdk/free_rtos/portable/MemMang/heap_4.o
 privileged_data_zi
                0x07fd7978       0x40 ./sdk/free_rtos/queue.o
                0x07fd7978                xQueueRegistry
 privileged_data_zi
                0x07fd79b8      0x124 ./sdk/free_rtos/tasks.o
                0x07fd79b8                pxCurrentTCB
                0x07fd79bc                pxDelayedTaskList
                0x07fd79c0                pxOverflowDelayedTaskList
                0x07fd79c4                xSuspendedTaskList
                0x07fd79d8                xTasksWaitingTermination
                0x07fd79ec                pxReadyTasksLists
                0x07fd7a78                uxTopReadyPriority
                0x07fd7a7c                xPendingReadyList
                0x07fd7a90                uxSchedulerSuspended
                0x07fd7a94                xSchedulerRunning
                0x07fd7a98                xTickCount
                0x07fd7a9c                uxCurrentNumberOfTasks
                0x07fd7aa0                xYieldPending
                0x07fd7aa4                xNumOfOverflows
                0x07fd7aa8                xDelayedTaskList1
                0x07fd7abc                xDelayedTaskList2
                0x07fd7ad0                uxTaskNumber
                0x07fd7ad4                uxTasksDeleted
                0x07fd7ad8                uxPendedTicks
 privileged_data_zi
                0x07fd7adc       0x38 ./sdk/free_rtos/timers.o
 *(retention_mem_zi)
 retention_mem_zi
                0x07fd7b14        0x8 ./startup/system_ARMCM0.o
                0x07fd7b14                SystemCoreClock
                0x07fd7b18                SystemLPClock
 retention_mem_zi
                0x07fd7b1c        0x4 ./sdk/peripherals/src/hw_gpadc.o
                0x07fd7b1c                hw_gpadc_single_ended_gain_error
                0x07fd7b1e                hw_gpadc_differential_gain_error
 retention_mem_zi
                0x07fd7b20        0x4 ./sdk/peripherals/src/hw_watchdog.o
 retention_mem_zi
                0x07fd7b24        0x4 ./sdk/peripherals/src/hw_wkup.o
 retention_mem_zi
                0x07fd7b28       0x10 ./sdk/peripherals/src/sys_tcs.o
                0x07fd7b28                sys_tcs_xtal16m_settling_time
                0x07fd7b2a                area_offset
                0x07fd7b2e                area_size
                0x07fd7b34                tcs_ptr
 *(os_heap)
 os_heap        0x07fd7b38     0x36b0 ./sdk/free_rtos/portable/MemMang/heap_4.o
 *(ble_msg_heap)
 *(ble_env_heap)
 *(ble_db_heap)
                0x07fdb1e8                __RetRAM0_data_end__ = .

RETENTION_RAM1  0x00000000        0x0
                0x00000000                . = ALIGN (0x4)
                0x00000000                __RetRAM1_start__ = .
                0x00000000                . = ALIGN (0x4)
                0x00000000                __RetRAM1_end__ = .

RETENTION_BLE
 *(ble_variables)
                0x00005f2c                __RetRAM0_size = (0x6000 - (__RetRAM0_data_start - __RetRAM0_code_start__))
                0x00005518                __image_size = (((__etext + (__data_end__ - __data_start__)) + (__RetRAM0_code_end__ - __RetRAM0_code_start__)) - ORIGIN (ROM))
                0x00005510                __mirrored_image_size = ((__etext + (__data_end__ - __data_start__)) - ORIGIN (ROM))
                0x00000001                ASSERT (((ORIGIN (RAM) + 0x7800) < 0x7fdc000), ROM variables region (starting at 0x07FDC000) overflowed by RAM)
                0x00000001                ASSERT ((__RetRAM0_data_end__ < 0x7fdc000), ROM variables region (starting at 0x07FDC000) overflowed by RetRAM0)
                0x07f0287d                set_system_clocks = 0x7f0287d
                0x07f02899                set_peripheral_clocks = 0x7f02899
                0x07f028d3                rf_workaround_init = 0x7f028d3
                0x07f028d5                get_stack_usage = 0x7f028d5
                0x07f02913                rwip_eif_get_func = 0x7f02913
                0x07f02923                rwip_set_em_base = 0x7f02923
                0x07f02929                platform_initialization = 0x7f02929
                0x07f029e1                ble_init = 0x7f029e1
                0x07f02a53                ble_regs_push = 0x7f02a53
                0x07f02aab                ble_regs_pop = 0x7f02aab
                0x07f02b01                platform_sleep = 0x7f02b01
                0x07f02e19                smpc_check_param = 0x7f02e19
                0x07f02e23                smpc_pdu_recv = 0x7f02e23
                0x07f02e2d                lld_sleep_compensate = 0x7f02e2d
                0x07f02e37                lld_sleep_init = 0x7f02e37
                0x07f02e41                lld_sleep_us_2_lpcycles = 0x7f02e41
                0x07f02e4b                lld_sleep_lpcycles_2_us = 0x7f02e4b
                0x07f02e55                uart_flow_off = 0x7f02e55
                0x07f02e5d                uart_finish_transfers = 0x7f02e5d
                0x07f02e65                uart_read = 0x7f02e65
                0x07f02e6d                uart_write = 0x7f02e6d
                0x07f02e7d                uart_init = 0x7f02e7d
                0x07f02e85                uart_flow_on = 0x7f02e85
                0x07f02e8d                gtl_init = 0x7f02e8d
                0x07f02e95                gtl_eif_init = 0x7f02e95
                0x07f02e9d                gtl_eif_read_start = 0x7f02e9d
                0x07f02ea5                gtl_eif_read_hdr = 0x7f02ea5
                0x07f02ead                gtl_eif_read_payl = 0x7f02ead
                0x07f02eb5                gtl_eif_tx_done = 0x7f02eb5
                0x07f02ebd                gtl_eif_rx_done = 0x7f02ebd
                0x07f02ec5                h4tl_init = 0x7f02ec5
                0x07f02ecd                h4tl_read_start = 0x7f02ecd
                0x07f02ed5                h4tl_read_hdr = 0x7f02ed5
                0x07f02edd                h4tl_read_payl = 0x7f02edd
                0x07f02ee5                h4tl_read_next_out_of_sync = 0x7f02ee5
                0x07f02eed                h4tl_out_of_sync = 0x7f02eed
                0x07f02ef5                h4tl_tx_done = 0x7f02ef5
                0x07f02efd                h4tl_rx_done = 0x7f02efd
                0x07f02f05                ke_task_init = 0x7f02f05
                0x07f02f0d                ke_timer_init = 0x7f02f0d
                0x07f02f15                llm_encryption_done = 0x7f02f15
                0x07f02f1d                nvds_get = 0x7f02f1d
                0x07f02f25                nvds_del = 0x7f02f25
                0x07f02f2d                nvds_put = 0x7f02f2d
                0x07f02f35                rwip_eif_get = 0x7f02f35
                0x07f02f3d                platform_reset = 0x7f02f3d
                0x07f02f47                lld_test_stop = 0x7f02f47
                0x07f02f51                lld_test_mode_tx = 0x7f02f51
                0x07f02f5b                lld_test_mode_rx = 0x7f02f5b
                0x07f02f65                prf_init = 0x7f02f65
                0x07f02f6f                prf_add_profile = 0x7f02f6f
                0x07f02f79                prf_create = 0x7f02f79
                0x07f02f83                prf_cleanup = 0x7f02f83
                0x07f02f8d                prf_get_id_from_task = 0x7f02f8d
                0x07f02f97                prf_get_task_from_id = 0x7f02f97
                0x07f02fa1                nvds_init = 0x7f02fa1
                0x07f02fa9                SetSystemVars = 0x7f02fa9
                0x07f02fb3                dbg_init = 0x7f02fb3
                0x07f02fbd                dbg_platform_reset_complete = 0x7f02fbd
                0x07f02fc7                hci_rd_local_supp_feats_cmd_handler = 0x7f02fc7
                0x07f02fd7                l2cc_pdu_pack = 0x7f02fd7
                0x07f02fed                l2cc_pdu_unpack = 0x7f02fed
                0x07f03005                l2c_send_lecb_message = 0x7f03005
                0x07f0300f                l2c_process_sdu = 0x7f0300f
                0x07f03019                l2cc_pdu_recv_ind_handler = 0x7f03019
                0x07f03029                gapc_lecb_connect_cfm_handler = 0x7f03029
                0x07f03039                atts_l2cc_pdu_recv_handler = 0x7f03039
                0x07f03043                attc_l2cc_pdu_recv_handler = 0x7f03043
                0x07f0304d                crypto_init = 0x7f0304d
                0x07f03057                llm_le_adv_report_ind = 0x7f03057
                0x07f03061                PK_PointMult = 0x7f03061
                0x07f0306b                llm_p256_start = 0x7f0306b
                0x07f03075                llm_create_p256_key = 0x7f03075
                0x07f03081                llm_p256_req_handler = 0x7f03081
                0x07f03093                llc_le_length_effective = 0x7f03093
                0x07f0309f                llc_le_length_conn_init = 0x7f0309f
                0x07f030d5                co_buf_init = 0x7f030d5
                0x07f0317d                co_buf_rx_free = 0x7f0317d
                0x07f03197                co_buf_rx_buffer_get = 0x7f03197
                0x07f031a1                co_buf_tx_buffer_get = 0x7f031a1
                0x07f031c5                co_list_init = 0x7f031c5
                0x07f031d5                co_list_pop_front = 0x7f031d5
                0x07f031f7                co_list_flush = 0x7f031f7
                0x07f0320d                co_list_push_back = 0x7f0320d
                0x07f03231                co_list_pool_init = 0x7f03231
                0x07f03299                co_list_push_front = 0x7f03299
                0x07f032b5                co_list_extract = 0x7f032b5
                0x07f03305                co_list_find = 0x7f03305
                0x07f0331b                co_list_merge = 0x7f0331b
                0x07f03337                co_list_insert_before = 0x7f03337
                0x07f0336f                co_list_insert_after = 0x7f0336f
                0x07f033ab                co_list_size = 0x7f033ab
                0x07f033bf                co_bdaddr_compare = 0x7f033bf
                0x07f033dd                llc_init = 0x7f033dd
                0x07f03407                llc_stop = 0x7f03407
                0x07f0344d                llc_reset = 0x7f0344d
                0x07f0346f                llc_le_length_effective_func = 0x7f0346f
                0x07f03503                llc_le_length_conn_init_func = 0x7f03503
                0x07f03557                llc_le_enh_con_cmp_evt_send = 0x7f03557
                0x07f03659                llc_le_con_cmp_evt_send = 0x7f03659
                0x07f03705                llc_start = 0x7f03705
                0x07f03877                llc_discon_event_complete_send = 0x7f03877
                0x07f03897                llc_con_update_complete_send = 0x7f03897
                0x07f038d1                llc_ltk_req_send = 0x7f038d1
                0x07f03909                llc_feats_rd_event_send = 0x7f03909
                0x07f03945                llc_version_rd_event_send = 0x7f03945
                0x07f03975                llc_common_cmd_complete_send = 0x7f03975
                0x07f03993                llc_common_cmd_status_send = 0x7f03993
                0x07f039af                llc_common_flush_occurred_send = 0x7f039af
                0x07f039c7                llc_common_enc_key_ref_comp_evt_send = 0x7f039c7
                0x07f039e3                llc_common_enc_change_evt_send = 0x7f039e3
                0x07f03a49                llc_common_nb_of_pkt_comp_evt_send = 0x7f03a49
                0x07f03a69                llc_con_update_ind = 0x7f03a69
                0x07f03add                llc_lsto_con_update = 0x7f03add
                0x07f03b0f                llc_map_update_ind = 0x7f03b0f
                0x07f03b8d                llc_chnl_map_req_send = 0x7f03b8d
                0x07f03ba9                llc_add_bad_chnl = 0x7f03ba9
                0x07f03cb3                llc_version_ind_pdu_send = 0x7f03cb3
                0x07f03cf5                llc_ch_map_update_pdu_send = 0x7f03cf5
                0x07f03d39                llc_pause_enc_req_pdu_send = 0x7f03d39
                0x07f03d7b                llc_pause_enc_rsp_pdu_send = 0x7f03d7b
                0x07f03dd3                llc_enc_req_pdu_send = 0x7f03dd3
                0x07f03e91                llc_enc_rsp_pdu_send = 0x7f03e91
                0x07f03f21                llc_start_enc_rsp_pdu_send = 0x7f03f21
                0x07f03f6b                llc_reject_ind_pdu_send = 0x7f03f6b
                0x07f03fd5                llc_con_update_pdu_send = 0x7f03fd5
                0x07f0401f                llc_con_param_req_pdu_send = 0x7f0401f
                0x07f040b7                llc_con_param_rsp_pdu_send = 0x7f040b7
                0x07f04139                llc_feats_req_pdu_send = 0x7f04139
                0x07f0418d                llc_start_enc_req_pdu_send = 0x7f0418d
                0x07f04227                llc_terminate_ind_pdu_send = 0x7f04227
                0x07f0428f                llc_unknown_rsp_send_pdu = 0x7f0428f
                0x07f042b7                llc_length_req_pdu_send = 0x7f042b7
                0x07f04363                llc_length_rsp_pdu_send = 0x7f04363
                0x07f043c7                llc_length_ind = 0x7f043c7
                0x07f04453                llc_ping_req_pdu_send = 0x7f04453
                0x07f04477                llc_ping_rsp_pdu_send = 0x7f04477
                0x07f0449b                llc_feats_req_ind = 0x7f0449b
                0x07f04503                llc_feats_rsp_ind = 0x7f04503
                0x07f0455b                llc_vers_ind_ind = 0x7f0455b
                0x07f045df                llc_terminate_ind = 0x7f045df
                0x07f0461b                llc_pause_enc_req_ind = 0x7f0461b
                0x07f0464b                llc_pause_enc_rsp_ind = 0x7f0464b
                0x07f046bf                llc_enc_req_ind = 0x7f046bf
                0x07f04763                llc_enc_rsp_ind = 0x7f04763
                0x07f0480d                llc_start_enc_req_ind = 0x7f0480d
                0x07f0486f                llc_start_enc_rsp_ind = 0x7f0486f
                0x07f04905                llc_cntl_rcv = 0x7f04905
                0x07f04991                llcp_con_param_req_pdu_unpk = 0x7f04991
                0x07f04a09                llcp_con_param_rsp_pdu_unpk = 0x7f04a09
                0x07f04a81                llc_con_update_req_ind = 0x7f04a81
                0x07f04adb                llc_ch_map_req_ind = 0x7f04adb
                0x07f04b49                llc_data_rcv = 0x7f04b49
                0x07f068a1                llc_util_get_free_conhdl = 0x7f068a1
                0x07f068d1                llc_util_dicon_procedure = 0x7f068d1
                0x07f06933                llc_util_gen_skdx = 0x7f06933
                0x07f06947                llc_util_update_channel_map = 0x7f06947
                0x07f06959                llc_util_set_llcp_discard_enable = 0x7f06959
                0x07f06971                llc_util_set_auth_payl_to_margin = 0x7f06971
                0x07f069a5                lld_init = 0x7f069a5
                0x07f06af3                lld_reset = 0x7f06af3
                0x07f06b41                lld_adv_start = 0x7f06b41
                0x07f06c8f                lld_adv_stop = 0x7f06c8f
                0x07f06cb5                lld_scan_start = 0x7f06cb5
                0x07f06e1b                lld_scan_stop = 0x7f06e1b
                0x07f06e53                lld_con_start = 0x7f06e53
                0x07f071cb                lld_move_to_master = 0x7f071cb
                0x07f07261                lld_con_update_req = 0x7f07261
                0x07f072db                lld_con_update_after_param_req = 0x7f072db
                0x07f074c1                lld_con_param_rsp = 0x7f074c1
                0x07f075bb                lld_con_param_req = 0x7f075bb
                0x07f0768d                lld_con_stop = 0x7f0768d
                0x07f076e3                lld_get_mode = 0x7f076e3
                0x07f07707                lld_move_to_slave = 0x7f07707
                0x07f07887                lld_ch_map_ind = 0x7f07887
                0x07f07899                lld_con_update_ind = 0x7f07899
                0x07f078a7                lld_crypt_isr = 0x7f078a7
                0x07f078b1                lld_test_mode_tx_func = 0x7f078b1
                0x07f079eb                lld_test_stop_func = 0x7f079eb
                0x07f07aa5                lld_data_rx_check = 0x7f07aa5
                0x07f07ae9                lld_data_rx_flush = 0x7f07ae9
                0x07f030b7                lld_data_tx_check = 0x7f030b7
                0x07f07ba7                lld_data_tx_loop = 0x7f07ba7
                0x07f07bd5                lld_data_tx_push = 0x7f07bd5
                0x07f030ab                lld_data_tx_prog = 0x7f030ab
                0x07f07d4d                lld_data_tx_flush = 0x7f07d4d
                0x07f07e5d                lld_evt_drift_compute = 0x7f07e5d
                0x07f07f3b                lld_evt_elt_delete = 0x7f07f3b
                0x07f08535                lld_evt_deffered_elt_handler = 0x7f08535
                0x07f08609                lld_evt_init = 0x7f08609
                0x07f0867d                lld_evt_init_evt = 0x7f0867d
                0x07f0869b                lld_evt_elt_insert = 0x7f0869b
                0x07f086c5                lld_evt_conhdl2elt = 0x7f086c5
                0x07f086e1                lld_evt_schedule_next = 0x7f086e1
                0x07f087e5                lld_evt_schedule = 0x7f087e5
                0x07f08821                lld_evt_prevent_stop = 0x7f08821
                0x07f08823                lld_evt_canceled = 0x7f08823
                0x07f08847                lld_evt_scan_create = 0x7f08847
                0x07f08939                lld_evt_move_to_master = 0x7f08939
                0x07f08a33                lld_evt_update_create = 0x7f08a33
                0x07f08b69                lld_evt_ch_map_update_req = 0x7f08b69
                0x07f08b81                lld_evt_move_to_slave = 0x7f08b81
                0x07f08db1                lld_evt_slave_update = 0x7f08db1
                0x07f08e47                lld_evt_adv_create = 0x7f08e47
                0x07f08ecb                lld_evt_end = 0x7f08ecb
                0x07f08fd9                lld_evt_rx = 0x7f08fd9
                0x07f09009                lld_evt_timer_isr = 0x7f09009
                0x07f09013                lld_evt_end_isr = 0x7f09013
                0x07f09047                lld_evt_rx_isr = 0x7f09047
                0x07f091f5                lld_sleep_us_2_lpcycles_func = 0x7f091f5
                0x07f09213                lld_sleep_lpcycles_2_us_func = 0x7f09213
                0x07f09237                lld_sleep_compensate_func = 0x7f09237
                0x07f09269                lld_sleep_init_func = 0x7f09269
                0x07f09313                lld_sleep_enter = 0x7f09313
                0x07f09353                lld_sleep_wakeup = 0x7f09353
                0x07f0936d                lld_sleep_wakeup_end = 0x7f0936d
                0x07f09391                lld_wlcoex_connection_complete = 0x7f09391
                0x07f093a9                lld_wlcoex_remove_connection = 0x7f093a9
                0x07f093bd                lld_wlcoex_set = 0x7f093bd
                0x07f093d1                lld_util_get_bd_address = 0x7f093d1
                0x07f093f1                lld_util_set_bd_address = 0x7f093f1
                0x07f0942d                lld_util_freq2chnl = 0x7f0942d
                0x07f0944f                lld_util_get_local_offset = 0x7f0944f
                0x07f09469                lld_util_get_peer_offset = 0x7f09469
                0x07f09485                lld_util_connection_param_set = 0x7f09485
                0x07f094d5                llm_wl_clr = 0x7f094d5
                0x07f094fd                llm_init = 0x7f094fd
                0x07f09701                llm_common_cmd_complete_send = 0x7f09701
                0x07f09719                llm_ble_ready = 0x7f09719
                0x07f0971f                llm_wl_from_rl_restore = 0x7f0971f
                0x07f0978d                llm_con_req_ind = 0x7f0978d
                0x07f09987                llm_resolv_addr = 0x7f09987
                0x07f099cf                llm_util_rl_wl_update = 0x7f099cf
                0x07f09a09                llm_alter_conn = 0x7f09a09
                0x07f09aa3                llm_adv_report_set = 0x7f09aa3
                0x07f09b1d                llm_direct_adv_report_set = 0x7f09b1d
                0x07f09b5f                llm_encryption_start = 0x7f09b5f
                0x07f09be3                llm_resolv_addr_inplace = 0x7f09be3
                0x07f09c8f                llm_le_adv_report_ind_func = 0x7f09c8f
                0x07f0a14b                llm_con_req_tx_cfm = 0x7f0a14b
                0x07f0a227                llm_common_cmd_status_send = 0x7f0a227
                0x07f0a23f                llm_test_mode_start_tx = 0x7f0a23f
                0x07f0a31d                llm_test_mode_start_rx = 0x7f0a31d
                0x07f0a35d                llm_gen_rand_addr = 0x7f0a35d
                0x07f0a417                llm_set_adv_param = 0x7f0a417
                0x07f0a697                llm_set_adv_en = 0x7f0a697
                0x07f0a7c1                llm_set_adv_data = 0x7f0a7c1
                0x07f0a859                llm_set_scan_rsp_data = 0x7f0a859
                0x07f0a8ff                llm_set_scan_param = 0x7f0a8ff
                0x07f0aa27                llm_set_scan_en = 0x7f0aa27
                0x07f0aae9                llm_wl_dev_add = 0x7f0aae9
                0x07f0ab9b                llm_wl_dev_rem = 0x7f0ab9b
                0x07f0abeb                llm_wl_from_rl = 0x7f0abeb
                0x07f0acf3                llm_create_con = 0x7f0acf3
                0x07f0af8d                llm_encryption_done_func = 0x7f0af8d
                0x07f0b253                llm_get_chnl_assess_nb_pkt = 0x7f0b253
                0x07f0b259                llm_get_chnl_assess_nb_bad_pkt = 0x7f0b259
                0x07f0b25f                llm_get_min_rssi = 0x7f0b25f
                0x07f0b269                llm_le_scan_report_ind = 0x7f0b269
                0x07f0b2d3                llm_set_tx_oct_time = 0x7f0b2d3
                0x07f0b2fb                llm_p256_start_func = 0x7f0b2fb
                0x07f0b333                llm_create_p256_key_func = 0x7f0b333
                0x07f0b3dd                llm_p256_req_handler_func = 0x7f0b3dd
                0x07f0bb5f                hci_rd_local_supp_feats_cmd_handler_func = 0x7f0bb5f
                0x07f0c389                llm_util_bd_addr_in_wl = 0x7f0c389
                0x07f0c401                llm_util_check_address_validity = 0x7f0c401
                0x07f0c411                llm_util_check_map_validity = 0x7f0c411
                0x07f0c457                llm_util_apply_bd_addr = 0x7f0c457
                0x07f0c46f                llm_util_set_public_addr = 0x7f0c46f
                0x07f0c47d                llm_util_check_evt_mask = 0x7f0c47d
                0x07f0c49f                llm_util_get_channel_map = 0x7f0c49f
                0x07f0c4ad                llm_util_get_supp_features = 0x7f0c4ad
                0x07f0c4b9                llm_util_adv_data_update = 0x7f0c4b9
                0x07f0c4dd                llm_util_bl_check = 0x7f0c4dd
                0x07f0c51f                llm_util_bl_add = 0x7f0c51f
                0x07f0c575                llm_util_bl_rem = 0x7f0c575
                0x07f0c5c5                llm_util_rl_check = 0x7f0c5c5
                0x07f0c5fb                llm_util_rl_add = 0x7f0c5fb
                0x07f0c677                llm_util_rl_rem = 0x7f0c677
                0x07f0c69d                llm_util_rl_peer_find = 0x7f0c69d
                0x07f0c6c9                llm_util_rl_peer_resolv = 0x7f0c6c9
                0x07f0c71b                llm_util_rl_rpa_find = 0x7f0c71b
                0x07f0c745                CRYPTO_Handler = 0x7f0c745
                0x07f0c7a3                ecc_write_data_m = 0x7f0c7a3
                0x07f0c7bb                ecc_read_data_m = 0x7f0c7bb
                0x07f0c7d3                ecc_set_ptr = 0x7f0c7d3
                0x07f0c7e1                ecc_start = 0x7f0c7e1
                0x07f0c7ef                ecc_check_status = 0x7f0c7ef
                0x07f0c80f                PK_PointMult_func = 0x7f0c80f
                0x07f0c8c5                ea_time_get_slot_rounded = 0x7f0c8c5
                0x07f0c989                ea_init = 0x7f0c989
                0x07f0c9dd                ea_elt_create = 0x7f0c9dd
                0x07f0c9f7                ea_time_get_halfslot_rounded = 0x7f0c9f7
                0x07f0ca21                ea_elt_insert = 0x7f0ca21
                0x07f0cc65                ea_elt_remove = 0x7f0cc65
                0x07f0ccef                ea_elt_delete = 0x7f0ccef
                0x07f0cd09                ea_interval_create = 0x7f0cd09
                0x07f0cd1f                ea_interval_insert = 0x7f0cd1f
                0x07f0cd2b                ea_interval_delete = 0x7f0cd2b
                0x07f0cd43                ea_finetimer_isr = 0x7f0cd43
                0x07f0ce17                ea_sw_isr = 0x7f0ce17
                0x07f0ce37                ea_offset_req = 0x7f0ce37
                0x07f0cff3                ea_sleep_check = 0x7f0cff3
                0x07f0d049                ea_interval_duration_req = 0x7f0d049
                0x07f0d167                flash_identify = 0x7f0d167
                0x07f0d1b5                flash_init = 0x7f0d1b5
                0x07f0d1f1                flash_erase = 0x7f0d1f1
                0x07f0d255                flash_write = 0x7f0d255
                0x07f0d2b9                flash_read = 0x7f0d2b9
                0x07f0d347                uart_init_func = 0x7f0d347
                0x07f0d391                uart_flow_on_func = 0x7f0d391
                0x07f0d399                uart_flow_off_func = 0x7f0d399
                0x07f0d3e9                uart_finish_transfers_func = 0x7f0d3e9
                0x07f0d401                uart_read_func = 0x7f0d401
                0x07f0d417                uart_write_func = 0x7f0d417
                0x07f0d439                UART_Handler_func = 0x7f0d439
                0x07f0d48b                uart_set_flow_off_retries_limit = 0x7f0d48b
                0x07f0d4e5                ba431_get_instance_address = 0x7f0d4e5
                0x07f0d4f9                ba431_wait_fifo_level = 0x7f0d4f9
                0x07f0d519                ba431_read_fifo = 0x7f0d519
                0x07f0d547                ba431_get_rand = 0x7f0d547
                0x07f0d5cd                gtl_init_func = 0x7f0d5cd
                0x07f0d5f5                gtl_enter_sleep = 0x7f0d5f5
                0x07f0d61f                gtl_exit_sleep = 0x7f0d61f
                0x07f0d627                gtl_send_msg = 0x7f0d627
                0x07f0d6ad                gtl_eif_read_start_func = 0x7f0d6ad
                0x07f0d6cd                gtl_eif_read_hdr_func = 0x7f0d6cd
                0x07f0d6ed                gtl_eif_read_payl_func = 0x7f0d6ed
                0x07f0d72b                gtl_eif_tx_done_func = 0x7f0d72b
                0x07f0d73b                gtl_eif_rx_done_func = 0x7f0d73b
                0x07f0d86d                gtl_eif_init_func = 0x7f0d86d
                0x07f0d887                gtl_eif_write = 0x7f0d887
                0x07f0d8a9                gtl_eif_start = 0x7f0d8a9
                0x07f0d8b3                gtl_eif_stop = 0x7f0d8b3
                0x07f0d8cf                gtl_env_curr_msg_type_set = 0x7f0d8cf
                0x07f0dbb1                hci_tl_send = 0x7f0dbb1
                0x07f0dbf9                hci_tl_init = 0x7f0dbf9
                0x07f0dc1d                hci_cmd_get_max_param_size = 0x7f0dc1d
                0x07f0dc67                hci_cmd_received = 0x7f0dc67
                0x07f0dda3                hci_acl_tx_data_alloc = 0x7f0dda3
                0x07f0de29                hci_acl_tx_data_received = 0x7f0de29
                0x07f0def1                hci_acl_rx_data_alloc = 0x7f0def1
                0x07f0defd                hci_acl_rx_data_received = 0x7f0defd
                0x07f0df33                hci_evt_received = 0x7f0df33
                0x07f0e0df                hci_tl_env_tx_queue_cnt_get = 0x7f0e0df
                0x07f0e1fd                hci_util_pack = 0x7f0e1fd
                0x07f0e2fd                hci_util_unpack = 0x7f0e2fd
                0x07f0e7d1                hci_look_for_cmd_desc = 0x7f0e7d1
                0x07f0e81d                hci_look_for_evt_desc = 0x7f0e81d
                0x07f0e841                hci_look_for_le_evt_desc = 0x7f0e841
                0x07f0e869                hci_evt_mask_set = 0x7f0e869
                0x07f0e8b1                hci_init = 0x7f0e8b1
                0x07f0e8cd                hci_reset = 0x7f0e8cd
                0x07f0e8e5                hci_send_2_host = 0x7f0e8e5
                0x07f0e9cf                hci_send_2_controller = 0x7f0e9cf
                0x07f0eaa9                h4tl_read_start_func = 0x7f0eaa9
                0x07f0eac7                h4tl_read_hdr_func = 0x7f0eac7
                0x07f0eae3                h4tl_read_payl_func = 0x7f0eae3
                0x07f0eafd                h4tl_read_next_out_of_sync_func = 0x7f0eafd
                0x07f0eb11                h4tl_out_of_sync_func = 0x7f0eb11
                0x07f0eb37                h4tl_out_of_sync_check = 0x7f0eb37
                0x07f0eb93                h4tl_tx_done_func = 0x7f0eb93
                0x07f0eba7                h4tl_rx_done_func = 0x7f0eba7
                0x07f0eccb                h4tl_init_func = 0x7f0eccb
                0x07f0ece7                h4tl_write = 0x7f0ece7
                0x07f0ed0f                h4tl_start = 0x7f0ed0f
                0x07f0ed17                h4tl_stop = 0x7f0ed17
                0x07f0ed2b                h4tl_env_rx_type_set = 0x7f0ed2b
                0x07f0ed37                h4tl_env_hdr_set = 0x7f0ed37
                0x07f0ed75                attc_send_att_req = 0x7f0ed75
                0x07f0edb1                attc_allocate_att_req = 0x7f0edb1
                0x07f0edd3                attc_send_hdl_cfm = 0x7f0edd3
                0x07f0ede9                attc_send_execute = 0x7f0ede9
                0x07f0ee03                attc_send_read_ind = 0x7f0ee03
                0x07f0f743                attc_l2cc_pdu_recv_handler_func = 0x7f0f743
                0x07f0f79d                attm_convert_to128 = 0x7f0f79d
                0x07f0f7cd                attm_uuid_comp = 0x7f0f7cd
                0x07f0f825                attm_uuid16_comp = 0x7f0f825
                0x07f0f831                attm_is_bt16_uuid = 0x7f0f831
                0x07f0f857                attm_is_bt32_uuid = 0x7f0f857
                0x07f0fc57                attmdb_add_service = 0x7f0fc57
                0x07f0fcdf                attmdb_destroy = 0x7f0fcdf
                0x07f0fcf9                attmdb_get_service = 0x7f0fcf9
                0x07f0fd37                attmdb_get_attribute = 0x7f0fd37
                0x07f0fd6b                attmdb_get_next_att = 0x7f0fd6b
                0x07f0fdcf                attmdb_uuid16_comp = 0x7f0fdcf