Archive member included because of file (symbol)

d:/program files (x86)/dialog semiconductor/smartsnippets/cdt/other/arm-none-eabi/bin/../lib/gcc/arm-none-eabi/4.9.3/armv6-m\libgcc.a(_udivsi3.o)
                              ./sdk/sys_man/sys_clock_mgr.o (__aeabi_uidiv)
d:/program files (x86)/dialog semiconductor/smartsnippets/cdt/other/arm-none-eabi/bin/../lib/gcc/arm-none-eabi/4.9.3/armv6-m\libgcc.a(_dvmd_tls.o)
                              d:/program files (x86)/dialog semiconductor/smartsnippets/cdt/other/arm-none-eabi/bin/../lib/gcc/arm-none-eabi/4.9.3/armv6-m\libgcc.a(_udivsi3.o) (__aeabi_idiv0)
d:/program files (x86)/dialog semiconductor/smartsnippets/cdt/other/arm-none-eabi/bin/../lib/gcc/arm-none-eabi/4.9.3/../../../../arm-none-eabi/lib/armv6-m\libg_nano.a(lib_a-exit.o)
                              d:/program files (x86)/dialog semiconductor/smartsnippets/cdt/other/arm-none-eabi/bin/../lib/gcc/arm-none-eabi/4.9.3/../../../../arm-none-eabi/lib/armv6-m/crt0.o (exit)
d:/program files (x86)/dialog semiconductor/smartsnippets/cdt/other/arm-none-eabi/bin/../lib/gcc/arm-none-eabi/4.9.3/../../../../arm-none-eabi/lib/armv6-m\libg_nano.a(lib_a-fflush.o)
                              ./main.o (fflush)
d:/program files (x86)/dialog semiconductor/smartsnippets/cdt/other/arm-none-eabi/bin/../lib/gcc/arm-none-eabi/4.9.3/../../../../arm-none-eabi/lib/armv6-m\libg_nano.a(lib_a-findfp.o)
                              d:/program files (x86)/dialog semiconductor/smartsnippets/cdt/other/arm-none-eabi/bin/../lib/gcc/arm-none-eabi/4.9.3/../../../../arm-none-eabi/lib/armv6-m\libg_nano.a(lib_a-fflush.o) (__sinit)
d:/program files (x86)/dialog semiconductor/smartsnippets/cdt/other/arm-none-eabi/bin/../lib/gcc/arm-none-eabi/4.9.3/../../../../arm-none-eabi/lib/armv6-m\libg_nano.a(lib_a-fwalk.o)
                              d:/program files (x86)/dialog semiconductor/smartsnippets/cdt/other/arm-none-eabi/bin/../lib/gcc/arm-none-eabi/4.9.3/../../../../arm-none-eabi/lib/armv6-m\libg_nano.a(lib_a-findfp.o) (_fwalk)
d:/program files (x86)/dialog semiconductor/smartsnippets/cdt/other/arm-none-eabi/bin/../lib/gcc/arm-none-eabi/4.9.3/../../../../arm-none-eabi/lib/armv6-m\libg_nano.a(lib_a-impure.o)
                              d:/program files (x86)/dialog semiconductor/smartsnippets/cdt/other/arm-none-eabi/bin/../lib/gcc/arm-none-eabi/4.9.3/../../../../arm-none-eabi/lib/armv6-m\libg_nano.a(lib_a-exit.o) (_global_impure_ptr)
d:/program files (x86)/dialog semiconductor/smartsnippets/cdt/other/arm-none-eabi/bin/../lib/gcc/arm-none-eabi/4.9.3/../../../../arm-none-eabi/lib/armv6-m\libg_nano.a(lib_a-init.o)
                              d:/program files (x86)/dialog semiconductor/smartsnippets/cdt/other/arm-none-eabi/bin/../lib/gcc/arm-none-eabi/4.9.3/../../../../arm-none-eabi/lib/armv6-m/crt0.o (__libc_init_array)
d:/program files (x86)/dialog semiconductor/smartsnippets/cdt/other/arm-none-eabi/bin/../lib/gcc/arm-none-eabi/4.9.3/../../../../arm-none-eabi/lib/armv6-m\libg_nano.a(lib_a-memcmp.o)
                              ./sdk/free_rtos/tasks.o (memcmp)
d:/program files (x86)/dialog semiconductor/smartsnippets/cdt/other/arm-none-eabi/bin/../lib/gcc/arm-none-eabi/4.9.3/../../../../arm-none-eabi/lib/armv6-m\libg_nano.a(lib_a-memcpy.o)
                              ./sdk/osal/msg_queues.o (memcpy)
d:/program files (x86)/dialog semiconductor/smartsnippets/cdt/other/arm-none-eabi/bin/../lib/gcc/arm-none-eabi/4.9.3/../../../../arm-none-eabi/lib/armv6-m\libg_nano.a(lib_a-memset.o)
                              d:/program files (x86)/dialog semiconductor/smartsnippets/cdt/other/arm-none-eabi/bin/../lib/gcc/arm-none-eabi/4.9.3/../../../../arm-none-eabi/lib/armv6-m/crt0.o (memset)
d:/program files (x86)/dialog semiconductor/smartsnippets/cdt/other/arm-none-eabi/bin/../lib/gcc/arm-none-eabi/4.9.3/../../../../arm-none-eabi/lib/armv6-m\libg_nano.a(lib_a-nano-freer.o)
                              d:/program files (x86)/dialog semiconductor/smartsnippets/cdt/other/arm-none-eabi/bin/../lib/gcc/arm-none-eabi/4.9.3/../../../../arm-none-eabi/lib/armv6-m\libg_nano.a(lib_a-fflush.o) (_free_r)
d:/program files (x86)/dialog semiconductor/smartsnippets/cdt/other/arm-none-eabi/bin/../lib/gcc/arm-none-eabi/4.9.3/../../../../arm-none-eabi/lib/armv6-m\libg_nano.a(lib_a-nano-mallocr.o)
                              d:/program files (x86)/dialog semiconductor/smartsnippets/cdt/other/arm-none-eabi/bin/../lib/gcc/arm-none-eabi/4.9.3/../../../../arm-none-eabi/lib/armv6-m\libg_nano.a(lib_a-findfp.o) (_malloc_r)
d:/program files (x86)/dialog semiconductor/smartsnippets/cdt/other/arm-none-eabi/bin/../lib/gcc/arm-none-eabi/4.9.3/../../../../arm-none-eabi/lib/armv6-m\libg_nano.a(lib_a-putchar.o)
                              ./main.o (putchar)
d:/program files (x86)/dialog semiconductor/smartsnippets/cdt/other/arm-none-eabi/bin/../lib/gcc/arm-none-eabi/4.9.3/../../../../arm-none-eabi/lib/armv6-m\libg_nano.a(lib_a-puts.o)
                              ./main.o (puts)
[...]
Memory Configuration

Name             Origin             Length             Attributes
ROM              0x07fc0000         0x00010000         xr
RetRAM0          0x07fd7800         0x00006000         xrw
RetRAM1          0x00000000         0x00000000         xrw
RAM              0x07fd0000         0x00007800         rw
*default*        0x00000000         0xffffffff

Linker script and memory map

LOAD d:/program files (x86)/dialog semiconductor/smartsnippets/cdt/other/arm-none-eabi/bin/../lib/gcc/arm-none-eabi/4.9.3/armv6-m/crti.o
LOAD d:/program files (x86)/dialog semiconductor/smartsnippets/cdt/other/arm-none-eabi/bin/../lib/gcc/arm-none-eabi/4.9.3/armv6-m/crtbegin.o
LOAD d:/program files (x86)/dialog semiconductor/smartsnippets/cdt/other/arm-none-eabi/bin/../lib/gcc/arm-none-eabi/4.9.3/../../../../arm-none-eabi/lib/armv6-m/crt0.o
LOAD ./startup/config.o
LOAD ./startup/startup_ARMCM0.o
LOAD ./startup/system_ARMCM0.o
LOAD ./startup/vector_table.o
LOAD ./sdk/sys_man/sys_charger.o
LOAD ./sdk/sys_man/sys_clock_mgr.o
LOAD ./sdk/sys_man/sys_power_mgr.o
LOAD ./sdk/sys_man/sys_rtc.o
LOAD ./sdk/sys_man/sys_watchdog.o
LOAD ./sdk/peripherals/src/hw_aes_hash.o
LOAD ./sdk/peripherals/src/hw_cpm.o
LOAD ./sdk/peripherals/src/hw_dma.o
LOAD ./sdk/peripherals/src/hw_fem_sky66112-11.o
LOAD ./sdk/peripherals/src/hw_gpadc.o
LOAD ./sdk/peripherals/src/hw_gpio.o
LOAD ./sdk/peripherals/src/hw_hard_fault.o
LOAD ./sdk/peripherals/src/hw_i2c.o
LOAD ./sdk/peripherals/src/hw_irgen.o
LOAD ./sdk/peripherals/src/hw_keyboard_scanner.o
LOAD ./sdk/peripherals/src/hw_otpc.o
LOAD ./sdk/peripherals/src/hw_qspi.o
LOAD ./sdk/peripherals/src/hw_quad.o
LOAD ./sdk/peripherals/src/hw_rf.o
LOAD ./sdk/peripherals/src/hw_soc.o
LOAD ./sdk/peripherals/src/hw_spi.o
LOAD ./sdk/peripherals/src/hw_tempsens.o
LOAD ./sdk/peripherals/src/hw_timer0.o
LOAD ./sdk/peripherals/src/hw_timer1.o
LOAD ./sdk/peripherals/src/hw_timer2.o
LOAD ./sdk/peripherals/src/hw_trng.o
LOAD ./sdk/peripherals/src/hw_uart.o
LOAD ./sdk/peripherals/src/hw_usb_charger.o
LOAD ./sdk/peripherals/src/hw_watchdog.o
LOAD ./sdk/peripherals/src/hw_wkup.o
LOAD ./sdk/peripherals/src/sys_tcs.o
LOAD ./sdk/osal/msg_queues.o
LOAD ./sdk/osal/resmgmt.o
LOAD ./sdk/memory/src/qspi_automode.o
LOAD ./sdk/free_rtos/portable/MemMang/heap_4.o
LOAD ./sdk/free_rtos/portable/GCC/ARM_CM0/port.o
LOAD ./sdk/free_rtos/croutine.o
LOAD ./sdk/free_rtos/event_groups.o
LOAD ./sdk/free_rtos/list.o
LOAD ./sdk/free_rtos/queue.o
LOAD ./sdk/free_rtos/tasks.o
LOAD ./sdk/free_rtos/timers.o
LOAD ./sdk/adapters/src/ad_battery.o
LOAD ./sdk/adapters/src/ad_flash.o
LOAD ./sdk/adapters/src/ad_gpadc.o
LOAD ./sdk/adapters/src/ad_i2c.o
LOAD ./sdk/adapters/src/ad_nvms.o
LOAD ./sdk/adapters/src/ad_nvms_direct.o
LOAD ./sdk/adapters/src/ad_nvms_ves.o
LOAD ./sdk/adapters/src/ad_nvparam.o
LOAD ./sdk/adapters/src/ad_rf.o
LOAD ./sdk/adapters/src/ad_spi.o
LOAD ./sdk/adapters/src/ad_temp_sens.o
LOAD ./sdk/adapters/src/ad_uart.o
LOAD ./sdk/adapters/src/ad_uart_ble.o
LOAD ./main.o
START GROUP
LOAD d:/program files (x86)/dialog semiconductor/smartsnippets/cdt/other/arm-none-eabi/bin/../lib/gcc/arm-none-eabi/4.9.3/armv6-m\libgcc.a
LOAD d:/program files (x86)/dialog semiconductor/smartsnippets/cdt/other/arm-none-eabi/bin/../lib/gcc/arm-none-eabi/4.9.3/../../../../arm-none-eabi/lib/armv6-m\libg_nano.a
LOAD d:/program files (x86)/dialog semiconductor/smartsnippets/cdt/other/arm-none-eabi/bin/../lib/gcc/arm-none-eabi/4.9.3/../../../../arm-none-eabi/lib/armv6-m\libc_nano.a
END GROUP
START GROUP
LOAD d:/program files (x86)/dialog semiconductor/smartsnippets/cdt/other/arm-none-eabi/bin/../lib/gcc/arm-none-eabi/4.9.3/armv6-m\libgcc.a
LOAD d:/program files (x86)/dialog semiconductor/smartsnippets/cdt/other/arm-none-eabi/bin/../lib/gcc/arm-none-eabi/4.9.3/../../../../arm-none-eabi/lib/armv6-m\libc_nano.a
LOAD d:/program files (x86)/dialog semiconductor/smartsnippets/cdt/other/arm-none-eabi/bin/../lib/gcc/arm-none-eabi/4.9.3/../../../../arm-none-eabi/lib/armv6-m\libnosys.a
END GROUP
START GROUP
LOAD d:/program files (x86)/dialog semiconductor/smartsnippets/cdt/other/arm-none-eabi/bin/../lib/gcc/arm-none-eabi/4.9.3/armv6-m\libgcc.a
LOAD d:/program files (x86)/dialog semiconductor/smartsnippets/cdt/other/arm-none-eabi/bin/../lib/gcc/arm-none-eabi/4.9.3/../../../../arm-none-eabi/lib/armv6-m\libc_nano.a
LOAD d:/program files (x86)/dialog semiconductor/smartsnippets/cdt/other/arm-none-eabi/bin/../lib/gcc/arm-none-eabi/4.9.3/../../../../arm-none-eabi/lib/armv6-m\libnosys.a
END GROUP
LOAD d:/program files (x86)/dialog semiconductor/smartsnippets/cdt/other/arm-none-eabi/bin/../lib/gcc/arm-none-eabi/4.9.3/armv6-m/crtend.o
LOAD d:/program files (x86)/dialog semiconductor/smartsnippets/cdt/other/arm-none-eabi/bin/../lib/gcc/arm-none-eabi/4.9.3/armv6-m/crtn.o

.text           0x07fc0000     0x5fa4
 *(.isr_vector)
 .isr_vector    0x07fc0000       0xc0 ./startup/vector_table.o
                0x07fc0000                __isr_vector
                0x000000c0                . = 0xc0
 *(.patch_table)
 .patch_table   0x07fc00c0       0x40 ./startup/vector_table.o
                0x07fc00c0                __patch_table_start
                0x00000100                . = 0x100
 *(.patch_table_flash)
                0x00000130                . = 0x130
 *fill*         0x07fc0100       0x30 
 *(.default_patch_code_handler_section)
 .default_patch_code_handler_section
                0x07fc0130        0x4 ./startup/vector_table.o
                0x07fc0130                Default_Patch_Code_Handler
 *(EXCLUDE_FILE(*libgcc.a:_clzsi2.o *libgcc.a:_clzdi2.o *libgcc.a:_udivdi3.o *libgcc.a:bpabi.o *libgcc.a:_dvmd_tls.o *libgcc.a:_muldi3.o *libgcc.a:_aeabi_uldivmod.o) .text*)
 .text          0x07fc0134       0x60 d:/program files (x86)/dialog semiconductor/smartsnippets/cdt/other/arm-none-eabi/bin/../lib/gcc/arm-none-eabi/4.9.3/armv6-m/crtbegin.o
 .text          0x07fc0194       0x78 d:/program files (x86)/dialog semiconductor/smartsnippets/cdt/other/arm-none-eabi/bin/../lib/gcc/arm-none-eabi/4.9.3/../../../../arm-none-eabi/lib/armv6-m/crt0.o
                0x07fc0194                _start
                0x07fc0194                _mainCRTStartup
 .text.set_interrupt_priorities
                0x07fc020c       0xb0 ./startup/config.o
                0x07fc020c                set_interrupt_priorities
 .text.retarget_init
                0x07fc02bc       0x28 ./startup/config.o
                0x07fc02bc                retarget_init
 .text._write   0x07fc02e4       0x30 ./startup/config.o
                0x07fc02e4                _write
 .text._read    0x07fc0314       0x34 ./startup/config.o
                0x07fc0314                _read
 .text          0x07fc0348      0x100 ./startup/startup_ARMCM0.o
                0x07fc0348                Reset_Handler
                0x07fc03c0                TRNG_Handler
                0x07fc03c0                RESERVED31_Handler
                0x07fc03c0                SPI_Handler
                0x07fc03c0                SysTick_Handler
                0x07fc03c0                RFCAL_Handler
                0x07fc03c0                SWTIM0_Handler
                0x07fc03c0                DCDC_Handler
                0x07fc03c0                BLE_GEN_Handler
                0x07fc03c0                SRC_IN_Handler
                0x07fc03c0                CRYPTO_Handler
                0x07fc03c0                QUADEC_Handler
                0x07fc03c0                BLE_WAKEUP_LP_Handler
                0x07fc03c0                MRM_Handler
                0x07fc03c0                USB_Handler
                0x07fc03c0                PCM_Handler
                0x07fc03c0                IRGEN_Handler
                0x07fc03c0                SRC_OUT_Handler
                0x07fc03c0                I2C_Handler
                0x07fc03c0                COEX_Handler
                0x07fc03c0                Default_Handler
                0x07fc03c0                SPI2_Handler
                0x07fc03c0                I2C2_Handler
                0x07fc03c0                KEYBRD_Handler
                0x07fc03c0                FTDF_GEN_Handler
                0x07fc03c0                RF_DIAG_Handler
                0x07fc03c0                FTDF_WAKEUP_Handler
                0x07fc03cc                SVC_Handler
                0x07fc03ce                NMI_Handler
                0x07fc03e4                HardFault_Handler
 .text.is_compatible_chip_version
                0x07fc0448       0x24 ./startup/system_ARMCM0.o
 .text.apply_trim_values_from_otp
                0x07fc046c      0x128 ./startup/system_ARMCM0.o
 .text.SystemInit
                0x07fc0594       0xa4 ./startup/system_ARMCM0.o
                0x07fc0594                SystemInit
 .text.SystemInitPost
                0x07fc0638      0x148 ./startup/system_ARMCM0.o
                0x07fc0638                SystemInitPost
 .text.black_orca_phy_addr
                0x07fc0780       0x24 ./startup/system_ARMCM0.o
                0x07fc0780                black_orca_phy_addr
 .text.measure_vbat_basic_via_lld
                0x07fc07a4       0x98 ./sdk/sys_man/sys_charger.o
 .text.usb_charger_is_battery_low
                0x07fc083c       0x18 ./sdk/sys_man/sys_charger.o
                0x07fc083c                usb_charger_is_battery_low
 .text.cm_adjust_otp_access_timings
                0x07fc0854       0x4c ./sdk/sys_man/sys_clock_mgr.o
 .text.switch_to_rc16
                0x07fc08a0       0x10 ./sdk/sys_man/sys_clock_mgr.o
 .text.cm_apply_lowered_clocks
                0x07fc08b0       0x9c ./sdk/sys_man/sys_clock_mgr.o
 .text.switch_to_xtal16
                0x07fc094c       0x38 ./sdk/sys_man/sys_clock_mgr.o
 .text.switch_to_pll
                0x07fc0984       0x44 ./sdk/sys_man/sys_clock_mgr.o
 .text.vLPTimerCallback
                0x07fc09c8       0x5c ./sdk/sys_man/sys_clock_mgr.o
 .text.cm_check_xtal_startup
                0x07fc0a24       0x18 ./sdk/sys_man/sys_clock_mgr.o
                0x07fc0a24                cm_check_xtal_startup
 .text.cm_clk_init_low_level
                0x07fc0a3c       0x88 ./sdk/sys_man/sys_clock_mgr.o
                0x07fc0a3c                cm_clk_init_low_level
 .text.cm_apb_set_clock_divider
                0x07fc0ac4       0x74 ./sdk/sys_man/sys_clock_mgr.o
                0x07fc0ac4                cm_apb_set_clock_divider
 .text.cm_ahb_set_clock_divider
                0x07fc0b38       0xc8 ./sdk/sys_man/sys_clock_mgr.o
                0x07fc0b38                cm_ahb_set_clock_divider
 .text.cm_sys_clk_get_fromISR
                0x07fc0c00       0x44 ./sdk/sys_man/sys_clock_mgr.o
                0x07fc0c00                cm_sys_clk_get_fromISR
 .text.cm_apb_get_clock_divider
                0x07fc0c44       0x48 ./sdk/sys_man/sys_clock_mgr.o
                0x07fc0c44                cm_apb_get_clock_divider
 .text.cm_ahb_get_clock_divider
                0x07fc0c8c       0x50 ./sdk/sys_man/sys_clock_mgr.o
                0x07fc0c8c                cm_ahb_get_clock_divider
 .text.cm_ahb_get_clock_divider_fromISR
                0x07fc0cdc        0xc ./sdk/sys_man/sys_clock_mgr.o
                0x07fc0cdc                cm_ahb_get_clock_divider_fromISR
 .text.cm_cpu_clk_get_fromISR
                0x07fc0ce8       0x24 ./sdk/sys_man/sys_clock_mgr.o
                0x07fc0ce8                cm_cpu_clk_get_fromISR
 .text.cm_lp_clk_timer_start
                0x07fc0d0c       0x30 ./sdk/sys_man/sys_clock_mgr.o
                0x07fc0d0c                cm_lp_clk_timer_start
 .text.cm_lp_clk_init
                0x07fc0d3c       0x70 ./sdk/sys_man/sys_clock_mgr.o
                0x07fc0d3c                cm_lp_clk_init
 .text.cm_lp_clk_is_avail
                0x07fc0dac       0x30 ./sdk/sys_man/sys_clock_mgr.o
                0x07fc0dac                cm_lp_clk_is_avail
 .text.cm_lower_all_clocks
                0x07fc0ddc       0xdc ./sdk/sys_man/sys_clock_mgr.o
                0x07fc0ddc                cm_lower_all_clocks
 .text.cm_restore_all_clocks
                0x07fc0eb8       0x8c ./sdk/sys_man/sys_clock_mgr.o
                0x07fc0eb8                cm_restore_all_clocks
 .text.cm_poll_xtal16m_ready
                0x07fc0f44        0xc ./sdk/sys_man/sys_clock_mgr.o
                0x07fc0f44                cm_poll_xtal16m_ready
 .text.cm_sys_clk_init
                0x07fc0f50       0xd8 ./sdk/sys_man/sys_clock_mgr.o
                0x07fc0f50                cm_sys_clk_init
 .text.cm_halt_until_xtal16m_ready
                0x07fc1028       0xa0 ./sdk/sys_man/sys_clock_mgr.o
                0x07fc1028                cm_halt_until_xtal16m_ready
 .text.switch_to_xtal16_safe
                0x07fc10c8       0x34 ./sdk/sys_man/sys_clock_mgr.o
 .text.cm_sys_clk_sleep
                0x07fc10fc      0x148 ./sdk/sys_man/sys_clock_mgr.o
                0x07fc10fc                cm_sys_clk_sleep
 .text.xtal16m_is_ready
                0x07fc1244       0x7c ./sdk/sys_man/sys_clock_mgr.o
 .text.XTAL16RDY_Handler
                0x07fc12c0       0x3c ./sdk/sys_man/sys_clock_mgr.o
                0x07fc12c0                XTAL16RDY_Handler
 .text.cm_sys_clk_wakeup
                0x07fc12fc       0x1c ./sdk/sys_man/sys_clock_mgr.o
                0x07fc12fc                cm_sys_clk_wakeup
 .text.cm_sys_xtal16m_running
                0x07fc1318       0x10 ./sdk/sys_man/sys_clock_mgr.o
                0x07fc1318                cm_sys_xtal16m_running
 .text.pm_advance_time_compute
                0x07fc1328       0xb8 ./sdk/sys_man/sys_power_mgr.o
 .text.pm_init_wake_up
                0x07fc13e0       0xf8 ./sdk/sys_man/sys_power_mgr.o
 .text.pm_wakeup
                0x07fc14d8       0x3c ./sdk/sys_man/sys_power_mgr.o
 .text.apply_wfi
                0x07fc1514      0x364 ./sdk/sys_man/sys_power_mgr.o
 .text.pm_advance_time_apply
                0x07fc1878       0x5c ./sdk/sys_man/sys_power_mgr.o
 .text.pm_calc_slept_time
                0x07fc18d4       0x44 ./sdk/sys_man/sys_power_mgr.o
 .text.pm_sleep_exit
                0x07fc1918       0x14 ./sdk/sys_man/sys_power_mgr.o
 .text.pm_system_init
                0x07fc192c      0x14c ./sdk/sys_man/sys_power_mgr.o
                0x07fc192c                pm_system_init
 .text.pm_advance_time
                0x07fc1a78       0x18 ./sdk/sys_man/sys_power_mgr.o
                0x07fc1a78                pm_advance_time
 .text.WKUP_GPIO_Handler
                0x07fc1a90       0x14 ./sdk/sys_man/sys_power_mgr.o
                0x07fc1a90                WKUP_GPIO_Handler
 .text.SWTIM1_Handler
                0x07fc1aa4       0x58 ./sdk/sys_man/sys_power_mgr.o
                0x07fc1aa4                SWTIM1_Handler
 .text.pm_system_wake_up
                0x07fc1afc       0x78 ./sdk/sys_man/sys_power_mgr.o
                0x07fc1afc                pm_system_wake_up
 .text.pm_sleep_enter
                0x07fc1b74      0x214 ./sdk/sys_man/sys_power_mgr.o
                0x07fc1b74                pm_sleep_enter
 .text.rtc_get_fromISR
                0x07fc1d88       0x40 ./sdk/sys_man/sys_rtc.o
                0x07fc1d88                rtc_get_fromISR
 .text.rtc_get_fromCPM
                0x07fc1dc8       0x3c ./sdk/sys_man/sys_rtc.o
                0x07fc1dc8                rtc_get_fromCPM
 .text.hw_cpm_sysclk_is_rc16
                0x07fc1e04       0x18 ./sdk/peripherals/src/hw_cpm.o
                0x07fc1e04                hw_cpm_sysclk_is_rc16
 .text.hw_cpm_sysclk_is_xtal16m
                0x07fc1e1c       0x14 ./sdk/peripherals/src/hw_cpm.o
                0x07fc1e1c                hw_cpm_sysclk_is_xtal16m
 .text.hw_cpm_set_divn
                0x07fc1e30       0x28 ./sdk/peripherals/src/hw_cpm.o
                0x07fc1e30                hw_cpm_set_divn
 .text.hw_cpm_set_sysclk
                0x07fc1e58       0x78 ./sdk/peripherals/src/hw_cpm.o
                0x07fc1e58                hw_cpm_set_sysclk
 .text.hw_cpm_pll_sys_on
                0x07fc1ed0       0x44 ./sdk/peripherals/src/hw_cpm.o
                0x07fc1ed0                hw_cpm_pll_sys_on
 .text.hw_cpm_pll_sys_off
                0x07fc1f14       0x18 ./sdk/peripherals/src/hw_cpm.o
                0x07fc1f14                hw_cpm_pll_sys_off
 .text.hw_cpm_dcdc_config
                0x07fc1f2c       0x80 ./sdk/peripherals/src/hw_cpm.o
                0x07fc1f2c                hw_cpm_dcdc_config
 .text.hw_cpm_dcdc_on
                0x07fc1fac       0x78 ./sdk/peripherals/src/hw_cpm.o
                0x07fc1fac                hw_cpm_dcdc_on
 .text.hw_cpm_set_preferred_values
                0x07fc2024       0x38 ./sdk/peripherals/src/hw_cpm.o
                0x07fc2024                hw_cpm_set_preferred_values
 .text.hw_cpm_configure_xtal32k_pins
                0x07fc205c       0x10 ./sdk/peripherals/src/hw_cpm.o
                0x07fc205c                hw_cpm_configure_xtal32k_pins
 .text.hw_cpm_assert_trigger_gpio
                0x07fc206c        0x4 ./sdk/peripherals/src/hw_cpm.o
                0x07fc206c                hw_cpm_assert_trigger_gpio
 .text.hw_cpm_activate_bod_protection_at_init
                0x07fc2070       0x34 ./sdk/peripherals/src/hw_cpm.o
                0x07fc2070                hw_cpm_activate_bod_protection_at_init
 .text.hw_dma_channel_initialization
                0x07fc20a4      0x1b0 ./sdk/peripherals/src/hw_dma.o
                0x07fc20a4                hw_dma_channel_initialization
 .text.hw_dma_channel_enable
                0x07fc2254       0x50 ./sdk/peripherals/src/hw_dma.o
                0x07fc2254                hw_dma_channel_enable
 .text.hw_dma_channel_active
                0x07fc22a4       0x34 ./sdk/peripherals/src/hw_dma.o
                0x07fc22a4                hw_dma_channel_active
 .text.DMA_Handler
                0x07fc22d8       0xc0 ./sdk/peripherals/src/hw_dma.o
                0x07fc22d8                DMA_Handler
 .text.hw_gpadc_reset
                0x07fc2398       0x24 ./sdk/peripherals/src/hw_gpadc.o
                0x07fc2398                hw_gpadc_reset
 .text.hw_gpadc_adc_measure
                0x07fc23bc       0x20 ./sdk/peripherals/src/hw_gpadc.o
                0x07fc23bc                hw_gpadc_adc_measure
 .text.ADC_Handler
                0x07fc23dc       0x20 ./sdk/peripherals/src/hw_gpadc.o
                0x07fc23dc                ADC_Handler
 .text.hw_gpio_set_pin_function
                0x07fc23fc       0x18 ./sdk/peripherals/src/hw_gpio.o
                0x07fc23fc                hw_gpio_set_pin_function
 .text.HardFault_HandlerC
                0x07fc2414       0xd4 ./sdk/peripherals/src/hw_hard_fault.o
                0x07fc2414                HardFault_HandlerC
 .text.hw_otpc_convert_sys_clk_mhz
                0x07fc24e8       0xa8 ./sdk/peripherals/src/hw_otpc.o
                0x07fc24e8                hw_otpc_convert_sys_clk_mhz
 .text.hw_otpc_disable
                0x07fc2590       0x8c ./sdk/peripherals/src/hw_otpc.o
                0x07fc2590                hw_otpc_disable
 .text.hw_otpc_set_speed
                0x07fc261c       0x64 ./sdk/peripherals/src/hw_otpc.o
                0x07fc261c                hw_otpc_set_speed
 .text.hw_otpc_manual_read_on
                0x07fc2680       0x50 ./sdk/peripherals/src/hw_otpc.o
                0x07fc2680                hw_otpc_manual_read_on
 .text.hw_otpc_manual_read_off
                0x07fc26d0       0x44 ./sdk/peripherals/src/hw_otpc.o
                0x07fc26d0                hw_otpc_manual_read_off
 .text.hw_qspi_set_bus_mode
                0x07fc2714       0x3c ./sdk/peripherals/src/hw_qspi.o
                0x07fc2714                hw_qspi_set_bus_mode
 .text.hw_qspi_set_automode
                0x07fc2750       0xa0 ./sdk/peripherals/src/hw_qspi.o
                0x07fc2750                hw_qspi_set_automode
 .text.hw_qspi_init
                0x07fc27f0       0xa8 ./sdk/peripherals/src/hw_qspi.o
                0x07fc27f0                hw_qspi_init
 .text.hw_qspi_set_div
                0x07fc2898       0x3c ./sdk/peripherals/src/hw_qspi.o
                0x07fc2898                hw_qspi_set_div
 .text.hw_timer1_lp_clk_init
                0x07fc28d4       0x50 ./sdk/peripherals/src/hw_timer1.o
                0x07fc28d4                hw_timer1_lp_clk_init
 .text.hw_uart_fire_callback
                0x07fc2924       0x68 ./sdk/peripherals/src/hw_uart.o
 .text.hw_uart_irq_stop_receive
                0x07fc298c       0x60 ./sdk/peripherals/src/hw_uart.o
 .text.hw_uart_rx_dma_callback
                0x07fc29ec       0x6c ./sdk/peripherals/src/hw_uart.o
 .text.hw_uart_tx_dma_callback
                0x07fc2a58       0x14 ./sdk/peripherals/src/hw_uart.o
 .text.hw_uart_read
                0x07fc2a6c        0xc ./sdk/peripherals/src/hw_uart.o
                0x07fc2a6c                hw_uart_read
 .text.hw_uart_write
                0x07fc2a78        0xc ./sdk/peripherals/src/hw_uart.o
                0x07fc2a78                hw_uart_write
 .text.hw_uart_write_buffer
                0x07fc2a84       0x20 ./sdk/peripherals/src/hw_uart.o
                0x07fc2a84                hw_uart_write_buffer
 .text.hw_uart_send
                0x07fc2aa4       0xb4 ./sdk/peripherals/src/hw_uart.o
                0x07fc2aa4                hw_uart_send
 .text.hw_uart_set_dma_channels_ex
                0x07fc2b58      0x1dc ./sdk/peripherals/src/hw_uart.o
                0x07fc2b58                hw_uart_set_dma_channels_ex
 .text.hw_uart_init
                0x07fc2d34      0x1a4 ./sdk/peripherals/src/hw_uart.o
                0x07fc2d34                hw_uart_init
 .text.hw_uart_thr_empty_getf
                0x07fc2ed8        0x8 ./sdk/peripherals/src/hw_uart.o
                0x07fc2ed8                hw_uart_thr_empty_getf
 .text.UART_Interrupt_Handler
                0x07fc2ee0      0x184 ./sdk/peripherals/src/hw_uart.o
                0x07fc2ee0                UART_Interrupt_Handler
 .text.UART_Handler
                0x07fc3064       0x10 ./sdk/peripherals/src/hw_uart.o
                0x07fc3064                UART_Handler
 .text.UART2_Handler
                0x07fc3074       0x10 ./sdk/peripherals/src/hw_uart.o
                0x07fc3074                UART2_Handler
 .text.hw_charger_check_vbus
                0x07fc3084       0x28 ./sdk/peripherals/src/hw_usb_charger.o
                0x07fc3084                hw_charger_check_vbus
 .text.VBUS_Handler
                0x07fc30ac        0x4 ./sdk/peripherals/src/hw_usb_charger.o
                0x07fc30ac                VBUS_Handler
 .text.hw_watchdog_freeze
                0x07fc30b0       0x20 ./sdk/peripherals/src/hw_watchdog.o
                0x07fc30b0                hw_watchdog_freeze
 .text.hw_watchdog_unfreeze
                0x07fc30d0        0xc ./sdk/peripherals/src/hw_watchdog.o
                0x07fc30d0                hw_watchdog_unfreeze
 .text.hw_watchdog_handle_int
                0x07fc30dc       0xf8 ./sdk/peripherals/src/hw_watchdog.o
                0x07fc30dc                hw_watchdog_handle_int
 .text.NMI_HandlerC
                0x07fc31d4       0x18 ./sdk/peripherals/src/hw_watchdog.o
                0x07fc31d4                NMI_HandlerC
 .text.hw_wkup_handler
                0x07fc31ec       0x20 ./sdk/peripherals/src/hw_wkup.o
                0x07fc31ec                hw_wkup_handler
 .text.apply_pair
                0x07fc320c       0x10 ./sdk/peripherals/src/sys_tcs.o
 .text.apply_entry
                0x07fc321c       0x20 ./sdk/peripherals/src/sys_tcs.o
 .text.store_in_array
                0x07fc323c       0x20 ./sdk/peripherals/src/sys_tcs.o
 .text.swap_entries
                0x07fc325c       0x30 ./sdk/peripherals/src/sys_tcs.o
 .text.sys_tcs_sort_area
                0x07fc328c       0x88 ./sdk/peripherals/src/sys_tcs.o
 .text.sys_tcs_init
                0x07fc3314       0x20 ./sdk/peripherals/src/sys_tcs.o
                0x07fc3314                sys_tcs_init
 .text.sys_tcs_store_pair
                0x07fc3334       0xc4 ./sdk/peripherals/src/sys_tcs.o
                0x07fc3334                sys_tcs_store_pair
 .text.sys_tcs_sort_array
                0x07fc33f8      0x11c ./sdk/peripherals/src/sys_tcs.o
                0x07fc33f8                sys_tcs_sort_array
 .text.sys_tcs_apply
                0x07fc3514       0x28 ./sdk/peripherals/src/sys_tcs.o
                0x07fc3514                sys_tcs_apply
 .text.resource_init
                0x07fc353c       0x44 ./sdk/osal/resmgmt.o
                0x07fc353c                resource_init
 .text.prvHeapInit
                0x07fc3580       0x50 ./sdk/free_rtos/portable/MemMang/heap_4.o
 .text.prvInsertBlockIntoFreeList
                0x07fc35d0       0x50 ./sdk/free_rtos/portable/MemMang/heap_4.o
 .text.pvPortMalloc
                0x07fc3620       0xcc ./sdk/free_rtos/portable/MemMang/heap_4.o
                0x07fc3620                pvPortMalloc
 .text.vPortFree
                0x07fc36ec       0x60 ./sdk/free_rtos/portable/MemMang/heap_4.o
                0x07fc36ec                vPortFree
 .text.vPortStartFirstTask
                0x07fc374c       0x20 ./sdk/free_rtos/portable/GCC/ARM_CM0/port.o
 .text.prvTaskExitError
                0x07fc376c       0x1c ./sdk/free_rtos/portable/GCC/ARM_CM0/port.o
 .text.prvSetupTimerInterrupt
                0x07fc3788       0x7c ./sdk/free_rtos/portable/GCC/ARM_CM0/port.o
 .text.pxPortInitialiseStack
                0x07fc3804       0x20 ./sdk/free_rtos/portable/GCC/ARM_CM0/port.o
                0x07fc3804                pxPortInitialiseStack
 .text.xPortStartScheduler
                0x07fc3824       0x34 ./sdk/free_rtos/portable/GCC/ARM_CM0/port.o
                0x07fc3824                xPortStartScheduler
 .text.vPortYield
                0x07fc3858       0x18 ./sdk/free_rtos/portable/GCC/ARM_CM0/port.o
                0x07fc3858                vPortYield
 .text.vPortEnterCritical
                0x07fc3870       0x18 ./sdk/free_rtos/portable/GCC/ARM_CM0/port.o
                0x07fc3870                vPortEnterCritical
 .text.vPortExitCritical
                0x07fc3888       0x24 ./sdk/free_rtos/portable/GCC/ARM_CM0/port.o
                0x07fc3888                vPortExitCritical
 .text.ulSetInterruptMaskFromISR
                0x07fc38ac        0xc ./sdk/free_rtos/portable/GCC/ARM_CM0/port.o
                0x07fc38ac                ulSetInterruptMaskFromISR
 .text.vClearInterruptMaskFromISR
                0x07fc38b8        0x8 ./sdk/free_rtos/portable/GCC/ARM_CM0/port.o
                0x07fc38b8                vClearInterruptMaskFromISR
 .text.PendSV_Handler
                0x07fc38c0       0x44 ./sdk/free_rtos/portable/GCC/ARM_CM0/port.o
                0x07fc38c0                PendSV_Handler
 .text.xPortTickAdvance
                0x07fc3904       0x18 ./sdk/free_rtos/portable/GCC/ARM_CM0/port.o
                0x07fc3904                xPortTickAdvance
 .text.prvSystemSleep
                0x07fc391c       0x54 ./sdk/free_rtos/portable/GCC/ARM_CM0/port.o
                0x07fc391c                prvSystemSleep
 .text.xEventGroupCreate
                0x07fc3970       0x18 ./sdk/free_rtos/event_groups.o
                0x07fc3970                xEventGroupCreate
 .text.xEventGroupClearBits
                0x07fc3988       0x34 ./sdk/free_rtos/event_groups.o
                0x07fc3988                xEventGroupClearBits
 .text.vEventGroupClearBitsCallback
                0x07fc39bc        0x8 ./sdk/free_rtos/event_groups.o
                0x07fc39bc                vEventGroupClearBitsCallback
 .text.xEventGroupClearBitsFromISR
                0x07fc39c4       0x18 ./sdk/free_rtos/event_groups.o
                0x07fc39c4                xEventGroupClearBitsFromISR
 .text.xEventGroupSetBits
                0x07fc39dc       0x84 ./sdk/free_rtos/event_groups.o
                0x07fc39dc                xEventGroupSetBits
 .text.vEventGroupSetBitsCallback
                0x07fc3a60        0x8 ./sdk/free_rtos/event_groups.o
                0x07fc3a60                vEventGroupSetBitsCallback
 .text.xEventGroupSetBitsFromISR
                0x07fc3a68       0x18 ./sdk/free_rtos/event_groups.o
                0x07fc3a68                xEventGroupSetBitsFromISR
 .text.vListInitialise
                0x07fc3a80       0x18 ./sdk/free_rtos/list.o
                0x07fc3a80                vListInitialise
 .text.vListInitialiseItem
                0x07fc3a98        0x8 ./sdk/free_rtos/list.o
                0x07fc3a98                vListInitialiseItem
 .text.vListInsertEnd
                0x07fc3aa0       0x18 ./sdk/free_rtos/list.o
                0x07fc3aa0                vListInsertEnd
 .text.vListInsert
                0x07fc3ab8       0x30 ./sdk/free_rtos/list.o
                0x07fc3ab8                vListInsert
 .text.uxListRemove
                0x07fc3ae8       0x24 ./sdk/free_rtos/list.o
                0x07fc3ae8                uxListRemove
 .text.prvIsQueueFull
                0x07fc3b0c       0x20 ./sdk/free_rtos/queue.o
 .text.prvIsQueueEmpty
                0x07fc3b2c       0x1c ./sdk/free_rtos/queue.o
 .text.prvCopyDataToQueue
                0x07fc3b48       0x88 ./sdk/free_rtos/queue.o
 .text.prvNotifyQueueSetContainer
                0x07fc3bd0       0x64 ./sdk/free_rtos/queue.o
 .text.prvCopyDataFromQueue
                0x07fc3c34       0x24 ./sdk/free_rtos/queue.o
 .text.prvUnlockQueue
                0x07fc3c58       0x84 ./sdk/free_rtos/queue.o
 .text.xQueueGenericReset
                0x07fc3cdc       0x70 ./sdk/free_rtos/queue.o
                0x07fc3cdc                xQueueGenericReset
 .text.xQueueGenericCreate
                0x07fc3d4c       0x60 ./sdk/free_rtos/queue.o
                0x07fc3d4c                xQueueGenericCreate
 .text.xQueueGenericSend
                0x07fc3dac      0x164 ./sdk/free_rtos/queue.o
                0x07fc3dac                xQueueGenericSend
 .text.xQueueCreateMutex
                0x07fc3f10       0x58 ./sdk/free_rtos/queue.o
                0x07fc3f10                xQueueCreateMutex
 .text.xQueueGenericSendFromISR
                0x07fc3f68       0xe0 ./sdk/free_rtos/queue.o
                0x07fc3f68                xQueueGenericSendFromISR
 .text.xQueueGenericReceive
                0x07fc4048      0x164 ./sdk/free_rtos/queue.o
                0x07fc4048                xQueueGenericReceive
 .text.vQueueAddToRegistry
                0x07fc41ac       0x28 ./sdk/free_rtos/queue.o
                0x07fc41ac                vQueueAddToRegistry
 .text.vQueueWaitForMessageRestricted
                0x07fc41d4       0x40 ./sdk/free_rtos/queue.o
                0x07fc41d4                vQueueWaitForMessageRestricted
 .text.vTaskSuspendAll
                0x07fc4214       0x10 ./sdk/free_rtos/tasks.o
                0x07fc4214                vTaskSuspendAll
 .text.prvGetExpectedIdleTime
                0x07fc4224       0x34 ./sdk/free_rtos/tasks.o
                0x07fc4224                prvGetExpectedIdleTime
 .text.xTaskGetTickCount
                0x07fc4258        0xc ./sdk/free_rtos/tasks.o
                0x07fc4258                xTaskGetTickCount
 .text.vTaskStepTick
                0x07fc4264       0x2c ./sdk/free_rtos/tasks.o
                0x07fc4264                vTaskStepTick
 .text.vTaskSwitchContext
                0x07fc4290       0xd8 ./sdk/free_rtos/tasks.o
                0x07fc4290                vTaskSwitchContext
 .text.xTaskRemoveFromUnorderedEventList
                0x07fc4368       0x78 ./sdk/free_rtos/tasks.o
                0x07fc4368                xTaskRemoveFromUnorderedEventList
 .text.vTaskSetTimeOutState
                0x07fc43e0       0x20 ./sdk/free_rtos/tasks.o
                0x07fc43e0                vTaskSetTimeOutState
 .text.xTaskCheckForTimeOut
                0x07fc4400       0x6c ./sdk/free_rtos/tasks.o
                0x07fc4400                xTaskCheckForTimeOut
 .text.vTaskMissedYield
                0x07fc446c        0xc ./sdk/free_rtos/tasks.o
                0x07fc446c                vTaskMissedYield
 .text.eTaskConfirmSleepModeStatus
                0x07fc4478       0x38 ./sdk/free_rtos/tasks.o
                0x07fc4478                eTaskConfirmSleepModeStatus
 .text.prvInitialiseTCBVariables
                0x07fc44b0       0x54 ./sdk/free_rtos/tasks.o
                0x07fc44b0                prvInitialiseTCBVariables
 .text.prvInitialiseTaskLists
                0x07fc4504       0x60 ./sdk/free_rtos/tasks.o
                0x07fc4504                prvInitialiseTaskLists
 .text.prvAddCurrentTaskToDelayedList
                0x07fc4564       0x48 ./sdk/free_rtos/tasks.o
                0x07fc4564                prvAddCurrentTaskToDelayedList
 .text.vTaskPlaceOnEventList
                0x07fc45ac       0x48 ./sdk/free_rtos/tasks.o
                0x07fc45ac                vTaskPlaceOnEventList
 .text.vTaskPlaceOnEventListRestricted
                0x07fc45f4       0x4c ./sdk/free_rtos/tasks.o
                0x07fc45f4                vTaskPlaceOnEventListRestricted
 .text.prvAllocateTCBAndStack
                0x07fc4640       0x44 ./sdk/free_rtos/tasks.o
                0x07fc4640                prvAllocateTCBAndStack
 .text.xTaskGenericCreate
                0x07fc4684      0x10c ./sdk/free_rtos/tasks.o
                0x07fc4684                xTaskGenericCreate
 .text.vTaskStartScheduler
                0x07fc4790       0x54 ./sdk/free_rtos/tasks.o
                0x07fc4790                vTaskStartScheduler
 .text.prvDeleteTCB
                0x07fc47e4       0x14 ./sdk/free_rtos/tasks.o
                0x07fc47e4                prvDeleteTCB
 .text.prvResetNextTaskUnblockTime
                0x07fc47f8       0x38 ./sdk/free_rtos/tasks.o
                0x07fc47f8                prvResetNextTaskUnblockTime
 .text.vTaskDelete
                0x07fc4830       0x84 ./sdk/free_rtos/tasks.o
                0x07fc4830                vTaskDelete
 .text.xTaskIncrementTick
                0x07fc48b4      0x110 ./sdk/free_rtos/tasks.o
                0x07fc48b4                xTaskIncrementTick
 .text.xTaskResumeAll
                0x07fc49c4       0xdc ./sdk/free_rtos/tasks.o
                0x07fc49c4                xTaskResumeAll
 .text.vTaskDelayUntil
                0x07fc4aa0       0x90 ./sdk/free_rtos/tasks.o
                0x07fc4aa0                vTaskDelayUntil
 .text.prvCheckTasksWaitingTermination
                0x07fc4b30       0x54 ./sdk/free_rtos/tasks.o
                0x07fc4b30                prvCheckTasksWaitingTermination
 .text.prvIdleTask
                0x07fc4b84       0x50 ./sdk/free_rtos/tasks.o
                0x07fc4b84                prvIdleTask
 .text.xTaskRemoveFromEventList
                0x07fc4bd4       0x80 ./sdk/free_rtos/tasks.o
                0x07fc4bd4                xTaskRemoveFromEventList
 .text.xTaskGetSchedulerState
                0x07fc4c54       0x20 ./sdk/free_rtos/tasks.o
                0x07fc4c54                xTaskGetSchedulerState
 .text.vTaskPriorityInherit
                0x07fc4c74       0x88 ./sdk/free_rtos/tasks.o
                0x07fc4c74                vTaskPriorityInherit
 .text.xTaskPriorityDisinherit
                0x07fc4cfc       0x70 ./sdk/free_rtos/tasks.o
                0x07fc4cfc                xTaskPriorityDisinherit
 .text.pvTaskIncrementMutexHeldCount
                0x07fc4d6c       0x1c ./sdk/free_rtos/tasks.o
                0x07fc4d6c                pvTaskIncrementMutexHeldCount
 .text.prvGetNextExpireTime
                0x07fc4d88       0x20 ./sdk/free_rtos/timers.o
 .text.prvInsertTimerInActiveList
                0x07fc4da8       0x48 ./sdk/free_rtos/timers.o
 .text.prvCheckForValidListAndQueue
                0x07fc4df0       0x58 ./sdk/free_rtos/timers.o
 .text.xTimerCreateTimerTask
                0x07fc4e48       0x48 ./sdk/free_rtos/timers.o
                0x07fc4e48                xTimerCreateTimerTask
 .text.xTimerCreate
                0x07fc4e90       0x4c ./sdk/free_rtos/timers.o
                0x07fc4e90                xTimerCreate
 .text.xTimerGenericCommand
                0x07fc4edc       0x58 ./sdk/free_rtos/timers.o
                0x07fc4edc                xTimerGenericCommand
 .text.prvSwitchTimerLists
                0x07fc4f34       0x6c ./sdk/free_rtos/timers.o
 .text.prvSampleTimeNow
                0x07fc4fa0       0x2c ./sdk/free_rtos/timers.o
 .text.prvProcessExpiredTimer
                0x07fc4fcc       0x58 ./sdk/free_rtos/timers.o
 .text.prvProcessTimerOrBlockTask
                0x07fc5024       0x68 ./sdk/free_rtos/timers.o
 .text.prvProcessReceivedCommands
                0x07fc508c       0xc4 ./sdk/free_rtos/timers.o
 .text.prvTimerTask
                0x07fc5150       0x18 ./sdk/free_rtos/timers.o
 .text.xTimerPendFunctionCallFromISR
                0x07fc5168       0x28 ./sdk/free_rtos/timers.o
                0x07fc5168                xTimerPendFunctionCallFromISR
 .text.prvTemplateTask
                0x07fc5190       0x40 ./main.o
 .text.prvSetupHardware
                0x07fc51d0       0x10 ./main.o
 .text.system_init
                0x07fc51e0       0x80 ./main.o
 .text.periph_init
                0x07fc5260       0x20 ./main.o
 .text.main     0x07fc5280       0x40 ./main.o
                0x07fc5280                main
 .text.vApplicationMallocFailedHook
                0x07fc52c0        0x4 ./main.o
                0x07fc52c0                vApplicationMallocFailedHook
 .text.vApplicationStackOverflowHook
                0x07fc52c4        0x4 ./main.o
                0x07fc52c4                vApplicationStackOverflowHook
 .text.exit     0x07fc52c8       0x2c d:/program files (x86)/dialog semiconductor/smartsnippets/cdt/other/arm-none-eabi/bin/../lib/gcc/arm-none-eabi/4.9.3/../../../../arm-none-eabi/lib/armv6-m\libg_nano.a(lib_a-exit.o)
                0x07fc52c8                exit
 .text.__sflush_r
                0x07fc52f4      0x112 d:/program files (x86)/dialog semiconductor/smartsnippets/cdt/other/arm-none-eabi/bin/../lib/gcc/arm-none-eabi/4.9.3/../../../../arm-none-eabi/lib/armv6-m\libg_nano.a(lib_a-fflush.o)
                0x07fc52f4                __sflush_r
 *fill*         0x07fc5406        0x2 
 .text._fflush_r
                0x07fc5408       0x58 d:/program files (x86)/dialog semiconductor/smartsnippets/cdt/other/arm-none-eabi/bin/../lib/gcc/arm-none-eabi/4.9.3/../../../../arm-none-eabi/lib/armv6-m\libg_nano.a(lib_a-fflush.o)
                0x07fc5408                _fflush_r
 .text.fflush   0x07fc5460       0x28 d:/program files (x86)/dialog semiconductor/smartsnippets/cdt/other/arm-none-eabi/bin/../lib/gcc/arm-none-eabi/4.9.3/../../../../arm-none-eabi/lib/armv6-m\libg_nano.a(lib_a-fflush.o)
                0x07fc5460                fflush
 .text._cleanup_r
                0x07fc5488       0x10 d:/program files (x86)/dialog semiconductor/smartsnippets/cdt/other/arm-none-eabi/bin/../lib/gcc/arm-none-eabi/4.9.3/../../../../arm-none-eabi/lib/armv6-m\libg_nano.a(lib_a-findfp.o)
                0x07fc5488                _cleanup_r
 .text.std.isra.0
                0x07fc5498       0x48 d:/program files (x86)/dialog semiconductor/smartsnippets/cdt/other/arm-none-eabi/bin/../lib/gcc/arm-none-eabi/4.9.3/../../../../arm-none-eabi/lib/armv6-m\libg_nano.a(lib_a-findfp.o)
 .text.__sfmoreglue
                0x07fc54e0       0x2c d:/program files (x86)/dialog semiconductor/smartsnippets/cdt/other/arm-none-eabi/bin/../lib/gcc/arm-none-eabi/4.9.3/../../../../arm-none-eabi/lib/armv6-m\libg_nano.a(lib_a-findfp.o)
                0x07fc54e0                __sfmoreglue
 .text.__sinit  0x07fc550c       0x64 d:/program files (x86)/dialog semiconductor/smartsnippets/cdt/other/arm-none-eabi/bin/../lib/gcc/arm-none-eabi/4.9.3/../../../../arm-none-eabi/lib/armv6-m\libg_nano.a(lib_a-findfp.o)
                0x07fc550c                __sinit
 .text.__sfp    0x07fc5570       0x7c d:/program files (x86)/dialog semiconductor/smartsnippets/cdt/other/arm-none-eabi/bin/../lib/gcc/arm-none-eabi/4.9.3/../../../../arm-none-eabi/lib/armv6-m\libg_nano.a(lib_a-findfp.o)
                0x07fc5570                __sfp
 .text._fwalk_reent
                0x07fc55ec       0x42 d:/program files (x86)/dialog semiconductor/smartsnippets/cdt/other/arm-none-eabi/bin/../lib/gcc/arm-none-eabi/4.9.3/../../../../arm-none-eabi/lib/armv6-m\libg_nano.a(lib_a-fwalk.o)
                0x07fc55ec                _fwalk_reent
 *fill*         0x07fc562e        0x2 
 .text.__libc_init_array
                0x07fc5630       0x4c d:/program files (x86)/dialog semiconductor/smartsnippets/cdt/other/arm-none-eabi/bin/../lib/gcc/arm-none-eabi/4.9.3/../../../../arm-none-eabi/lib/armv6-m\libg_nano.a(lib_a-init.o)
                0x07fc5630                __libc_init_array
 .text.memcpy   0x07fc567c       0x12 d:/program files (x86)/dialog semiconductor/smartsnippets/cdt/other/arm-none-eabi/bin/../lib/gcc/arm-none-eabi/4.9.3/../../../../arm-none-eabi/lib/armv6-m\libg_nano.a(lib_a-memcpy.o)
                0x07fc567c                memcpy
 .text.memset   0x07fc568e       0x10 d:/program files (x86)/dialog semiconductor/smartsnippets/cdt/other/arm-none-eabi/bin/../lib/gcc/arm-none-eabi/4.9.3/../../../../arm-none-eabi/lib/armv6-m\libg_nano.a(lib_a-memset.o)
                0x07fc568e                memset
 *fill*         0x07fc569e        0x2 
 .text._free_r  0x07fc56a0       0x8c d:/program files (x86)/dialog semiconductor/smartsnippets/cdt/other/arm-none-eabi/bin/../lib/gcc/arm-none-eabi/4.9.3/../../../../arm-none-eabi/lib/armv6-m\libg_nano.a(lib_a-nano-freer.o)
                0x07fc56a0                _free_r
 .text._malloc_r
                0x07fc572c       0xb0 d:/program files (x86)/dialog semiconductor/smartsnippets/cdt/other/arm-none-eabi/bin/../lib/gcc/arm-none-eabi/4.9.3/../../../../arm-none-eabi/lib/armv6-m\libg_nano.a(lib_a-nano-mallocr.o)
                0x07fc572c                _malloc_r
 .text.putchar  0x07fc57dc       0x28 d:/program files (x86)/dialog semiconductor/smartsnippets/cdt/other/arm-none-eabi/bin/../lib/gcc/arm-none-eabi/4.9.3/../../../../arm-none-eabi/lib/armv6-m\libg_nano.a(lib_a-putchar.o)
                0x07fc57dc                putchar
 .text._puts_r  0x07fc5804       0xc2 d:/program files (x86)/dialog semiconductor/smartsnippets/cdt/other/arm-none-eabi/bin/../lib/gcc/arm-none-eabi/4.9.3/../../../../arm-none-eabi/lib/armv6-m\libg_nano.a(lib_a-puts.o)
                0x07fc5804                _puts_r
 *fill*         0x07fc58c6        0x2 
 .text.puts     0x07fc58c8       0x14 d:/program files (x86)/dialog semiconductor/smartsnippets/cdt/other/arm-none-eabi/bin/../lib/gcc/arm-none-eabi/4.9.3/../../../../arm-none-eabi/lib/armv6-m\libg_nano.a(lib_a-puts.o)
                0x07fc58c8                puts
 .text._sbrk_r  0x07fc58dc       0x24 d:/program files (x86)/dialog semiconductor/smartsnippets/cdt/other/arm-none-eabi/bin/../lib/gcc/arm-none-eabi/4.9.3/../../../../arm-none-eabi/lib/armv6-m\libg_nano.a(lib_a-sbrkr.o)
                0x07fc58dc                _sbrk_r
 .text.__sread  0x07fc5900       0x28 d:/program files (x86)/dialog semiconductor/smartsnippets/cdt/other/arm-none-eabi/bin/../lib/gcc/arm-none-eabi/4.9.3/../../../../arm-none-eabi/lib/armv6-m\libg_nano.a(lib_a-stdio.o)
                0x07fc5900                __sread
 .text.__swrite
                0x07fc5928       0x38 d:/program files (x86)/dialog semiconductor/smartsnippets/cdt/other/arm-none-eabi/bin/../lib/gcc/arm-none-eabi/4.9.3/../../../../arm-none-eabi/lib/armv6-m\libg_nano.a(lib_a-stdio.o)
                0x07fc5928                __swrite
 .text.__sseek  0x07fc5960       0x2c d:/program files (x86)/dialog semiconductor/smartsnippets/cdt/other/arm-none-eabi/bin/../lib/gcc/arm-none-eabi/4.9.3/../../../../arm-none-eabi/lib/armv6-m\libg_nano.a(lib_a-stdio.o)
                0x07fc5960                __sseek
 .text.__sclose
                0x07fc598c        0xc d:/program files (x86)/dialog semiconductor/smartsnippets/cdt/other/arm-none-eabi/bin/../lib/gcc/arm-none-eabi/4.9.3/../../../../arm-none-eabi/lib/armv6-m\libg_nano.a(lib_a-stdio.o)
                0x07fc598c                __sclose
 .text.__swbuf_r
                0x07fc5998       0xb0 d:/program files (x86)/dialog semiconductor/smartsnippets/cdt/other/arm-none-eabi/bin/../lib/gcc/arm-none-eabi/4.9.3/../../../../arm-none-eabi/lib/armv6-m\libg_nano.a(lib_a-wbuf.o)
                0x07fc5998                __swbuf_r
 .text._write_r
                0x07fc5a48       0x28 d:/program files (x86)/dialog semiconductor/smartsnippets/cdt/other/arm-none-eabi/bin/../lib/gcc/arm-none-eabi/4.9.3/../../../../arm-none-eabi/lib/armv6-m\libg_nano.a(lib_a-writer.o)
                0x07fc5a48                _write_r
 .text.__swsetup_r
                0x07fc5a70       0xe8 d:/program files (x86)/dialog semiconductor/smartsnippets/cdt/other/arm-none-eabi/bin/../lib/gcc/arm-none-eabi/4.9.3/../../../../arm-none-eabi/lib/armv6-m\libg_nano.a(lib_a-wsetup.o)
                0x07fc5a70                __swsetup_r
 .text._close_r
                0x07fc5b58       0x24 d:/program files (x86)/dialog semiconductor/smartsnippets/cdt/other/arm-none-eabi/bin/../lib/gcc/arm-none-eabi/4.9.3/../../../../arm-none-eabi/lib/armv6-m\libg_nano.a(lib_a-closer.o)
                0x07fc5b58                _close_r
 .text._lseek_r
                0x07fc5b7c       0x28 d:/program files (x86)/dialog semiconductor/smartsnippets/cdt/other/arm-none-eabi/bin/../lib/gcc/arm-none-eabi/4.9.3/../../../../arm-none-eabi/lib/armv6-m\libg_nano.a(lib_a-lseekr.o)
                0x07fc5b7c                _lseek_r
 .text.__smakebuf_r
                0x07fc5ba4       0xb0 d:/program files (x86)/dialog semiconductor/smartsnippets/cdt/other/arm-none-eabi/bin/../lib/gcc/arm-none-eabi/4.9.3/../../../../arm-none-eabi/lib/armv6-m\libg_nano.a(lib_a-makebuf.o)
                0x07fc5ba4                __smakebuf_r
 .text._putc_r  0x07fc5c54       0x78 d:/program files (x86)/dialog semiconductor/smartsnippets/cdt/other/arm-none-eabi/bin/../lib/gcc/arm-none-eabi/4.9.3/../../../../arm-none-eabi/lib/armv6-m\libg_nano.a(lib_a-putc.o)
                0x07fc5c54                _putc_r
 .text._read_r  0x07fc5ccc       0x28 d:/program files (x86)/dialog semiconductor/smartsnippets/cdt/other/arm-none-eabi/bin/../lib/gcc/arm-none-eabi/4.9.3/../../../../arm-none-eabi/lib/armv6-m\libg_nano.a(lib_a-readr.o)
                0x07fc5ccc                _read_r
 .text._fstat_r
                0x07fc5cf4       0x24 d:/program files (x86)/dialog semiconductor/smartsnippets/cdt/other/arm-none-eabi/bin/../lib/gcc/arm-none-eabi/4.9.3/../../../../arm-none-eabi/lib/armv6-m\libg_nano.a(lib_a-fstatr.o)
                0x07fc5cf4                _fstat_r
 .text._isatty_r
                0x07fc5d18       0x24 d:/program files (x86)/dialog semiconductor/smartsnippets/cdt/other/arm-none-eabi/bin/../lib/gcc/arm-none-eabi/4.9.3/../../../../arm-none-eabi/lib/armv6-m\libg_nano.a(lib_a-isattyr.o)
                0x07fc5d18                _isatty_r
 .text._close   0x07fc5d3c       0x10 d:/program files (x86)/dialog semiconductor/smartsnippets/cdt/other/arm-none-eabi/bin/../lib/gcc/arm-none-eabi/4.9.3/../../../../arm-none-eabi/lib/armv6-m\libnosys.a(close.o)
                0x07fc5d3c                _close
 .text._fstat   0x07fc5d4c       0x10 d:/program files (x86)/dialog semiconductor/smartsnippets/cdt/other/arm-none-eabi/bin/../lib/gcc/arm-none-eabi/4.9.3/../../../../arm-none-eabi/lib/armv6-m\libnosys.a(fstat.o)
                0x07fc5d4c                _fstat
 .text._isatty  0x07fc5d5c       0x10 d:/program files (x86)/dialog semiconductor/smartsnippets/cdt/other/arm-none-eabi/bin/../lib/gcc/arm-none-eabi/4.9.3/../../../../arm-none-eabi/lib/armv6-m\libnosys.a(isatty.o)
                0x07fc5d5c                _isatty
 .text._lseek   0x07fc5d6c       0x10 d:/program files (x86)/dialog semiconductor/smartsnippets/cdt/other/arm-none-eabi/bin/../lib/gcc/arm-none-eabi/4.9.3/../../../../arm-none-eabi/lib/armv6-m\libnosys.a(lseek.o)
                0x07fc5d6c                _lseek
 .text._sbrk    0x07fc5d7c       0x1c d:/program files (x86)/dialog semiconductor/smartsnippets/cdt/other/arm-none-eabi/bin/../lib/gcc/arm-none-eabi/4.9.3/../../../../arm-none-eabi/lib/armv6-m\libnosys.a(sbrk.o)
                0x07fc5d7c                _sbrk
 .text._exit    0x07fc5d98        0x4 d:/program files (x86)/dialog semiconductor/smartsnippets/cdt/other/arm-none-eabi/bin/../lib/gcc/arm-none-eabi/4.9.3/../../../../arm-none-eabi/lib/armv6-m\libnosys.a(_exit.o)
                0x07fc5d98                _exit
 *(.init)
 .init          0x07fc5d9c        0x4 d:/program files (x86)/dialog semiconductor/smartsnippets/cdt/other/arm-none-eabi/bin/../lib/gcc/arm-none-eabi/4.9.3/armv6-m/crti.o
                0x07fc5d9c                _init
 .init          0x07fc5da0        0x8 d:/program files (x86)/dialog semiconductor/smartsnippets/cdt/other/arm-none-eabi/bin/../lib/gcc/arm-none-eabi/4.9.3/armv6-m/crtn.o
 *(.fini)
 .fini          0x07fc5da8        0x4 d:/program files (x86)/dialog semiconductor/smartsnippets/cdt/other/arm-none-eabi/bin/../lib/gcc/arm-none-eabi/4.9.3/armv6-m/crti.o
                0x07fc5da8                _fini
 .fini          0x07fc5dac        0x8 d:/program files (x86)/dialog semiconductor/smartsnippets/cdt/other/arm-none-eabi/bin/../lib/gcc/arm-none-eabi/4.9.3/armv6-m/crtn.o
 *crtbegin.o(.ctors)
 *crtbegin?.o(.ctors)
 *(EXCLUDE_FILE(*crtend.o *crtend?.o) .ctors)
 *(SORT(.ctors.*))
 *(.ctors)
 *crtbegin.o(.dtors)
 *crtbegin?.o(.dtors)
 *(EXCLUDE_FILE(*crtend.o *crtend?.o) .dtors)
 *(SORT(.dtors.*))
 *(.dtors)
                0x07fc5db4                . = ALIGN (0x4)
                0x07fc5db4                PROVIDE (__preinit_array_start, .)
 *(.preinit_array)
                0x07fc5db4                PROVIDE (__preinit_array_end, .)
                0x07fc5db4                . = ALIGN (0x4)
                0x07fc5db4                PROVIDE (__init_array_start, .)
 *(SORT(.init_array.*))
 *(.init_array)
 .init_array    0x07fc5db4        0x4 d:/program files (x86)/dialog semiconductor/smartsnippets/cdt/other/arm-none-eabi/bin/../lib/gcc/arm-none-eabi/4.9.3/armv6-m/crtbegin.o
                0x07fc5db8                PROVIDE (__init_array_end, .)
                0x07fc5db8                . = ALIGN (0x4)
                0x07fc5db8                PROVIDE (__fini_array_start, .)
 *(SORT(.fini_array.*))
 *(.fini_array)
 .fini_array    0x07fc5db8        0x4 d:/program files (x86)/dialog semiconductor/smartsnippets/cdt/other/arm-none-eabi/bin/../lib/gcc/arm-none-eabi/4.9.3/armv6-m/crtbegin.o
                0x07fc5dbc                PROVIDE (__fini_array_end, .)
 *(.rodata*)
 .rodata.__dialog_interrupt_priorities
                0x07fc5dbc       0x28 ./startup/config.o
                0x07fc5dbc                __dialog_interrupt_priorities
 .rodata.remap.7899
                0x07fc5de4       0x20 ./startup/system_ARMCM0.o
 .rodata.str1.4
                0x07fc5e04        0x6 ./sdk/sys_man/sys_clock_mgr.o
                                  0x8 (size before relaxing)
 *fill*         0x07fc5e0a        0x2 
 .rodata.hw_dma_channel_initialization
                0x07fc5e0c       0x20 ./sdk/peripherals/src/hw_dma.o
 .rodata.tim1   0x07fc5e2c       0x2c ./sdk/peripherals/src/hw_otpc.o
                0x07fc5e2c                tim1
 .rodata.tim2   0x07fc5e58        0xc ./sdk/peripherals/src/hw_otpc.o
 .rodata.UART_Interrupt_Handler
                0x07fc5e64       0x34 ./sdk/peripherals/src/hw_uart.o
 .rodata.uncalibrated_tcs_data
                0x07fc5e98       0x28 ./sdk/peripherals/src/sys_tcs.o
 .rodata        0x07fc5ec0       0x14 ./sdk/free_rtos/tasks.o
 .rodata.str1.4
                0x07fc5ed4        0x5 ./sdk/free_rtos/tasks.o
                                  0x8 (size before relaxing)
 *fill*         0x07fc5ed9        0x3 
 .rodata.prvProcessReceivedCommands
                0x07fc5edc       0x28 ./sdk/free_rtos/timers.o
 .rodata.str1.4
                0x07fc5f04       0x10 ./sdk/free_rtos/timers.o
 .rodata.str1.4
                0x07fc5f14       0x24 ./main.o
 .rodata.__sf_fake_stdin
                0x07fc5f38       0x20 d:/program files (x86)/dialog semiconductor/smartsnippets/cdt/other/arm-none-eabi/bin/../lib/gcc/arm-none-eabi/4.9.3/../../../../arm-none-eabi/lib/armv6-m\libg_nano.a(lib_a-findfp.o)
                0x07fc5f38                __sf_fake_stdin
 .rodata.__sf_fake_stdout
                0x07fc5f58       0x20 d:/program files (x86)/dialog semiconductor/smartsnippets/cdt/other/arm-none-eabi/bin/../lib/gcc/arm-none-eabi/4.9.3/../../../../arm-none-eabi/lib/armv6-m\libg_nano.a(lib_a-findfp.o)
                0x07fc5f58                __sf_fake_stdout
 .rodata.__sf_fake_stderr
                0x07fc5f78       0x20 d:/program files (x86)/dialog semiconductor/smartsnippets/cdt/other/arm-none-eabi/bin/../lib/gcc/arm-none-eabi/4.9.3/../../../../arm-none-eabi/lib/armv6-m\libg_nano.a(lib_a-findfp.o)
                0x07fc5f78                __sf_fake_stderr
 .rodata.str1.1
                0x07fc5f98        0x2 d:/program files (x86)/dialog semiconductor/smartsnippets/cdt/other/arm-none-eabi/bin/../lib/gcc/arm-none-eabi/4.9.3/../../../../arm-none-eabi/lib/armv6-m\libg_nano.a(lib_a-impure.o)
 *fill*         0x07fc5f9a        0x2 
 .rodata._global_impure_ptr
                0x07fc5f9c        0x4 d:/program files (x86)/dialog semiconductor/smartsnippets/cdt/other/arm-none-eabi/bin/../lib/gcc/arm-none-eabi/4.9.3/../../../../arm-none-eabi/lib/armv6-m\libg_nano.a(lib_a-impure.o)
                0x07fc5f9c                _global_impure_ptr
 *(.eh_frame*)
 .eh_frame      0x07fc5fa0        0x0 d:/program files (x86)/dialog semiconductor/smartsnippets/cdt/other/arm-none-eabi/bin/../lib/gcc/arm-none-eabi/4.9.3/armv6-m/crtbegin.o
 .eh_frame      0x07fc5fa0        0x4 d:/program files (x86)/dialog semiconductor/smartsnippets/cdt/other/arm-none-eabi/bin/../lib/gcc/arm-none-eabi/4.9.3/armv6-m/crtend.o

.glue_7         0x07fc5fa4        0x0
 .glue_7        0x00000000        0x0 linker stubs

.glue_7t        0x07fc5fa4        0x0
 .glue_7t       0x00000000        0x0 linker stubs

.vfp11_veneer   0x07fc5fa4        0x0
 .vfp11_veneer  0x00000000        0x0 linker stubs

.v4_bx          0x07fc5fa4        0x0
 .v4_bx         0x00000000        0x0 linker stubs

.iplt           0x07fc5fa4        0x0
 .iplt          0x00000000        0x0 d:/program files (x86)/dialog semiconductor/smartsnippets/cdt/other/arm-none-eabi/bin/../lib/gcc/arm-none-eabi/4.9.3/armv6-m/crtbegin.o

.ARM.extab
 *(.ARM.extab* .gnu.linkonce.armextab.*)
                0x07fc5fa4                __exidx_start = .

.ARM.exidx      0x07fc5fa4        0x8
 *(.ARM.exidx* .gnu.linkonce.armexidx.*)
 .ARM.exidx     0x07fc5fa4        0x8 d:/program files (x86)/dialog semiconductor/smartsnippets/cdt/other/arm-none-eabi/bin/../lib/gcc/arm-none-eabi/4.9.3/../../../../arm-none-eabi/lib/armv6-m/crt0.o
                0x07fc5fac                __exidx_end = .

.rel.dyn        0x07fc5fac        0x0
 .rel.iplt      0x00000000        0x0 d:/program files (x86)/dialog semiconductor/smartsnippets/cdt/other/arm-none-eabi/bin/../lib/gcc/arm-none-eabi/4.9.3/armv6-m/crtbegin.o

.copy.table     0x07fc5fac       0x18
                0x07fc5fac                . = ALIGN (0x4)
                0x07fc5fac                __copy_table_start__ = .
                0x07fc5fac        0x4 LONG 0x7fc6044 (__etext + (__data_end__ - __data_start__))
                0x07fc5fb0        0x4 LONG 0x7fd7800 __RetRAM0_code_start__
                0x07fc5fb4        0x4 LONG 0x8 (__RetRAM0_code_end__ - __RetRAM0_code_start__)
                0x07fc5fb8        0x4 LONG 0x7fc5fdc __etext
                0x07fc5fbc        0x4 LONG 0x7fd0000 __data_start__
                0x07fc5fc0        0x4 LONG 0x68 (__data_end__ - __data_start__)
                0x07fc5fc4                __copy_table_end__ = .

.zero.table     0x07fc5fc4       0x18
                0x07fc5fc4                . = ALIGN (0x4)
                0x07fc5fc4                __zero_table_start__ = .
                0x07fc5fc4        0x4 LONG 0x7fd0068 __bss_start__
                0x07fc5fc8        0x4 LONG 0x214 (__bss_end__ - __bss_start__)
                0x07fc5fcc        0x4 LONG 0x7fd78d4 __RetRAM0_data_start
                0x07fc5fd0        0x4 LONG 0x5f2c __RetRAM0_size
                0x07fc5fd4        0x4 LONG 0x0 __RetRAM1_start__
                0x07fc5fd8        0x4 LONG 0x0 (__RetRAM1_end__ - __RetRAM1_start__)
                0x07fc5fdc                __zero_table_end__ = .
                0x07fc5fdc                __etext = .

.data           0x07fd0000       0x68 load address 0x07fc5fdc
                0x07fd0000                __data_start__ = .
 *(vtable)
 *(.data*)
 .data.impure_data
                0x07fd0000       0x60 d:/program files (x86)/dialog semiconductor/smartsnippets/cdt/other/arm-none-eabi/bin/../lib/gcc/arm-none-eabi/4.9.3/../../../../arm-none-eabi/lib/armv6-m\libg_nano.a(lib_a-impure.o)
 .data._impure_ptr
                0x07fd0060        0x4 d:/program files (x86)/dialog semiconductor/smartsnippets/cdt/other/arm-none-eabi/bin/../lib/gcc/arm-none-eabi/4.9.3/../../../../arm-none-eabi/lib/armv6-m\libg_nano.a(lib_a-impure.o)
                0x07fd0060                _impure_ptr
                0x07fd0064                . = ALIGN (0x4)
 *(.jcr*)
 .jcr           0x07fd0064        0x0 d:/program files (x86)/dialog semiconductor/smartsnippets/cdt/other/arm-none-eabi/bin/../lib/gcc/arm-none-eabi/4.9.3/armv6-m/crtbegin.o
 .jcr           0x07fd0064        0x4 d:/program files (x86)/dialog semiconductor/smartsnippets/cdt/other/arm-none-eabi/bin/../lib/gcc/arm-none-eabi/4.9.3/armv6-m/crtend.o
                0x07fd0068                . = ALIGN (0x4)
                0x07fd0068                __data_end__ = .

.igot.plt       0x07fd0068        0x0 load address 0x07fc6044
 .igot.plt      0x00000000        0x0 d:/program files (x86)/dialog semiconductor/smartsnippets/cdt/other/arm-none-eabi/bin/../lib/gcc/arm-none-eabi/4.9.3/armv6-m/crtbegin.o

.bss            0x07fd0068      0x214 load address 0x07fc6044
                0x07fd0068                . = ALIGN (0x4)
                0x07fd0068                __bss_start__ = .
 *(.bss*)
 .bss           0x07fd0068       0x1c d:/program files (x86)/dialog semiconductor/smartsnippets/cdt/other/arm-none-eabi/bin/../lib/gcc/arm-none-eabi/4.9.3/armv6-m/crtbegin.o
 .bss.cm_ahb_clk_next
                0x07fd0084        0x1 ./sdk/sys_man/sys_clock_mgr.o
 .bss.cm_xtal16m_settled
                0x07fd0085        0x1 ./sdk/sys_man/sys_clock_mgr.o
 .bss.cm_sys_clk_next
                0x07fd0086        0x1 ./sdk/sys_man/sys_clock_mgr.o
 .bss.sleep_is_blocked
                0x07fd0087        0x1 ./sdk/sys_man/sys_power_mgr.o
 .bss.sleep_blocked_until
                0x07fd0088        0x4 ./sdk/sys_man/sys_power_mgr.o
 .bss.dma_callbacks_user_data
                0x07fd008c       0x40 ./sdk/peripherals/src/hw_dma.o
 .bss.intr_cb   0x07fd00cc        0x4 ./sdk/peripherals/src/hw_gpadc.o
 .bss.uart_data
                0x07fd00d0       0xe8 ./sdk/peripherals/src/hw_uart.o
 .bss.free_list
                0x07fd01b8        0x4 ./sdk/osal/resmgmt.o
 .bss.requests  0x07fd01bc       0xa0 ./sdk/osal/resmgmt.o
 .bss.waiting_list
                0x07fd025c        0x4 ./sdk/osal/resmgmt.o
 .bss.xHandle   0x07fd0260        0x4 ./main.o
 .bss.test_counter.8267
                0x07fd0264        0x4 ./main.o
 .bss.__malloc_sbrk_start
                0x07fd0268        0x4 d:/program files (x86)/dialog semiconductor/smartsnippets/cdt/other/arm-none-eabi/bin/../lib/gcc/arm-none-eabi/4.9.3/../../../../arm-none-eabi/lib/armv6-m\libg_nano.a(lib_a-nano-mallocr.o)
                0x07fd0268                __malloc_sbrk_start
 .bss.__malloc_free_list
                0x07fd026c        0x4 d:/program files (x86)/dialog semiconductor/smartsnippets/cdt/other/arm-none-eabi/bin/../lib/gcc/arm-none-eabi/4.9.3/../../../../arm-none-eabi/lib/armv6-m\libg_nano.a(lib_a-nano-mallocr.o)
                0x07fd026c                __malloc_free_list
 .bss.heap_end.4079
                0x07fd0270        0x4 d:/program files (x86)/dialog semiconductor/smartsnippets/cdt/other/arm-none-eabi/bin/../lib/gcc/arm-none-eabi/4.9.3/../../../../arm-none-eabi/lib/armv6-m\libnosys.a(sbrk.o)
 *(COMMON)
 COMMON         0x07fd0274        0x4 ./sdk/sys_man/sys_power_mgr.o
                0x07fd0274                ulTimeSpentSleepingInTicks
 COMMON         0x07fd0278        0x4 d:/program files (x86)/dialog semiconductor/smartsnippets/cdt/other/arm-none-eabi/bin/../lib/gcc/arm-none-eabi/4.9.3/../../../../arm-none-eabi/lib/armv6-m\libg_nano.a(lib_a-reent.o)
                0x07fd0278                errno
                0x07fd027c                . = ALIGN (0x4)
                0x07fd027c                __bss_end__ = .

.heap           0x07fd0280      0x600
                0x07fd0280                __end__ = .
                0x07fd0280                PROVIDE (end, .)
 *(.heap*)
 .heap          0x07fd0280      0x600 ./startup/vector_table.o
                0x07fd0280                __HeapBase
                0x07fd0880                __HeapLimit = .

.stack_dummy    0x07fd0280      0x100
 *(.stack*)
 .stack         0x07fd0280      0x100 ./startup/vector_table.o
                0x07fd7800                __StackTop = (ORIGIN (RAM) + 0x7800)
                0x07fd7700                __StackLimit = (__StackTop - SIZEOF (.stack_dummy))
                0x07fd7800                PROVIDE (__stack, __StackTop)
                0x00000001                ASSERT ((__StackLimit >= __HeapLimit), region RAM overflowed with stack)

RETENTION_ROM0  0x07fd7800        0x8 load address 0x07fc6044
                0x07fd7800                . = ALIGN (0x4)
                0x07fd7800                __RetRAM0_code_start__ = .
 *(text_retained)
 *libgcc.a:_aeabi_uldivmod.o(.text*)
 *libgcc.a:_muldi3.o(.text*)
 *libgcc.a:_dvmd_tls.o(.text*)
 *libgcc.a:bpabi.o(.text*)
 *libgcc.a:_udivdi3.o(.text*)
 *libgcc.a:_clzdi2.o(.text*)
 *libgcc.a:_clzsi2.o(.text*)
                0x07fd7800                . = ALIGN (0x4)
 *(retention_mem_rw)
 *(privileged_data_rw)
 privileged_data_rw
                0x07fd7800        0x4 ./sdk/free_rtos/portable/GCC/ARM_CM0/port.o
 privileged_data_rw
                0x07fd7804        0x4 ./sdk/free_rtos/tasks.o
                0x07fd7804                xNextTaskUnblockTime
 *(.retention)
                0x07fd7808                . = ALIGN (0x4)
                0x07fd7808                __RetRAM0_code_end__ = .
                0x07fd7808                . = ALIGN (0x4)

RETENTION_RAM0  0x07fd7808     0x39dc load address 0x07fc604c
                0x07fd7808                . = ALIGN (0x4)
                0x07fd7808                __RetRAM0_start = .
 *(nmi_info)
 *(hard_fault_info)
 *(retention_mem_uninit)
 retention_mem_uninit
                0x07fd7808        0x2 ./sdk/peripherals/src/hw_cpm.o
                0x07fd7808                hw_cpm_bod_enabled_in_tcs
 *fill*         0x07fd780a        0x2 
 retention_mem_uninit
                0x07fd780c       0xc8 ./sdk/peripherals/src/sys_tcs.o
                0x07fd780c                tcs_length
                0x07fd7810                tcs_data
                0x07fd78d0                sys_tcs_is_calibrated_chip
                0x07fd78d4                . = ALIGN (0x4)
                0x07fd78d4                __RetRAM0_data_start = .
 *(privileged_data_zi)
 privileged_data_zi
                0x07fd78d4       0x28 ./sdk/sys_man/sys_clock_mgr.o
                0x07fd78d4                cm_ahbclk
                0x07fd78d5                cm_sysclk
                0x07fd78e8                xRCXCalibTaskHandle
                0x07fd78ec                rcx_clock_period
                0x07fd78f0                ble_slot_duration_in_rcx
                0x07fd78f4                rcx_tick_rate_hz
                0x07fd78f6                rcx_tick_period
                0x07fd78f8                rcx_clock_hz
 privileged_data_zi
                0x07fd78fc       0x5c ./sdk/sys_man/sys_power_mgr.o
                0x07fd7900                lp_last_trigger
                0x07fd7908                pm_adapters_cb
                0x07fd7954                pm_mac_wakeup_time
 privileged_data_zi
                0x07fd7958        0x8 ./sdk/sys_man/sys_rtc.o
 privileged_data_zi
                0x07fd7960       0x18 ./sdk/free_rtos/portable/MemMang/heap_4.o
 privileged_data_zi
                0x07fd7978       0x40 ./sdk/free_rtos/queue.o
                0x07fd7978                xQueueRegistry
 privileged_data_zi
                0x07fd79b8      0x124 ./sdk/free_rtos/tasks.o
                0x07fd79b8                pxCurrentTCB
                0x07fd79bc                pxDelayedTaskList
                0x07fd79c0                pxOverflowDelayedTaskList
                0x07fd79c4                xSuspendedTaskList
                0x07fd79d8                xTasksWaitingTermination
                0x07fd79ec                pxReadyTasksLists
                0x07fd7a78                uxTopReadyPriority
                0x07fd7a7c                xPendingReadyList
                0x07fd7a90                uxSchedulerSuspended
                0x07fd7a94                xSchedulerRunning
                0x07fd7a98                xTickCount
                0x07fd7a9c                uxCurrentNumberOfTasks
                0x07fd7aa0                xYieldPending
                0x07fd7aa4                xNumOfOverflows
                0x07fd7aa8                xDelayedTaskList1
                0x07fd7abc                xDelayedTaskList2
                0x07fd7ad0                uxTaskNumber
                0x07fd7ad4                uxTasksDeleted
                0x07fd7ad8                uxPendedTicks
 privileged_data_zi
                0x07fd7adc       0x38 ./sdk/free_rtos/timers.o
 *(retention_mem_zi)
 retention_mem_zi
                0x07fd7b14        0x8 ./startup/system_ARMCM0.o
                0x07fd7b14                SystemCoreClock
                0x07fd7b18                SystemLPClock
 retention_mem_zi
                0x07fd7b1c        0x4 ./sdk/peripherals/src/hw_watchdog.o
 retention_mem_zi
                0x07fd7b20        0x4 ./sdk/peripherals/src/hw_wkup.o
 retention_mem_zi
                0x07fd7b24       0x10 ./sdk/peripherals/src/sys_tcs.o
                0x07fd7b24                tcs_ptr
                0x07fd7b28                sys_tcs_xtal16m_settling_time
                0x07fd7b2c                area_offset
                0x07fd7b30                area_size
 *(os_heap)
 os_heap        0x07fd7b34     0x36b0 ./sdk/free_rtos/portable/MemMang/heap_4.o
 *(ble_msg_heap)
 *(ble_env_heap)
 *(ble_db_heap)
                0x07fdb1e4                __RetRAM0_data_end__ = .

RETENTION_RAM1  0x00000000        0x0
                0x00000000                . = ALIGN (0x4)
                0x00000000                __RetRAM1_start__ = .
                0x00000000                . = ALIGN (0x4)
                0x00000000                __RetRAM1_end__ = .

RETENTION_BLE
 *(ble_variables)
                0x00005f2c                __RetRAM0_size = (0x6000 - (__RetRAM0_data_start - __RetRAM0_code_start__))
                0x0000604c                __image_size = (((__etext + (__data_end__ - __data_start__)) + (__RetRAM0_code_end__ - __RetRAM0_code_start__)) - ORIGIN (ROM))
                0x00006044                __mirrored_image_size = ((__etext + (__data_end__ - __data_start__)) - ORIGIN (ROM))
                0x00000001                ASSERT (((ORIGIN (RAM) + 0x7800) < 0x7fdec00), ROM variables region (starting at 0x7FDEC00) overflowed by RAM)
                0x00000001                ASSERT ((__RetRAM0_data_end__ < 0x7fdec00), ROM variables region (starting at 0x7FDEC00) overflowed by RetRAM0)
                0x07f0285d                set_system_clocks = 0x7f0285d
                0x07f02879                set_peripheral_clocks = 0x7f02879
                0x07f028b3                rf_workaround_init = 0x7f028b3
                0x07f028b5                get_stack_usage = 0x7f028b5
                0x07f028f3                rwip_eif_get_func = 0x7f028f3
                0x07f02903                rwip_set_em_base = 0x7f02903
                0x07f02909                platform_initialization = 0x7f02909
                0x07f029bf                ble_init = 0x7f029bf
                0x07f02a31                ble_regs_push = 0x7f02a31
                0x07f02a89                ble_regs_pop = 0x7f02a89
                0x07f02adf                platform_sleep = 0x7f02adf
                0x07f02de9                rf_init = 0x7f02de9
                0x07f02df1                rf_reinit = 0x7f02df1
                0x07f02df9                smpc_check_param = 0x7f02df9
                0x07f02e03                smpc_pdu_recv = 0x7f02e03
                0x07f02e0d                lld_sleep_compensate = 0x7f02e0d
                0x07f02e17                lld_sleep_init = 0x7f02e17
                0x07f02e21                lld_sleep_us_2_lpcycles = 0x7f02e21
                0x07f02e2b                lld_sleep_lpcycles_2_us = 0x7f02e2b
                0x07f02e35                uart_flow_off = 0x7f02e35
                0x07f02e3d                uart_finish_transfers = 0x7f02e3d
                0x07f02e45                uart_read = 0x7f02e45
                0x07f02e4d                uart_write = 0x7f02e4d
                0x07f02e5d                uart_init = 0x7f02e5d
                0x07f02e65                uart_flow_on = 0x7f02e65
                0x07f02e6d                gtl_init = 0x7f02e6d
                0x07f02e75                gtl_eif_init = 0x7f02e75
                0x07f02e7d                gtl_eif_read_start = 0x7f02e7d
                0x07f02e85                gtl_eif_read_hdr = 0x7f02e85
                0x07f02e8d                gtl_eif_read_payl = 0x7f02e8d
                0x07f02e95                gtl_eif_tx_done = 0x7f02e95
                0x07f02e9d                gtl_eif_rx_done = 0x7f02e9d
                0x07f02ea5                h4tl_init = 0x7f02ea5
                0x07f02ead                h4tl_read_start = 0x7f02ead
                0x07f02eb5                h4tl_read_hdr = 0x7f02eb5
                0x07f02ebd                h4tl_read_payl = 0x7f02ebd
                0x07f02ec5                h4tl_read_next_out_of_sync = 0x7f02ec5
                0x07f02ecd                h4tl_out_of_sync = 0x7f02ecd
                0x07f02ed5                h4tl_tx_done = 0x7f02ed5
                0x07f02edd                h4tl_rx_done = 0x7f02edd
                0x07f02ee5                ke_task_init = 0x7f02ee5
                0x07f02eed                ke_timer_init = 0x7f02eed
                0x07f02ef5                llm_encryption_done = 0x7f02ef5
                0x07f02efd                nvds_get = 0x7f02efd
                0x07f02f05                nvds_del = 0x7f02f05
                0x07f02f0d                nvds_put = 0x7f02f0d
                0x07f02f15                rwip_eif_get = 0x7f02f15
                0x07f02f1d                platform_reset = 0x7f02f1d
                0x07f02f27                lld_test_stop = 0x7f02f27
                0x07f02f31                lld_test_mode_tx = 0x7f02f31
                0x07f02f3b                lld_test_mode_rx = 0x7f02f3b
                0x07f02f45                prf_init = 0x7f02f45
                0x07f02f4f                prf_add_profile = 0x7f02f4f
                0x07f02f59                prf_create = 0x7f02f59
                0x07f02f63                prf_cleanup = 0x7f02f63
                0x07f02f81                nvds_init = 0x7f02f81
                0x07f02f89                SetSystemVars = 0x7f02f89
                0x07f02f93                dbg_init = 0x7f02f93
                0x07f02f9d                dbg_platform_reset_complete = 0x7f02f9d
                0x07f02fb7                l2cc_pdu_pack = 0x7f02fb7
                0x07f02fcd                l2cc_pdu_unpack = 0x7f02fcd
                0x07f02fe5                l2c_send_lecb_message = 0x7f02fe5
                0x07f02fef                l2c_process_sdu = 0x7f02fef
                0x07f03019                atts_l2cc_pdu_recv_handler = 0x7f03019
                0x07f03023                attc_l2cc_pdu_recv_handler = 0x7f03023
                0x07f03031                co_buf_init = 0x7f03031
                0x07f030cb                co_buf_rx_free = 0x7f030cb
                0x07f030e5                co_buf_rx_buffer_get = 0x7f030e5
                0x07f030ef                co_buf_tx_buffer_get = 0x7f030ef
                0x07f0310d                co_list_init = 0x7f0310d
                0x07f0311d                co_list_pop_front = 0x7f0311d
                0x07f0313f                co_list_flush = 0x7f0313f
                0x07f03155                co_list_push_back = 0x7f03155
                0x07f03179                co_list_pool_init = 0x7f03179
                0x07f031e1                co_list_push_front = 0x7f031e1
                0x07f031fd                co_list_extract = 0x7f031fd
                0x07f0324d                co_list_find = 0x7f0324d
                0x07f03263                co_list_merge = 0x7f03263
                0x07f0327f                co_list_insert_before = 0x7f0327f
                0x07f032b7                co_list_insert_after = 0x7f032b7
                0x07f032f3                co_list_size = 0x7f032f3
                0x07f03307                co_bdaddr_compare = 0x7f03307
                0x07f03325                llc_init = 0x7f03325
                0x07f0334f                llc_stop = 0x7f0334f
                0x07f03395                llc_reset = 0x7f03395
                0x07f033b7                llc_le_con_cmp_evt_send = 0x7f033b7
                0x07f0343b                llc_start = 0x7f0343b
                0x07f03563                llc_discon_event_complete_send = 0x7f03563
                0x07f03585                llc_con_update_complete_send = 0x7f03585
                0x07f035bd                llc_ltk_req_send = 0x7f035bd
                0x07f035f3                llc_feats_rd_event_send = 0x7f035f3
                0x07f0362d                llc_version_rd_event_send = 0x7f0362d
                0x07f0365f                llc_common_cmd_complete_send = 0x7f0365f
                0x07f0367d                llc_common_cmd_status_send = 0x7f0367d
                0x07f03699                llc_common_flush_occurred_send = 0x7f03699
                0x07f036b3                llc_common_enc_key_ref_comp_evt_send = 0x7f036b3
                0x07f036d1                llc_common_enc_change_evt_send = 0x7f036d1
                0x07f03749                llc_common_nb_of_pkt_comp_evt_send = 0x7f03749
                0x07f03769                llc_con_update_ind = 0x7f03769
                0x07f037c5                llc_lsto_con_update = 0x7f037c5
                0x07f037f7                llc_map_update_ind = 0x7f037f7
                0x07f03875                llc_chnl_map_req_send = 0x7f03875
                0x07f03891                llc_add_bad_chnl = 0x7f03891
                0x07f03983                llc_version_ind_pdu_send = 0x7f03983
                0x07f039c5                llc_ch_map_update_pdu_send = 0x7f039c5
                0x07f03a09                llc_pause_enc_req_pdu_send = 0x7f03a09
                0x07f03a4b                llc_pause_enc_rsp_pdu_send = 0x7f03a4b
                0x07f03aa3                llc_enc_req_pdu_send = 0x7f03aa3
                0x07f03b63                llc_enc_rsp_pdu_send = 0x7f03b63
                0x07f03bf7                llc_start_enc_rsp_pdu_send = 0x7f03bf7
                0x07f03c41                llc_reject_ind_pdu_send = 0x7f03c41
                0x07f03cab                llc_con_update_pdu_send = 0x7f03cab
                0x07f03cf5                llc_con_param_req_pdu_send = 0x7f03cf5
                0x07f03d8d                llc_con_param_rsp_pdu_send = 0x7f03d8d
                0x07f03e0f                llc_feats_req_pdu_send = 0x7f03e0f
                0x07f03e63                llc_start_enc_req_pdu_send = 0x7f03e63
                0x07f03efd                llc_terminate_ind_pdu_send = 0x7f03efd
                0x07f03f65                llc_unknown_rsp_send_pdu = 0x7f03f65
                0x07f03f8d                llc_ping_req_pdu_send = 0x7f03f8d
                0x07f03fb1                llc_ping_rsp_pdu_send = 0x7f03fb1
                0x07f03fd5                llc_feats_req_ind = 0x7f03fd5
                0x07f0402b                llc_feats_rsp_ind = 0x7f0402b
                0x07f04083                llc_vers_ind_ind = 0x7f04083
                0x07f04107                llc_terminate_ind = 0x7f04107
                0x07f04143                llc_pause_enc_req_ind = 0x7f04143
                0x07f04181                llc_pause_enc_rsp_ind = 0x7f04181
                0x07f041f5                llc_enc_req_ind = 0x7f041f5
                0x07f04299                llc_enc_rsp_ind = 0x7f04299
                0x07f04343                llc_start_enc_req_ind = 0x7f04343
                0x07f043a5                llc_start_enc_rsp_ind = 0x7f043a5
                0x07f04423                llc_cntl_rcv = 0x7f04423
                0x07f044af                llcp_con_param_req_pdu_unpk = 0x7f044af
                0x07f04527                llcp_con_param_rsp_pdu_unpk = 0x7f04527
                0x07f045b1                llc_con_update_req_ind = 0x7f045b1
                0x07f045fd                llc_ch_map_req_ind = 0x7f045fd
                0x07f04659                llc_data_rcv = 0x7f04659
                0x07f04713                llcp_channel_map_req_handler = 0x7f04713
                0x07f060d1                llc_util_get_free_conhdl = 0x7f060d1
                0x07f06101                llc_util_dicon_procedure = 0x7f06101
                0x07f06127                llc_util_gen_skdx = 0x7f06127
                0x07f06149                llc_util_update_channel_map = 0x7f06149
                0x07f0615b                llc_util_set_llcp_discard_enable = 0x7f0615b
                0x07f06173                llc_util_set_auth_payl_to_margin = 0x7f06173
                0x07f061a5                lld_init = 0x7f061a5
                0x07f062f3                lld_reset = 0x7f062f3
                0x07f06341                lld_adv_start = 0x7f06341
                0x07f06475                lld_adv_stop = 0x7f06475
                0x07f0649b                lld_scan_start = 0x7f0649b
                0x07f065ed                lld_scan_stop = 0x7f065ed
                0x07f06625                lld_con_start = 0x7f06625
                0x07f0699d                lld_move_to_master = 0x7f0699d
                0x07f06a31                lld_con_update_req = 0x7f06a31
                0x07f06aab                lld_con_update_after_param_req = 0x7f06aab
                0x07f06c91                lld_con_param_rsp = 0x7f06c91
                0x07f06d8b                lld_con_param_req = 0x7f06d8b
                0x07f06e5d                lld_con_stop = 0x7f06e5d
                0x07f06eb3                lld_get_mode = 0x7f06eb3
                0x07f06ed7                lld_move_to_slave = 0x7f06ed7
                0x07f07057                lld_ch_map_ind = 0x7f07057
                0x07f07075                lld_con_update_ind = 0x7f07075
                0x07f0708b                lld_crypt_isr = 0x7f0708b
                0x07f07095                lld_test_mode_tx_func = 0x7f07095
                0x07f0710f                lld_test_mode_rx_func = 0x7f0710f
                0x07f07193                lld_test_stop_func = 0x7f07193
                0x07f0724d                lld_data_rx_check = 0x7f0724d
                0x07f07291                lld_data_rx_flush = 0x7f07291
                0x07f072b5                lld_data_tx_check = 0x7f072b5
                0x07f07341                lld_data_tx_loop = 0x7f07341
                0x07f0736f                lld_data_tx_push = 0x7f0736f
                0x07f073d1                lld_data_tx_prog = 0x7f073d1
                0x07f074e3                lld_data_tx_flush = 0x7f074e3
                0x07f075bf                lld_evt_drift_compute = 0x7f075bf
                0x07f0769d                lld_evt_elt_delete = 0x7f0769d
                0x07f07c15                lld_evt_deffered_elt_handler = 0x7f07c15
                0x07f07cc3                lld_evt_init = 0x7f07cc3
                0x07f07d21                lld_evt_init_evt = 0x7f07d21
                0x07f07d3f                lld_evt_elt_insert = 0x7f07d3f
                0x07f07d89                lld_evt_conhdl2elt = 0x7f07d89
                0x07f07da5                lld_evt_schedule_next = 0x7f07da5
                0x07f07e59                lld_evt_schedule = 0x7f07e59
                0x07f07ee1                lld_evt_prevent_stop = 0x7f07ee1
                0x07f07ee3                lld_evt_canceled = 0x7f07ee3
                0x07f07f07                lld_evt_scan_create = 0x7f07f07
                0x07f07ff9                lld_evt_move_to_master = 0x7f07ff9
                0x07f080d1                lld_evt_update_create = 0x7f080d1
                0x07f081fb                lld_evt_ch_map_update_req = 0x7f081fb
                0x07f08213                lld_evt_move_to_slave = 0x7f08213
                0x07f08443                lld_evt_slave_update = 0x7f08443
                0x07f084d9                lld_evt_adv_create = 0x7f084d9
                0x07f0855d                lld_evt_end = 0x7f0855d
                0x07f08633                lld_evt_rx = 0x7f08633
                0x07f08663                lld_evt_timer_isr = 0x7f08663
                0x07f0866d                lld_evt_end_isr = 0x7f0866d
                0x07f086a1                lld_evt_rx_isr = 0x7f086a1
                0x07f088cd                lld_sleep_us_2_lpcycles_func = 0x7f088cd
                0x07f088eb                lld_sleep_lpcycles_2_us_func = 0x7f088eb
                0x07f0890f                lld_sleep_compensate_func = 0x7f0890f
                0x07f08941                lld_sleep_init_func = 0x7f08941
                0x07f089eb                lld_sleep_enter = 0x7f089eb
                0x07f08a2b                lld_sleep_wakeup = 0x7f08a2b
                0x07f08a45                lld_sleep_wakeup_end = 0x7f08a45
                0x07f08a69                lld_wlcoex_connection_complete = 0x7f08a69
                0x07f08a81                lld_wlcoex_remove_connection = 0x7f08a81
                0x07f08a95                lld_wlcoex_set = 0x7f08a95
                0x07f08aa9                lld_util_get_bd_address = 0x7f08aa9
                0x07f08ac9                lld_util_set_bd_address = 0x7f08ac9
                0x07f08b05                lld_util_freq2chnl = 0x7f08b05
                0x07f08b27                lld_util_get_local_offset = 0x7f08b27
                0x07f08b41                lld_util_get_peer_offset = 0x7f08b41
                0x07f08b5d                lld_util_connection_param_set = 0x7f08b5d
                0x07f08bad                llm_wl_clr = 0x7f08bad
                0x07f08bd5                llm_init = 0x7f08bd5
                0x07f08d4b                llm_common_cmd_complete_send = 0x7f08d4b
                0x07f08d63                llm_ble_ready = 0x7f08d63
                0x07f08d69                llm_con_req_ind = 0x7f08d69
                0x07f08e73                llm_adv_report_set = 0x7f08e73
                0x07f08ee7                llm_le_adv_report_ind = 0x7f08ee7
                0x07f08fb1                llm_con_req_tx_cfm = 0x7f08fb1
                0x07f0906d                llm_common_cmd_status_send = 0x7f0906d
                0x07f09085                llm_test_mode_start_tx = 0x7f09085
                0x07f0915b                llm_test_mode_start_rx = 0x7f0915b
                0x07f0919b                llm_set_adv_param = 0x7f0919b
                0x07f092cf                llm_set_adv_en = 0x7f092cf
                0x07f093dd                llm_set_adv_data = 0x7f093dd
                0x07f09475                llm_set_scan_rsp_data = 0x7f09475
                0x07f094fd                llm_set_scan_param = 0x7f094fd
                0x07f09571                llm_set_scan_en = 0x7f09571
                0x07f095f7                llm_wl_dev_add = 0x7f095f7
                0x07f09645                llm_wl_dev_rem = 0x7f09645
                0x07f09675                llm_create_con = 0x7f09675
                0x07f09805                llm_encryption_start = 0x7f09805
                0x07f09887                llm_encryption_done_func = 0x7f09887
                0x07f09929                llm_get_chnl_assess_nb_pkt = 0x7f09929
                0x07f0992f                llm_get_chnl_assess_nb_bad_pkt = 0x7f0992f
                0x07f09935                llm_get_min_rssi = 0x7f09935
                0x07f0a361                llm_util_bd_addr_in_wl = 0x7f0a361
                0x07f0a3d9                llm_util_check_address_validity = 0x7f0a3d9
                0x07f0a3e9                llm_util_check_map_validity = 0x7f0a3e9
                0x07f0a42f                llm_util_apply_bd_addr = 0x7f0a42f
                0x07f0a447                llm_util_set_public_addr = 0x7f0a447
                0x07f0a455                llm_util_check_evt_mask = 0x7f0a455
                0x07f0a477                llm_util_get_channel_map = 0x7f0a477
                0x07f0a485                llm_util_get_supp_features = 0x7f0a485
                0x07f0a491                llm_util_adv_data_update = 0x7f0a491
                0x07f0a4b5                llm_util_bl_check = 0x7f0a4b5
                0x07f0a4f7                llm_util_bl_add = 0x7f0a4f7
                0x07f0a54d                llm_util_bl_rem = 0x7f0a54d
                0x07f0a5ad                ea_time_get_slot_rounded = 0x7f0a5ad
                0x07f0a671                ea_init = 0x7f0a671
                0x07f0a6c5                ea_elt_create = 0x7f0a6c5
                0x07f0a6df                ea_time_get_halfslot_rounded = 0x7f0a6df
                0x07f0a709                ea_elt_insert = 0x7f0a709
                0x07f0a93f                ea_elt_remove = 0x7f0a93f
                0x07f0a9c9                ea_elt_delete = 0x7f0a9c9
                0x07f0a9e3                ea_interval_create = 0x7f0a9e3
                0x07f0a9f9                ea_interval_insert = 0x7f0a9f9
                0x07f0aa05                ea_interval_delete = 0x7f0aa05
                0x07f0aa1d                ea_finetimer_isr = 0x7f0aa1d
                0x07f0aaf1                ea_sw_isr = 0x7f0aaf1
                0x07f0ab11                ea_offset_req = 0x7f0ab11
                0x07f0accd                ea_sleep_check = 0x7f0accd
                0x07f0ad23                ea_interval_duration_req = 0x7f0ad23
                0x07f0ae43                flash_identify = 0x7f0ae43
                0x07f0ae91                flash_init = 0x7f0ae91
                0x07f0aecd                flash_erase = 0x7f0aecd
                0x07f0af31                flash_write = 0x7f0af31
                0x07f0af95                flash_read = 0x7f0af95
                0x07f0b023                uart_init_func = 0x7f0b023
                0x07f0b06d                uart_flow_on_func = 0x7f0b06d
                0x07f0b075                uart_flow_off_func = 0x7f0b075
                0x07f0b0c5                uart_finish_transfers_func = 0x7f0b0c5
                0x07f0b0dd                uart_read_func = 0x7f0b0dd
                0x07f0b0f3                uart_write_func = 0x7f0b0f3
                0x07f0b115                UART_Handler_func = 0x7f0b115
                0x07f0b167                uart_set_flow_off_retries_limit = 0x7f0b167
                0x07f0b1c1                gtl_init_func = 0x7f0b1c1
                0x07f0b1e9                gtl_enter_sleep = 0x7f0b1e9
                0x07f0b213                gtl_exit_sleep = 0x7f0b213
                0x07f0b21b                gtl_send_msg = 0x7f0b21b
                0x07f0b2a1                gtl_eif_read_start_func = 0x7f0b2a1
                0x07f0b2c1                gtl_eif_read_hdr_func = 0x7f0b2c1
                0x07f0b2e1                gtl_eif_read_payl_func = 0x7f0b2e1
                0x07f0b31f                gtl_eif_tx_done_func = 0x7f0b31f
                0x07f0b32f                gtl_eif_rx_done_func = 0x7f0b32f
                0x07f0b461                gtl_eif_init_func = 0x7f0b461
                0x07f0b47b                gtl_eif_write = 0x7f0b47b
                0x07f0b49d                gtl_eif_start = 0x7f0b49d
                0x07f0b4a7                gtl_eif_stop = 0x7f0b4a7
                0x07f0b4c3                gtl_env_curr_msg_type_set = 0x7f0b4c3
                0x07f0b7a5                hci_tl_send = 0x7f0b7a5
                0x07f0b7ed                hci_tl_init = 0x7f0b7ed
                0x07f0b811                hci_cmd_get_max_param_size = 0x7f0b811
                0x07f0b85b                hci_cmd_received = 0x7f0b85b
                0x07f0b997                hci_acl_tx_data_alloc = 0x7f0b997
                0x07f0b9f9                hci_acl_tx_data_received = 0x7f0b9f9
                0x07f0ba3d                hci_acl_rx_data_alloc = 0x7f0ba3d
                0x07f0ba49                hci_acl_rx_data_received = 0x7f0ba49
                0x07f0ba7f                hci_evt_received = 0x7f0ba7f
                0x07f0bc2b                hci_tl_env_tx_queue_cnt_get = 0x7f0bc2b
                0x07f0bd43                hci_util_pack = 0x7f0bd43
                0x07f0be43                hci_util_unpack = 0x7f0be43
                0x07f0c319                hci_look_for_cmd_desc = 0x7f0c319
                0x07f0c365                hci_look_for_evt_desc = 0x7f0c365
                0x07f0c389                hci_look_for_le_evt_desc = 0x7f0c389
                0x07f0c3b1                hci_evt_mask_set = 0x7f0c3b1
                0x07f0c3f9                hci_init = 0x7f0c3f9
                0x07f0c42d                hci_send_2_host = 0x7f0c42d
                0x07f0c503                hci_send_2_controller = 0x7f0c503
                0x07f0c5dd                h4tl_read_start_func = 0x7f0c5dd
                0x07f0c5fb                h4tl_read_hdr_func = 0x7f0c5fb
                0x07f0c617                h4tl_read_payl_func = 0x7f0c617
                0x07f0c631                h4tl_read_next_out_of_sync_func = 0x7f0c631
                0x07f0c645                h4tl_out_of_sync_func = 0x7f0c645
                0x07f0c66b                h4tl_out_of_sync_check = 0x7f0c66b
                0x07f0c6c7                h4tl_tx_done_func = 0x7f0c6c7
                0x07f0c6db                h4tl_rx_done_func = 0x7f0c6db
                0x07f0c7ff                h4tl_init_func = 0x7f0c7ff
                0x07f0c81b                h4tl_write = 0x7f0c81b
                0x07f0c843                h4tl_start = 0x7f0c843
                0x07f0c84b                h4tl_stop = 0x7f0c84b
                0x07f0c85f                h4tl_env_rx_type_set = 0x7f0c85f
                0x07f0c86b                h4tl_env_hdr_set = 0x7f0c86b
                0x07f0c8a9                attc_send_att_req = 0x7f0c8a9
                0x07f0c8e5                attc_allocate_att_req = 0x7f0c8e5
                0x07f0c907                attc_send_hdl_cfm = 0x7f0c907
                0x07f0c91d                attc_send_execute = 0x7f0c91d
                0x07f0c937                attc_send_read_ind = 0x7f0c937
                0x07f0d27f                attc_l2cc_pdu_recv_handler_func = 0x7f0d27f
                0x07f0d2d9                attm_convert_to128 = 0x7f0d2d9
                0x07f0d309                attm_uuid_comp = 0x7f0d309
                0x07f0d361                attm_uuid16_comp = 0x7f0d361
                0x07f0d36d                attm_is_bt16_uuid = 0x7f0d36d
                0x07f0d393                attm_is_bt32_uuid = 0x7f0d393
                0x07f0d767                attmdb_add_service = 0x7f0d767
                0x07f0d7ed                attmdb_destroy = 0x7f0d7ed
                0x07f0d807                attmdb_get_service = 0x7f0d807
                0x07f0d845                attmdb_get_attribute = 0x7f0d845
                0x07f0d879                attmdb_get_next_att = 0x7f0d879
                0x07f0d8dd                attmdb_uuid16_comp = 0x7f0d8dd
                0x07f0d917                attmdb_att_set_value = 0x7f0d917
                0x07f0d9c3                attmdb_get_max_len = 0x7f0d9c3
                0x07f0da29                attmdb_get_uuid = 0x7f0da29
                0x07f0dafd                attmdb_get_value = 0x7f0dafd
                0x07f0dc4f                attmdb_att_set_permission = 0x7f0dc4f
                0x07f0dcbf                attmdb_att_update_perm = 0x7f0dcbf
                0x07f0dd2d                attmdb_svc_get_permission = 0x7f0dd2d
                0x07f0dd4b                attmdb_att_get_permission = 0x7f0dd4b
                0x07f0de41                attmdb_svc_set_permission = 0x7f0de41
                0x07f0de65                attmdb_init = 0x7f0de65
                0x07f0de7b                attmdb_get_nb_svc = 0x7f0de7b
                0x07f0de8f                attmdb_get_svc_info = 0x7f0de8f
                0x07f0dec3                attm_svc_create_db = 0x7f0dec3
                0x07f0dfab                attmdb_reserve_handle_range = 0x7f0dfab
                0x07f0e14b                atts_clear_read_cache = 0x7f0e14b
                0x07f0e29f                atts_send_error = 0x7f0e29f
                0x07f0e2bb                atts_write_signed_cfm = 0x7f0e2bb
                0x07f0e2fb                atts_send_event = 0x7f0e2fb
                0x07f0e383                atts_clear_prep_data = 0x7f0e383
                0x07f0e3a7                atts_clear_rsp_data = 0x7f0e3a7
                0x07f0e3f7                atts_write_rsp_send = 0x7f0e3f7
                0x07f0f017                atts_l2cc_pdu_recv_handler_func = 0x7f0f017
                0x07f0f27b                gattc_cleanup = 0x7f0f27b
                0x07f0f2ff                gattc_init = 0x7f0f2ff
                0x07f0f331                gattc_update_state = 0x7f0f331
                0x07f0f355                gattc_create = 0x7f0f355
                0x07f0f3c3                gattc_con_enable = 0x7f0f3c3
                0x07f0f3c9                gattc_get_mtu = 0x7f0f3c9
                0x07f0f3d5                gattc_set_mtu = 0x7f0f3d5
                0x07f0f41b                gattc_get_requester = 0x7f0f41b
                0x07f0f437                gattc_send_complete_evt = 0x7f0f437